HI-TECH Software C Compiler 

Linker command line:

--edf=C:\Program Files (x86)\HI-TECH Software\PICC\PRO\9.65\dat\en_msgs.txt \
  -cs -h+ADC.sym -z -Q16F877A -ol.obj -MADC.map -E1 -ACODE=00h-07FFhx4 \
  -ACONST=00h-0FFhx32 -AENTRY=00h-0FFhx32 -ASTRING=00h-0FFhx32 \
  -ARAM=020h-06Fh,0A0h-0EFh,0110h-016Fh,0190h-01EFh \
  -AABS1=020h-07Fh,0A0h-0EFh,0110h-016Fh,0190h-01EFh -ABANK0=020h-07Fh \
  -ABANK1=0A0h-0EFh -ABANK2=0110h-016Fh -ABANK3=0190h-01EFh \
  -ACOMMON=070h-07Fh \
  -preset_vec=00h,intentry,intcode,intret,init,init23,end_init,clrtext,maintext,pstrings \
  -pstrings=CODE -ppowerup=CODE -ptemp=-COMMON -pcommon=-COMMON \
  -prbss_0=BANK0,rbit_0=BANK0,rdata_0=BANK0,idata_0=CODE -pnvram=BANK0 \
  -prbss_1=BANK1,rbit_1=BANK1,rdata_1=BANK1,idata_1=CODE \
  -pnvram_1=BANK1,nvbit_1=BANK1 \
  -prbss_2=BANK2,rbit_2=BANK2,rdata_2=BANK2,idata_2=CODE \
  -pnvram_2=BANK2,nvbit_2=BANK2 \
  -prbss_3=BANK3,rbit_3=BANK3,rdata_3=BANK3,idata_3=CODE \
  -pnvram_3=BANK3,nvbit_3=BANK3 -pidata=CODE -pfnautoc=COMMON \
  -pfnauto0=BANK0 -pfnauto1=BANK1 -pfnauto2=BANK2 -pfnauto3=BANK3 \
  -ACONFIG=02007h-02007h -pconfig=CONFIG -DCONFIG=2 -AIDLOC=02000h-02003h \
  -pidloc=IDLOC -DIDLOC=2 -AEEDATA=00h-0FFh/02100h -peeprom_data=EEDATA \
  -DEEDATA=2 -pfloat_text0=CODE,float_text1=CODE,float_text2=CODE \
  -pfloat_text3=CODE,float_text4=CODE -DCODE=2 startup.obj ADC.obj 

Object code version is 3.10

Machine type is 16F877A

Call graph: (short form)




                Name          Link     Load   Length Selector   Space       Scale
startup.obj     end_init        15       15        3       0     0
                init             0        0       15       0     0
ADC.obj         idata          723      723        6       E     0
                strings        700      700       23       E     0
                maintext        18       18       E0       0     0
                config        2007     2007        1    400E     0
                text212        E40      E40        B    1C80     0
                text211        193      193       5B     326     0
                text214        729      729       C6       E     0
                text213        E4B      E4B        B    1C96     0
                text208        484      484      11E     908     0
                text207        E56      E56        B    1CAC     0
                text210        261      261       74     4C2     0
                text209        E61      E61       13    1CC2     0
                text216        F4C      F4C       2C    1E98     0
                text215        139      139       5A     272     0
                text218        E74      E74       19    1CE8     0
                text217        7EF      7EF        E       E     0
                text206        FB0      FB0       50    1F60     0
                text195        F78      F78       38    1EF0     0
                text194        ECD      ECD       2A    1D9A     0
                text197         FB       FB        6     1F6     0
                text196        5A2      5A2      15E     B44     0
                text193        EF7      EF7       2A    1DEE     0
                text203        F21      F21       2B    1E42     0
                text202        1EE      1EE       73     3DC     0
                text205        101      101       38     202     0
                text204        E8D      E8D       1D    1D1A     0
                text199        2D5      2D5       7D     5AA     0
                text198        352      352       8F     6A4     0
                text201        EAA      EAA       23    1D54     0
                text200        3E1      3E1       A3     7C2     0

COMMON          fnauto0         20       20       38      20     1

TOTAL           Name          Link     Load   Length     Space
        CLASS   CODE           
                idata          723      723        6     0
                strings        700      700       23     0
                end_init        15       15        3     0
                init             0        0       15     0
                maintext        18       18       E0     0
                text212        E40      E40        B     0
                text211        193      193       5B     0
                text214        729      729       C6     0
                text213        E4B      E4B        B     0
                text208        484      484      11E     0
                text207        E56      E56        B     0
                text210        261      261       74     0
                text209        E61      E61       13     0
                text216        F4C      F4C       2C     0
                text215        139      139       5A     0
                text218        E74      E74       19     0
                text217        7EF      7EF        E     0
                text206        FB0      FB0       50     0
                text195        F78      F78       38     0
                text194        ECD      ECD       2A     0
                text197         FB       FB        6     0
                text196        5A2      5A2      15E     0
                text193        EF7      EF7       2A     0
                text203        F21      F21       2B     0
                text202        1EE      1EE       73     0
                text205        101      101       38     0
                text204        E8D      E8D       1D     0
                text199        2D5      2D5       7D     0
                text198        352      352       8F     0
                text201        EAA      EAA       23     0
                text200        3E1      3E1       A3     0

        CLASS   CONST          

        CLASS   ENTRY          

        CLASS   STRING         

        CLASS   RAM            

        CLASS   ABS1           
                abs_s1          78       78        8     1

        CLASS   BANK0          
                fnauto0         20       20       38     1

        CLASS   BANK1          

        CLASS   BANK2          

        CLASS   BANK3          

        CLASS   COMMON         

        CLASS   CONFIG         
                config        2007     2007        1     0

        CLASS   IDLOC          

        CLASS   EEDATA         



SEGMENTS        Name            Load    Length   Top    Selector    Space      Class      Delta

                reset_vec       000000  0000F8  0000F8         0       0  CODE        2
                fnauto0         000020  000038  000058        20       1  BANK0       1
                text197         0000FB  000006  000101       1F6       0  CODE        2
                text205         000101  000038  000139       202       0  CODE        2
                text215         000139  00005A  000193       272       0  CODE        2
                text211         000193  00005B  0001EE       326       0  CODE        2
                text202         0001EE  000073  000261       3DC       0  CODE        2
                text210         000261  000074  0002D5       4C2       0  CODE        2
                text199         0002D5  00007D  000352       5AA       0  CODE        2
                text198         000352  00008F  0003E1       6A4       0  CODE        2
                text200         0003E1  0000A3  000484       7C2       0  CODE        2
                text208         000484  00011E  0005A2       908       0  CODE        2
                text196         0005A2  00015E  000700       B44       0  CODE        2
                strings         000700  0000FD  0007FD         E       0  CODE        2
                text212         000E40  00000B  000E4B      1C80       0  CODE        2
                text213         000E4B  00000B  000E56      1C96       0  CODE        2
                text207         000E56  00000B  000E61      1CAC       0  CODE        2
                text209         000E61  000013  000E74      1CC2       0  CODE        2
                text218         000E74  000019  000E8D      1CE8       0  CODE        2
                text204         000E8D  00001D  000EAA      1D1A       0  CODE        2
                text201         000EAA  000023  000ECD      1D54       0  CODE        2
                text194         000ECD  00002A  000EF7      1D9A       0  CODE        2
                text193         000EF7  00002A  000F21      1DEE       0  CODE        2
                text203         000F21  00002B  000F4C      1E42       0  CODE        2
                text216         000F4C  00002C  000F78      1E98       0  CODE        2
                text195         000F78  000038  000FB0      1EF0       0  CODE        2
                text206         000FB0  000050  001000      1F60       0  CODE        2
                config          002007  000001  002008      400E       0  CONFIG      2


UNUSED ADDRESS RANGES

        BANK0            00000058-00000077         1
        BANK1            000000A0-000000EF         1
        BANK2            00000110-0000016F         1
        BANK3            00000190-000001EF         1
        CODE             000000F8-000000FA         2
                         000007FD-00000E3F
                         00001000-00001FFF
        COMMON           00000070-00000077         1
        CONST            000001F0-000001F5         1
                         00000FFA-00001C7F
        EEDATA           00002100-000021FF         2
        ENTRY            000001F0-000001F5         1
                         00000FFA-00001C7F
        IDLOC            00002000-00002003         2
        STRING           000001F0-000001F5         1
                         00000FFA-00001C7F

                                  Symbol Table

??_Delay                        fnauto0     0000004E
??_LCDDisplayInitializing       fnauto0     00000030
??_LCDEnable                    fnauto0     0000004C
??_LCDInitialize                fnauto0     00000030
??_LCDReset                     fnauto0     00000031
??_LCDWriteByte                 fnauto0     0000004A
??_LCDWriteCommand              fnauto0     0000003F
??_LCDWriteData                 fnauto0     00000049
??_LCDWriteFloat                fnauto0     00000033
??_LCDWriteInteger              fnauto0     00000041
??_LCDWriteString               fnauto0     0000003F
??_MainSystemInitialize         fnauto0     00000030
??___awdiv                      fnauto0     0000004D
??___awmod                      fnauto0     0000004D
??___awtoft                     fnauto0     00000042
??___ftadd                      fnauto0     0000004B
??___ftdiv                      fnauto0     00000036
??___ftge                       fnauto0     00000045
??___ftmul                      fnauto0     00000045
??___ftneg                      fnauto0     0000004B
??___ftpack                     fnauto0     00000052
??___ftsub                      fnauto0     00000045
??___fttol                      fnauto0     00000043
??___ftunpack                   fnauto0     00000052
??___lwtoft                     fnauto0     00000033
??___wmul                       fnauto0     00000034
??_main                         fnauto0     00000020
?_Delay                         fnauto0     0000004C
?_LCDDisplayInitializing        fnauto0     00000030
?_LCDEnable                     fnauto0     0000004C
?_LCDInitialize                 fnauto0     00000030
?_LCDReset                      fnauto0     00000031
?_LCDWriteByte                  fnauto0     0000004A
?_LCDWriteCommand               fnauto0     0000003F
?_LCDWriteData                  fnauto0     00000049
?_LCDWriteFloat                 fnauto0     00000030
?_LCDWriteInteger               fnauto0     0000003F
?_LCDWriteString                fnauto0     0000003F
?_MainSystemInitialize          fnauto0     00000030
?___awdiv                       fnauto0     00000049
?___awmod                       fnauto0     00000049
?___awtoft                      fnauto0     0000003F
?___ftadd                       fnauto0     00000045
?___ftdiv                       fnauto0     00000030
?___ftge                        fnauto0     0000003F
?___ftmul                       fnauto0     0000003F
?___ftneg                       fnauto0     00000048
?___ftpack                      fnauto0     00000051
?___ftsub                       fnauto0     0000003F
?___fttol                       fnauto0     0000003F
?___ftunpack                    fnauto0     00000051
?___lwtoft                      fnauto0     00000030
?___wmul                        fnauto0     00000030
?_main                          fnauto0     00000020
_ACKDT                          (abs)       0000048D
_ACKEN                          (abs)       0000048C
_ACKSTAT                        (abs)       0000048E
_ADCON0                         (abs)       0000001F
_ADCON1                         (abs)       0000009F
_ADCS0                          (abs)       000000FE
_ADCS1                          (abs)       000000FF
_ADCS2                          (abs)       000004FE
_ADDEN                          (abs)       000000C3
_ADFM                           (abs)       000004FF
_ADGO                           (abs)       000000FA
_ADIE                           (abs)       00000466
_ADIF                           (abs)       00000066
_ADON                           (abs)       000000F8
_ADRESH                         (abs)       0000001E
_ADRESL                         (abs)       0000009E
_BCLIE                          (abs)       0000046B
_BCLIF                          (abs)       0000006B
_BF                             (abs)       000004A0
_BOR                            (abs)       00000470
_BRGH                           (abs)       000004C2
_C1INV                          (abs)       000004E4
_C1OUT                          (abs)       000004E6
_C2INV                          (abs)       000004E5
_C2OUT                          (abs)       000004E7
_CARRY                          (abs)       00000018
_CCP1CON                        (abs)       00000017
_CCP1IE                         (abs)       00000462
_CCP1IF                         (abs)       00000062
_CCP1M0                         (abs)       000000B8
_CCP1M1                         (abs)       000000B9
_CCP1M2                         (abs)       000000BA
_CCP1M3                         (abs)       000000BB
_CCP1X                          (abs)       000000BD
_CCP1Y                          (abs)       000000BC
_CCP2CON                        (abs)       0000001D
_CCP2IE                         (abs)       00000468
_CCP2IF                         (abs)       00000068
_CCP2M0                         (abs)       000000E8
_CCP2M1                         (abs)       000000E9
_CCP2M2                         (abs)       000000EA
_CCP2M3                         (abs)       000000EB
_CCP2X                          (abs)       000000ED
_CCP2Y                          (abs)       000000EC
_CCPR1H                         (abs)       00000016
_CCPR1L                         (abs)       00000015
_CCPR2H                         (abs)       0000001C
_CCPR2L                         (abs)       0000001B
_CHS0                           (abs)       000000FB
_CHS1                           (abs)       000000FC
_CHS2                           (abs)       000000FD
_CIS                            (abs)       000004E3
_CKE                            (abs)       000004A6
_CKP                            (abs)       000000A4
_CM0                            (abs)       000004E0
_CM1                            (abs)       000004E1
_CM2                            (abs)       000004E2
_CMCON                          (abs)       0000009C
_CMIE                           (abs)       0000046E
_CMIF                           (abs)       0000006E
_CREN                           (abs)       000000C4
_CSRC                           (abs)       000004C7
_CVR0                           (abs)       000004E8
_CVR1                           (abs)       000004E9
_CVR2                           (abs)       000004EA
_CVR3                           (abs)       000004EB
_CVRCON                         (abs)       0000009D
_CVREN                          (abs)       000004EF
_CVROE                          (abs)       000004EE
_CVRR                           (abs)       000004ED
_DA                             (abs)       000004A5
_DC                             (abs)       00000019
_Delay                          text218     00000E74
_Delay_pause                    fnauto0     0000004E
_Delay_time                     fnauto0     0000004C
_EEADR                          (abs)       0000010D
_EEADRH                         (abs)       0000010F
_EEADRL                         (abs)       0000010D
_EECON1                         (abs)       0000018C
_EECON2                         (abs)       0000018D
_EEDATA                         (abs)       0000010C
_EEDATH                         (abs)       0000010E
_EEIE                           (abs)       0000046C
_EEIF                           (abs)       0000006C
_EEPGD                          (abs)       00000C67
_FERR                           (abs)       000000C2
_FSR                            (abs)       00000004
_GCEN                           (abs)       0000048F
_GIE                            (abs)       0000005F
_GODONE                         (abs)       000000FA
_IBF                            (abs)       0000044F
_IBOV                           (abs)       0000044D
_INDF                           (abs)       00000000
_INTCON                         (abs)       0000000B
_INTE                           (abs)       0000005C
_INTEDG                         (abs)       0000040E
_INTF                           (abs)       00000059
_IRP                            (abs)       0000001F
_LCDDisplayInitializing         text195     00000F78
_LCDDisplayInitializing_i       fnauto0     00000030
_LCDEnable                      text217     000007EF
_LCDInitialize                  text203     00000F21
_LCDReset                       text209     00000E61
_LCDWriteByte                   text216     00000F4C
_LCDWriteByte_LCDData           fnauto0     0000004A
_LCDWriteCommand                text213     00000E4B
_LCDWriteCommand_LCDData        fnauto0     0000003F
_LCDWriteData                   text212     00000E40
_LCDWriteData_LCDData           fnauto0     00000049
_LCDWriteFloat                  text196     000005A2
_LCDWriteFloat_FloatNumber      fnauto0     00000030
_LCDWriteFloat_Temp             fnauto0     00000034
_LCDWriteFloat_c                fnauto0     00000038
_LCDWriteFloat_i                fnauto0     00000033
_LCDWriteFloat_n                fnauto0     00000036
_LCDWriteInteger                text199     000002D5
_LCDWriteInteger_IntegerNumber  fnauto0     0000003F
_LCDWriteInteger_c              fnauto0     00000042
_LCDWriteInteger_i              fnauto0     00000041
_LCDWriteString                 text201     00000EAA
_LCDWriteString_lcd_string      fnauto0     0000003F
_MainSystemInitialize           text197     000000FB
_OBF                            (abs)       0000044E
_OERR                           (abs)       000000C1
_OPTION                         (abs)       00000081
_PCFG0                          (abs)       000004F8
_PCFG1                          (abs)       000004F9
_PCFG2                          (abs)       000004FA
_PCFG3                          (abs)       000004FB
_PCL                            (abs)       00000002
_PCLATH                         (abs)       0000000A
_PCON                           (abs)       0000008E
_PD                             (abs)       0000001B
_PEIE                           (abs)       0000005E
_PEN                            (abs)       0000048A
_PIE1                           (abs)       0000008C
_PIE2                           (abs)       0000008D
_PIR1                           (abs)       0000000C
_PIR2                           (abs)       0000000D
_POR                            (abs)       00000471
_PORTA                          (abs)       00000005
_PORTB                          (abs)       00000006
_PORTC                          (abs)       00000007
_PORTD                          (abs)       00000008
_PORTE                          (abs)       00000009
_PR2                            (abs)       00000092
_PS0                            (abs)       00000408
_PS1                            (abs)       00000409
_PS2                            (abs)       0000040A
_PSA                            (abs)       0000040B
_PSPIE                          (abs)       00000467
_PSPIF                          (abs)       00000067
_PSPMODE                        (abs)       0000044C
_RA0                            (abs)       00000028
_RA1                            (abs)       00000029
_RA2                            (abs)       0000002A
_RA3                            (abs)       0000002B
_RA4                            (abs)       0000002C
_RA5                            (abs)       0000002D
_RB0                            (abs)       00000030
_RB1                            (abs)       00000031
_RB2                            (abs)       00000032
_RB3                            (abs)       00000033
_RB4                            (abs)       00000034
_RB5                            (abs)       00000035
_RB6                            (abs)       00000036
_RB7                            (abs)       00000037
_RBIE                           (abs)       0000005B
_RBIF                           (abs)       00000058
_RBPU                           (abs)       0000040F
_RC0                            (abs)       00000038
_RC1                            (abs)       00000039
_RC2                            (abs)       0000003A
_RC3                            (abs)       0000003B
_RC4                            (abs)       0000003C
_RC5                            (abs)       0000003D
_RC6                            (abs)       0000003E
_RC7                            (abs)       0000003F
_RCEN                           (abs)       0000048B
_RCIE                           (abs)       00000465
_RCIF                           (abs)       00000065
_RCREG                          (abs)       0000001A
_RCSTA                          (abs)       00000018
_RD                             (abs)       00000C60
_RD0                            (abs)       00000040
_RD1                            (abs)       00000041
_RD2                            (abs)       00000042
_RD3                            (abs)       00000043
_RD4                            (abs)       00000044
_RD5                            (abs)       00000045
_RD6                            (abs)       00000046
_RD7                            (abs)       00000047
_RE0                            (abs)       00000048
_RE1                            (abs)       00000049
_RE2                            (abs)       0000004A
_RP0                            (abs)       0000001D
_RP1                            (abs)       0000001E
_RSEN                           (abs)       00000489
_RW                             (abs)       000004A2
_RX9                            (abs)       000000C6
_RX9D                           (abs)       000000C0
_SEN                            (abs)       00000488
_SMP                            (abs)       000004A7
_SPBRG                          (abs)       00000099
_SPEN                           (abs)       000000C7
_SREN                           (abs)       000000C5
_SSPADD                         (abs)       00000093
_SSPBUF                         (abs)       00000013
_SSPCON                         (abs)       00000014
_SSPCON2                        (abs)       00000091
_SSPEN                          (abs)       000000A5
_SSPIE                          (abs)       00000463
_SSPIF                          (abs)       00000063
_SSPM0                          (abs)       000000A0
_SSPM1                          (abs)       000000A1
_SSPM2                          (abs)       000000A2
_SSPM3                          (abs)       000000A3
_SSPOV                          (abs)       000000A6
_SSPSTAT                        (abs)       00000094
_START                          (abs)       000004A3
_STATUS                         (abs)       00000003
_STOP                           (abs)       000004A4
_SYNC                           (abs)       000004C4
_T0CS                           (abs)       0000040D
_T0IE                           (abs)       0000005D
_T0IF                           (abs)       0000005A
_T0SE                           (abs)       0000040C
_T1CKPS0                        (abs)       00000084
_T1CKPS1                        (abs)       00000085
_T1CON                          (abs)       00000010
_T1OSCEN                        (abs)       00000083
_T1SYNC                         (abs)       00000082
_T2CKPS0                        (abs)       00000090
_T2CKPS1                        (abs)       00000091
_T2CON                          (abs)       00000012
_TMR0                           (abs)       00000001
_TMR0IE                         (abs)       0000005D
_TMR0IF                         (abs)       0000005A
_TMR1CS                         (abs)       00000081
_TMR1H                          (abs)       0000000F
_TMR1IE                         (abs)       00000460
_TMR1IF                         (abs)       00000060
_TMR1L                          (abs)       0000000E
_TMR1ON                         (abs)       00000080
_TMR2                           (abs)       00000011
_TMR2IE                         (abs)       00000461
_TMR2IF                         (abs)       00000061
_TMR2ON                         (abs)       00000092
_TO                             (abs)       0000001C
_TOUTPS0                        (abs)       00000093
_TOUTPS1                        (abs)       00000094
_TOUTPS2                        (abs)       00000095
_TOUTPS3                        (abs)       00000096
_TRISA                          (abs)       00000085
_TRISA0                         (abs)       00000428
_TRISA1                         (abs)       00000429
_TRISA2                         (abs)       0000042A
_TRISA3                         (abs)       0000042B
_TRISA4                         (abs)       0000042C
_TRISA5                         (abs)       0000042D
_TRISB                          (abs)       00000086
_TRISB0                         (abs)       00000430
_TRISB1                         (abs)       00000431
_TRISB2                         (abs)       00000432
_TRISB3                         (abs)       00000433
_TRISB4                         (abs)       00000434
_TRISB5                         (abs)       00000435
_TRISB6                         (abs)       00000436
_TRISB7                         (abs)       00000437
_TRISC                          (abs)       00000087
_TRISC0                         (abs)       00000438
_TRISC1                         (abs)       00000439
_TRISC2                         (abs)       0000043A
_TRISC3                         (abs)       0000043B
_TRISC4                         (abs)       0000043C
_TRISC5                         (abs)       0000043D
_TRISC6                         (abs)       0000043E
_TRISC7                         (abs)       0000043F
_TRISD                          (abs)       00000088
_TRISD0                         (abs)       00000440
_TRISD1                         (abs)       00000441
_TRISD2                         (abs)       00000442
_TRISD3                         (abs)       00000443
_TRISD4                         (abs)       00000444
_TRISD5                         (abs)       00000445
_TRISD6                         (abs)       00000446
_TRISD7                         (abs)       00000447
_TRISE                          (abs)       00000089
_TRISE0                         (abs)       00000448
_TRISE1                         (abs)       00000449
_TRISE2                         (abs)       0000044A
_TRMT                           (abs)       000004C1
_TX9                            (abs)       000004C6
_TX9D                           (abs)       000004C0
_TXEN                           (abs)       000004C5
_TXIE                           (abs)       00000464
_TXIF                           (abs)       00000064
_TXREG                          (abs)       00000019
_TXSTA                          (abs)       00000098
_UA                             (abs)       000004A1
_WCOL                           (abs)       000000A7
_WR                             (abs)       00000C61
_WREN                           (abs)       00000C62
_WRERR                          (abs)       00000C63
_ZERO                           (abs)       0000001A
__Beeprom_data                  eeprom_data 00002100
__Bnvbit_0                      nvbit_0     00000E52
__Bnvbit_1                      nvbit_1     000000A0
__Bnvbit_2                      nvbit_2     00000110
__Bnvbit_3                      nvbit_3     00000190
__Bptbit_0                      ptbit_0     00000E52
__Brbit_0                       rbit_0      0000007E
__Brbit_1                       rbit_1      000000A0
__Brbit_2                       rbit_2      00000110
__Brbit_3                       rbit_3      00000190
__Hclrtext                      clrtext     00000018
__Hcode                         code        00000E52
__Hcommon                       common      0000007E
__Hconfig                       config      00002008
__Heeprom_data                  eeprom_data 00000000
__Hend_init                     end_init    00000018
__Hfloat_text0                  float_text0 00000729
__Hfloat_text1                  float_text1 00000729
__Hfloat_text2                  float_text2 00000729
__Hfloat_text3                  float_text3 00000729
__Hfloat_text4                  float_text4 00000729
__Hfnauto0                      fnauto0     00000058
__Hfnauto1                      fnauto1     000000A0
__Hfnauto2                      fnauto2     00000110
__Hfnauto3                      fnauto3     00000190
__Hfnautoc                      fnautoc     0000007E
__Hidata                        idata       00000729
__Hidata_0                      idata_0     00000723
__Hidata_1                      idata_1     00000723
__Hidata_2                      idata_2     00000723
__Hidata_3                      idata_3     00000723
__Hidloc                        idloc       00002000
__Hinit                         init        00000015
__Hinit23                       init23      00000015
__Hintcode                      intcode     00000000
__Hintentry                     intentry    00000000
__Hintret                       intret      00000000
__Hintsave                      intsave     00000E52
__Hintsave_1                    intsave_1   00000E52
__Hintsave_2                    intsave_2   00000E52
__Hintsave_3                    intsave_3   00000E52
__Hmaintext                     maintext    000000F8
__Hnvbit_0                      nvbit_0     00007290
__Hnvbit_1                      nvbit_1     00000500
__Hnvbit_2                      nvbit_2     00000880
__Hnvbit_3                      nvbit_3     00000C80
__Hnvram                        nvram       0000007E
__Hnvram_1                      nvram_1     000000A0
__Hnvram_2                      nvram_2     00000110
__Hnvram_3                      nvram_3     00000190
__Hpowerup                      powerup     00000723
__Hpstrings                     pstrings    000000F8
__Hptbit_0                      ptbit_0     00007290
__Hramdata                      (abs)       0000007E
__Hrbit_0                       rbit_0      000003F0
__Hrbit_1                       rbit_1      00000500
__Hrbit_2                       rbit_2      00000880
__Hrbit_3                       rbit_3      00000C80
__Hrbss_0                       rbss_0      0000007E
__Hrbss_1                       rbss_1      000000A0
__Hrbss_2                       rbss_2      00000110
__Hrbss_3                       rbss_3      00000190
__Hrdata_0                      (abs)       0000007E
__Hrdata_1                      rdata_1     000000A0
__Hrdata_2                      rdata_2     00000110
__Hrdata_3                      rdata_3     00000190
__Hreset_vec                    reset_vec   00000000
__Hstrings                      strings     00000723
__Hstruct                       struct      0000007E
__Htemp                         temp        0000007E
__Htext                         text        00000E52
__Lclrtext                      clrtext     00000018
__Lcode                         code        00000E52
__Lcommon                       common      0000007E
__Lconfig                       config      00002007
__Leeprom_data                  eeprom_data 00000000
__Lend_init                     end_init    00000015
__Lfloat_text0                  float_text0 00000729
__Lfloat_text1                  float_text1 00000729
__Lfloat_text2                  float_text2 00000729
__Lfloat_text3                  float_text3 00000729
__Lfloat_text4                  float_text4 00000729
__Lfnauto0                      fnauto0     00000020
__Lfnauto1                      fnauto1     000000A0
__Lfnauto2                      fnauto2     00000110
__Lfnauto3                      fnauto3     00000190
__Lfnautoc                      fnautoc     0000007E
__Lidata                        idata       00000723
__Lidata_0                      idata_0     00000723
__Lidata_1                      idata_1     00000723
__Lidata_2                      idata_2     00000723
__Lidata_3                      idata_3     00000723
__Lidloc                        idloc       00002000
__Linit                         init        00000000
__Linit23                       init23      00000015
__Lintcode                      intcode     00000000
__Lintentry                     intentry    00000000
__Lintret                       intret      00000000
__Lintsave                      intsave     00000E52
__Lintsave_1                    intsave_1   00000E52
__Lintsave_2                    intsave_2   00000E52
__Lintsave_3                    intsave_3   00000E52
__Lmaintext                     maintext    00000018
__Lnvbit_0                      nvbit_0     00007290
__Lnvbit_1                      nvbit_1     00000500
__Lnvbit_2                      nvbit_2     00000880
__Lnvbit_3                      nvbit_3     00000C80
__Lnvram                        nvram       0000007E
__Lnvram_1                      nvram_1     000000A0
__Lnvram_2                      nvram_2     00000110
__Lnvram_3                      nvram_3     00000190
__Lpowerup                      powerup     00000723
__Lpstrings                     pstrings    000000F8
__Lptbit_0                      ptbit_0     00007290
__Lramdata                      (abs)       00000078
__Lrbit_0                       rbit_0      000003F0
__Lrbit_1                       rbit_1      00000500
__Lrbit_2                       rbit_2      00000880
__Lrbit_3                       rbit_3      00000C80
__Lrbss_0                       rbss_0      0000007E
__Lrbss_1                       rbss_1      000000A0
__Lrbss_2                       rbss_2      00000110
__Lrbss_3                       rbss_3      00000190
__Lrdata_0                      (abs)       00000078
__Lrdata_1                      rdata_1     000000A0
__Lrdata_2                      rdata_2     00000110
__Lrdata_3                      rdata_3     00000190
__Lreset_vec                    reset_vec   00000000
__Lstrings                      strings     00000700
__Lstruct                       struct      0000007E
__Ltemp                         temp        0000007E
__Ltext                         text        00000E52
__S0                            (abs)       00002008
__S1                            (abs)       00000190
__S2                            (abs)       00002100
___awdiv                        text210     00000261
___awdiv_counter                fnauto0     0000004D
___awdiv_dividend               fnauto0     00000049
___awdiv_divisor                fnauto0     0000004B
___awdiv_quotient               fnauto0     0000004F
___awdiv_sign                   fnauto0     0000004E
___awmod                        text211     00000193
___awmod_counter                fnauto0     0000004E
___awmod_dividend               fnauto0     00000049
___awmod_divisor                fnauto0     0000004B
___awmod_sign                   fnauto0     0000004D
___awtoft                       text206     00000FB0
___awtoft_c                     fnauto0     0000003F
___awtoft_f1                    fnauto0     00000042
___ftadd                        text208     00000484
___ftadd_cntr                   fnauto0     0000004C
___ftadd_exp1                   fnauto0     0000004F
___ftadd_exp2                   fnauto0     0000004E
___ftadd_f1                     fnauto0     00000045
___ftadd_f2                     fnauto0     00000048
___ftadd_sign1                  fnauto0     0000004D
___ftadd_sign2                  fnauto0     0000004B
___ftdiv                        text198     00000352
___ftdiv_exp1                   fnauto0     00000038
___ftdiv_exp2                   fnauto0     00000036
___ftdiv_f1                     fnauto0     00000030
___ftdiv_f2                     fnauto0     00000033
___ftdiv_f3                     fnauto0     0000003A
___ftdiv_sign1                  fnauto0     00000037
___ftdiv_sign2                  fnauto0     00000039
___ftge                         text205     00000101
___ftge_ff1                     fnauto0     0000003F
___ftge_ff2                     fnauto0     00000042
___ftmul                        text200     000003E1
___ftmul_cntr                   fnauto0     00000047
___ftmul_exp1                   fnauto0     00000046
___ftmul_f1                     fnauto0     0000003F
___ftmul_f2                     fnauto0     00000042
___ftmul_f3                     fnauto0     00000048
___ftmul_sign1                  fnauto0     00000045
___ftneg                        text207     00000E56
___ftneg_f1                     fnauto0     00000048
___ftpack                       text214     00000729
___ftpack_arg                   fnauto0     00000052
___ftpack_exp                   fnauto0     00000051
___ftsub                        text204     00000E8D
___ftsub_f1                     fnauto0     0000003F
___ftsub_f2                     fnauto0     00000042
___fttol                        text202     000001EE
___fttol_exp1                   fnauto0     00000044
___fttol_f1                     fnauto0     0000003F
___fttol_lval                   fnauto0     00000045
___fttol_sign1                  fnauto0     00000043
___ftunpack                     text215     00000139
___ftunpack_arg                 fnauto0     00000052
___ftunpack_exp                 fnauto0     00000051
___ftunpack_sign                fnauto0     00000053
___lwtoft                       text194     00000ECD
___lwtoft_c                     fnauto0     00000030
___lwtoft_f1                    fnauto0     00000033
___wmul                         text193     00000EF7
___wmul_multiplicand            fnauto0     00000032
___wmul_multiplier              fnauto0     00000030
___wmul_product                 fnauto0     00000034
__databank                      (abs)       FFFFFFFF
__end_of_Delay                  text218     00000E8D
__end_of_LCDDisplayInitializing text195     00000FB0
__end_of_LCDEnable              text217     000007FD
__end_of_LCDInitialize          text203     00000F4C
__end_of_LCDReset               text209     00000E74
__end_of_LCDWriteByte           text216     00000F78
__end_of_LCDWriteCommand        text213     00000E56
__end_of_LCDWriteData           text212     00000E4B
__end_of_LCDWriteFloat          text196     00000700
__end_of_LCDWriteInteger        text199     00000352
__end_of_LCDWriteString         text201     00000ECD
__end_of_MainSystemInitialize   text197     00000101
__end_of___awdiv                text210     000002D5
__end_of___awmod                text211     000001EE
__end_of___awtoft               text206     00001000
__end_of___ftadd                text208     000005A2
__end_of___ftdiv                text198     000003E1
__end_of___ftge                 text205     00000139
__end_of___ftmul                text200     00000484
__end_of___ftneg                text207     00000E61
__end_of___ftpack               text214     000007EF
__end_of___ftsub                text204     00000EAA
__end_of___fttol                text202     00000261
__end_of___ftunpack             text215     00000193
__end_of___lwtoft               text194     00000EF7
__end_of___wmul                 text193     00000F21
__end_of_main                   maintext    000000F8
__stringbase                    strings     0000070E
__tempreg                       (abs)       00000020
_exit                           init        00000000
_i                              (abs)       00000078
_j                              (abs)       0000007A
_k                              (abs)       0000007C
_main                           maintext    00000018
_main_c                         fnauto0     00000026
_main_f                         fnauto0     00000028
_main_p                         fnauto0     0000002B
_main_x                         fnauto0     00000022
_main_y                         fnauto0     00000024
_main_z                         fnauto0     00000020
btemp                           (abs)       0000007E
intlevel0                       intentry    00000000
intlevel1                       intentry    00000000
intlevel2                       intentry    00000000
intlevel3                       intentry    00000000
intlevel4                       intentry    00000000
intlevel5                       intentry    00000000
ltemp0                          (abs)       0000007E
reset_vec                       reset_vec   00000000
start                           init        00000000
stringdir                       strings     00000709
stringjmp                       strings     0000070D
stringtab                       strings     00000700
ttemp0                          (abs)       0000007E
wtemp0                          (abs)       0000007E
wtemp1                          (abs)       00000080
