HI-TECH Software PICC Compiler lite#V9.60

Linker command line:

\
  --edf=C:\Program Files (x86)\HI-TECH Software\PICC\lite\9.60\dat\en_msgs.txt \
  -h+blink.sym -z -Q16F877A -ol.obj -Mblink.map -E1 -ver=PICC#lite#V9.60 \
  -ACODE=00h-07FFh -ACONST=00h-0FFhx8 -AENTRY=00h-0FFhx8 \
  -ASTRING=00h-0FFhx8 -ABANK0=020h-07Fh -ABANK1=0A0h-0EFh \
  -ACOMBANK=070h-07Fh \
  -preset_vec=00h,intentry,intcode,intret,init,end_init,clrtext,maintext,stringtable,pstrings,strings \
  -ppowerup=CODE -prbit_0=BANK0,rbss_0=BANK0,rdata_0=BANK0,idata_0=CODE \
  -pnvram=BANK0 -prbit_1=BANK1,rbss_1=BANK1,rdata_1=BANK1,idata_1=CODE \
  -pnvram_1=BANK1,nvbit_1=BANK1 -ptemp=COMBANK -ACONFIG=02007h-02007h \
  -pconfig=CONFIG -AIDLOC=02000h-02003h -pidloc=IDLOC \
  -AEEDATA=00h-0FFh/02100h -peeprom_data=EEDATA \
  -pfloat_text0=CODE,float_text1=CODE,float_text2=CODE \
  -pfloat_text3=CODE,float_text4=CODE -pintsave_0=COMBANK -pintsave_1=BANK1 \
  C:\Users\HARDIK~1\AppData\Local\Temp\s8is.obj on.obj \
  C:\Program Files (x86)\HI-TECH Software\PICC\lite\9.60\lib\pcl62--u.lib \
  C:\Program Files (x86)\HI-TECH Software\PICC\lite\9.60\lib\pcl40c-c.lib \
  C:\Program Files (x86)\HI-TECH Software\PICC\lite\9.60\lib\pcl62--u.lib 

Object code version is 3.9

Machine type is 16F877A

Call graph:

*_main size 0,4 offset 0

Estimated maximum call depth: 0


		Name          Link     Load   Length Selector Space Scale
C:\Users\HARDIK~1\AppData\Local\Temp\s8is.obj
		init             0        0        4       0     0
		end_init         4        4        1       0     0
on.obj          config        2007     2007        1    400E     0
		temp            70       70        4      70     1
		text0          79B      79B       65     F36     0

C:\Program Files (x86)\HI-TECH Software\PICC\lite\9.60\lib\pcl62--u.lib

C:\Program Files (x86)\HI-TECH Software\PICC\lite\9.60\lib\pcl40c-c.lib
btemp0.obj      temp            70       70        1      70     1
btemp1.obj      temp            70       70        2      70     1
btemp2.obj      temp            70       70        3      70     1
btemp3.obj      temp            70       70        4      70     1

C:\Program Files (x86)\HI-TECH Software\PICC\lite\9.60\lib\pcl62--u.lib

COMMON          rbss_0          20       20        4      20     1

TOTAL		Name          Link     Load   Length
	CLASS	CODE     
		init             0        0        4
		end_init         4        4        1
		text0          79B      79B       65

	CLASS	CONST    

	CLASS	ENTRY    

	CLASS	STRING   

	CLASS	BANK0    
		rbss_0          20       20        4
		temp            70       70        4

	CLASS	BANK1    

	CLASS	COMBANK  

	CLASS	CONFIG   
		config        2007     2007        1

	CLASS	IDLOC    

	CLASS	EEDATA   

	CLASS	BANK3    

	CLASS	BANK2    



SEGMENTS	Name		Load	Length	 Top	Selector    Space Class

		reset_vec       000000	000005	000005	       0       0  CODE    
		rbit_0          000020	000004	000024	      20       1  BANK0   
		temp            000070	000004	000074	      70       1  COMBANK 
		text0           00079B	000065	000800	     F36       0  CODE    
		config          002007	000001	002008	    400E       0  CONFIG  


UNUSED ADDRESS RANGES

	BANK0            0024-006F
	                 0074-007F
	BANK1            00A0-00EF
	CODE             0005-079A
	COMBANK          0074-007F
	CONST            0005-079A
	EEDATA           2100-21FF
	ENTRY            0005-079A
	IDLOC            2000-2003
	STRING           0005-079A

                                  Symbol Table

?a_main        rbss_0      0020  __Beeprom_data eeprom_data 2100
__Bnvbit_0     nvbit_0     00A0  __Bnvbit_1     nvbit_1     00A0
__Bnvbit_2     nvbit_2     00A0  __Bnvbit_3     nvbit_3     00A0
__Bptbit_0     ptbit_0     00A0  __Brbit_0      rbit_0      0020
__Brbit_1      rbit_1      00A0  __Brbit_2      rbit_2      00A0
__Brbit_3      rbit_3      00A0  __Hclrtext     clrtext     0005
__Hcode        code        00A0  __Hcommon_ram  common_ram  00A0
__Hconfig      config      2008  __Heeprom_data eeprom_data 0000
__Hend_init    end_init    0005  __Hfloat_text0 float_text0 0005
__Hfloat_text1 float_text1 0005  __Hfloat_text2 float_text2 0005
__Hfloat_text3 float_text3 0005  __Hfloat_text4 float_text4 0005
__Hidata_0     idata_0     0005  __Hidata_1     idata_1     0005
__Hidata_2     idata_2     00A0  __Hidata_3     idata_3     00A0
__Hidloc       idloc       2000  __Hinit        init        0004
__Hinit23      init23      00A0  __Hintcode     intcode     0000
__Hintentry    intentry    0000  __Hintret      intret      0000
__Hintsave     intsave     00A0  __Hintsave_0   intsave_0   0074
__Hintsave_1   intsave_1   00A0  __Hintsave_2   intsave_2   00A0
__Hintsave_3   intsave_3   00A0  __Hmaintext    maintext    0005
__Hnvbit_0     nvbit_0     0500  __Hnvbit_1     nvbit_1     0500
__Hnvbit_2     nvbit_2     0500  __Hnvbit_3     nvbit_3     0500
__Hnvram       nvram       0024  __Hnvram_1     nvram_1     00A0
__Hnvram_2     nvram_2     00A0  __Hnvram_3     nvram_3     00A0
__Hpowerup     powerup     0005  __Hpstrings    pstrings    0005
__Hptbit_0     ptbit_0     0500  __Hrbit_0      rbit_0      0100
__Hrbit_1      rbit_1      0500  __Hrbit_2      rbit_2      0500
__Hrbit_3      rbit_3      0500  __Hrbss_0      rbss_0      0024
__Hrbss_1      rbss_1      00A0  __Hrbss_2      rbss_2      00A0
__Hrbss_3      rbss_3      00A0  __Hrdata_0     rdata_0     0024
__Hrdata_1     rdata_1     00A0  __Hrdata_2     rdata_2     00A0
__Hrdata_3     rdata_3     00A0  __Hreset_vec   reset_vec   0000
__Hstrings     strings     0005  __Hstringtable stringtable 0005
__Hstruct      struct      0074  __Htemp        temp        0074
__Htext        text        00A0  __Lclrtext     clrtext     0005
__Lcode        code        00A0  __Lcommon_ram  common_ram  00A0
__Lconfig      config      2007  __Leeprom_data eeprom_data 0000
__Lend_init    end_init    0004  __Lfloat_text0 float_text0 0005
__Lfloat_text1 float_text1 0005  __Lfloat_text2 float_text2 0005
__Lfloat_text3 float_text3 0005  __Lfloat_text4 float_text4 0005
__Lidata_0     idata_0     0005  __Lidata_1     idata_1     0005
__Lidata_2     idata_2     00A0  __Lidata_3     idata_3     00A0
__Lidloc       idloc       2000  __Linit        init        0000
__Linit23      init23      00A0  __Lintcode     intcode     0000
__Lintentry    intentry    0000  __Lintret      intret      0000
__Lintsave     intsave     00A0  __Lintsave_0   intsave_0   0074
__Lintsave_1   intsave_1   00A0  __Lintsave_2   intsave_2   00A0
__Lintsave_3   intsave_3   00A0  __Lmaintext    maintext    0005
__Lnvbit_0     nvbit_0     0500  __Lnvbit_1     nvbit_1     0500
__Lnvbit_2     nvbit_2     0500  __Lnvbit_3     nvbit_3     0500
__Lnvram       nvram       0024  __Lnvram_1     nvram_1     00A0
__Lnvram_2     nvram_2     00A0  __Lnvram_3     nvram_3     00A0
__Lpowerup     powerup     0005  __Lpstrings    pstrings    0005
__Lptbit_0     ptbit_0     0500  __Lrbit_0      rbit_0      0100
__Lrbit_1      rbit_1      0500  __Lrbit_2      rbit_2      0500
__Lrbit_3      rbit_3      0500  __Lrbss_0      rbss_0      0020
__Lrbss_1      rbss_1      00A0  __Lrbss_2      rbss_2      00A0
__Lrbss_3      rbss_3      00A0  __Lrdata_0     rdata_0     0024
__Lrdata_1     rdata_1     00A0  __Lrdata_2     rdata_2     00A0
__Lrdata_3     rdata_3     00A0  __Lreset_vec   reset_vec   0000
__Lstrings     strings     0005  __Lstringtable stringtable 0005
__Lstruct      struct      0074  __Ltemp        temp        0070
__Ltext        text        00A0  __S0           (abs)       2008
__S1           (abs)       00A0  __S2           (abs)       2100
_exit          init        0000  _main          text0       079B
clear_bank0    init        0000  clear_bit0     init        0000
intlevel0      intentry    0000  intlevel1      intentry    0000
reset_vec      reset_vec   0000  start          init        0000
used_btemp0    (abs)       0001  used_btemp1    (abs)       0001
used_btemp2    (abs)       0001  used_btemp3    (abs)       0001
