HI-TECH Software C Compiler 

Linker command line:

--edf=C:\Program Files (x86)\HI-TECH Software\PICC\9.80\dat\en_msgs.txt -cs \
  -h+LCD Interfacing.sym -z -Q16F877A -ol.obj -MLCD Interfacing.map -E1 \
  -ACONST=00h-0FFhx32 -ACODE=00h-07FFhx4 -ASTRCODE=00h-01FFFh \
  -AENTRY=00h-0FFhx32 -ASTRING=00h-0FFhx32 -ABANK0=020h-06Fh \
  -ABANK1=0A0h-0EFh -ABANK2=0110h-016Fh -ABANK3=0190h-01EFh \
  -ARAM=020h-06Fh,0A0h-0EFh,0110h-016Fh,0190h-01EFh \
  -AABS1=020h-07Fh,0A0h-0EFh,0110h-016Fh,0190h-01EFh -ACOMMON=070h-07Fh \
  -ASFR0=00h-01Fh -ASFR1=080h-09Fh -ASFR2=0100h-010Fh -ASFR3=0180h-018Fh \
  -preset_vec=00h,intentry,init,end_init -ppowerup=CODE -pfunctab=CODE \
  -ACONFIG=02007h-02007h -pconfig=CONFIG -DCONFIG=2 -AIDLOC=02000h-02003h \
  -pidloc=IDLOC -DIDLOC=2 -AEEDATA=00h-0FFh/02100h -peeprom_data=EEDATA \
  -DEEDATA=2 -DCODE=2 -DSTRCODE=2 -DSTRING=2 -DCONST=2 -DENTRY=2 -k \
  startup.obj LCD Interfacing.obj 

Object code version is 3.10

Machine type is 16F877A



                Name                               Link     Load   Length Selector   Space Scale
startup.obj     end_init                              0        0        3        0       0
LCD Interfacing.obj
                text391                             2EF      2EF       1F      5DE       0
                text390                             2A7      2A7       16      54E       0
                text389                             339      339       2C      672       0
                text388                             391      391       7B      722       0
                text387                             284      284       10      508       0
                text386                             6B6      6B6      14A      D6C       0
                text385                             40C      40C       C8      818       0
                text384                             4D4      4D4       EC      9A8       0
                text383                             2D4      2D4       1B      5A8       0
                text382                             365      365       2C      6CA       0
                text381                             5C0      5C0       F6      B80       0
                text380                             26E      26E        B      4DC       0
                text379                             294      294       13      528       0
                text378                             30E      30E       2B      61C       0
                text377                             279      279        B      4F2       0
                maintext                            2BD      2BD       17      57A       0
                cstackBANK0                          20       20       3F       20       1
                cstackCOMMON                         70       70        E       70       1
                cinit                               26A      26A        4      4D4       0
                strings                               3        3       1A        6       0

TOTAL           Name                               Link     Load   Length     Space
        CLASS   CONST          

        CLASS   CODE           
                end_init                              0        0        3         0
                text391                             2EF      2EF       1F         0
                text390                             2A7      2A7       16         0
                text389                             339      339       2C         0
                text388                             391      391       7B         0
                text387                             284      284       10         0
                text386                             6B6      6B6      14A         0
                text385                             40C      40C       C8         0
                text384                             4D4      4D4       EC         0
                text383                             2D4      2D4       1B         0
                text382                             365      365       2C         0
                text381                             5C0      5C0       F6         0
                text380                             26E      26E        B         0
                text379                             294      294       13         0
                text378                             30E      30E       2B         0
                text377                             279      279        B         0
                maintext                            2BD      2BD       17         0
                cinit                               26A      26A        4         0

        CLASS   STRCODE        

        CLASS   ENTRY          

        CLASS   STRING         
                strings                               3        3       1A         0

        CLASS   BANK0          
                cstackBANK0                          20       20       3F         1

        CLASS   BANK1          

        CLASS   BANK2          

        CLASS   BANK3          

        CLASS   RAM            

        CLASS   ABS1           
                abs_s1                               7E       7E        2         1

        CLASS   COMMON         
                cstackCOMMON                         70       70        E         1

        CLASS   SFR0           

        CLASS   SFR1           

        CLASS   SFR2           

        CLASS   SFR3           

        CLASS   CONFIG         

        CLASS   IDLOC          

        CLASS   EEDATA         



SEGMENTS        Name                           Load    Length   Top    Selector   Space  Class     Delta

                reset_vec                      000000  000003  000003         0       0  CODE        2
                strings                        000003  00001A  00001D         6       0  STRING      2
                cstackBANK0                    000020  00003F  00005F        20       1  BANK0       1
                cstackCOMMON                   000070  00000E  00007E        70       1  COMMON      1
                cinit                          00026A  000004  00026E       4D4       0  CODE        2
                text380                        00026E  00000B  000279       4DC       0  CODE        2
                text377                        000279  00000B  000284       4F2       0  CODE        2
                text387                        000284  000010  000294       508       0  CODE        2
                text379                        000294  000013  0002A7       528       0  CODE        2
                text390                        0002A7  000016  0002BD       54E       0  CODE        2
                maintext                       0002BD  000017  0002D4       57A       0  CODE        2
                text383                        0002D4  00001B  0002EF       5A8       0  CODE        2
                text391                        0002EF  00001F  00030E       5DE       0  CODE        2
                text378                        00030E  00002B  000339       61C       0  CODE        2
                text389                        000339  00002C  000365       672       0  CODE        2
                text382                        000365  00002C  000391       6CA       0  CODE        2
                text388                        000391  00007B  00040C       722       0  CODE        2
                text385                        00040C  0000C8  0004D4       818       0  CODE        2
                text384                        0004D4  0000EC  0005C0       9A8       0  CODE        2
                text381                        0005C0  0000F6  0006B6       B80       0  CODE        2
                text386                        0006B6  00014A  000800       D6C       0  CODE        2


UNUSED ADDRESS RANGES

        Name                Unused          Largest block    Delta
        BANK0            005F-006F             11           1
        BANK1            00A0-00EF             50           1
        BANK2            0110-016F             60           1
        BANK3            0190-01EF             60           1
        CODE             001D-0269            24D           2
                         0800-1FFF            800
        CONFIG           2007-2007              1           2
        CONST            001D-0269            100           2
                         0800-1FFF            100
        EEDATA           2100-21FF            100           2
        ENTRY            001D-0269            100           2
                         0800-1FFF            100
        IDLOC            2000-2003              4           2
        RAM              005F-006F             11           1
                         00A0-00EF             50
                         0110-016F             60
                         0190-01EF             60
        SFR0             0000-001F             20           1
        SFR1             0080-009F             20           1
        SFR2             0100-010F             10           1
        SFR3             0180-018F             10           1
        STRCODE          001D-0269            24D           2
                         0800-1FFF           1800
        STRING           001D-0269            100           2
                         0800-1FFF            100

                                  Symbol Table

??_ADCInitialize               cstackCOMMON 0070
??_ADCReadData                 cstackBANK0  004A
??_Delay                       cstackCOMMON 0072
??_LCDEnable                   cstackCOMMON 0074
??_LCDInitialize               cstackCOMMON 0077
??_LCDReset                    cstackCOMMON 0077
??_LCDWriteByte                cstackCOMMON 0074
??_LCDWriteCommand             cstackCOMMON 0076
??_MainSystemInitialize        cstackCOMMON 0078
??___ftadd                     cstackBANK0  0040
??___ftdiv                     cstackBANK0  0030
??___ftmul                     cstackBANK0  0020
??___ftpack                    cstackCOMMON 0075
??___lwtoft                    cstackCOMMON 007B
??___wmul                      cstackCOMMON 0074
??_main                        cstackCOMMON 007E
?_ADCInitialize                cstackCOMMON 0070
?_ADCReadData                  cstackBANK0  0047
?_Delay                        cstackCOMMON 0070
?_LCDEnable                    cstackCOMMON 0070
?_LCDInitialize                cstackCOMMON 0070
?_LCDReset                     cstackCOMMON 0070
?_LCDWriteByte                 cstackCOMMON 0070
?_LCDWriteCommand              cstackCOMMON 0070
?_MainSystemInitialize         cstackCOMMON 0070
?___ftadd                      cstackBANK0  003A
?___ftdiv                      cstackBANK0  002A
?___ftmul                      cstackCOMMON 0078
?___ftpack                     cstackCOMMON 0070
?___lwtoft                     cstackCOMMON 0078
?___wmul                       cstackCOMMON 0070
?_main                         cstackCOMMON 0070
ADCReadData@ChannelNumber      cstackBANK0  0057
ADCReadData@c                  cstackBANK0  0053
ADCReadData@count              cstackBANK0  0058
ADCReadData@f                  cstackBANK0  004C
ADCReadData@p                  cstackBANK0  0059
ADCReadData@x                  cstackBANK0  004F
ADCReadData@y                  cstackBANK0  0051
ADCReadData@z                  cstackBANK0  0055
Delay@pause                    cstackCOMMON 0073
Delay@time                     cstackCOMMON 0070
LCDWriteByte@LCDData           cstackCOMMON 0075
LCDWriteCommand@LCDData        cstackCOMMON 0076
_ADCInitialize                 text390      02A7
_ADCON0                        (abs)        001F
_ADCON1                        (abs)        009F
_ADCReadData                   text381      05C0
_ADCS0                         (abs)        00FE
_ADCS1                         (abs)        00FF
_ADCS2                         (abs)        04FE
_ADFM                          (abs)        04FF
_ADON                          (abs)        00F8
_ADRESH                        (abs)        001E
_ADRESL                        (abs)        009E
_Delay                         text391      02EF
_LCDEnable                     text387      0284
_LCDInitialize                 text378      030E
_LCDReset                      text379      0294
_LCDWriteByte                  text382      0365
_LCDWriteCommand               text380      026E
_MainSystemInitialize          text377      0279
_PCFG0                         (abs)        04F8
_PCFG1                         (abs)        04F9
_PCFG2                         (abs)        04FA
_PCFG3                         (abs)        04FB
_PORTD                         (abs)        0008
_RD2                           (abs)        0042
_RD3                           (abs)        0043
_TRISD                         (abs)        0088
__Habs1                        abs1         0000
__Hbank0                       bank0        0000
__Hbank1                       bank1        0000
__Hbank2                       bank2        0000
__Hbank3                       bank3        0000
__Hcinit                       cinit        0000
__Hclrtext                     clrtext      0000
__Hcode                        code         0000
__Hcommon                      common       0000
__Hconfig                      config       0000
__HcstackBANK0                 cstackBANK0  0000
__HcstackCOMMON                cstackCOMMON 0000
__Heeprom_data                 eeprom_data  0000
__Hend_init                    end_init     0003
__Hfunctab                     functab      0000
__Hidloc                       idloc        0000
__Hinit                        init         0000
__Hintentry                    intentry     0000
__Hmaintext                    maintext     0000
__Hpowerup                     powerup      0000
__Hram                         ram          0000
__Hreset_vec                   reset_vec    0000
__Hsfr0                        sfr0         0000
__Hsfr1                        sfr1         0000
__Hsfr2                        sfr2         0000
__Hsfr3                        sfr3         0000
__Hstrings                     strings      0000
__Htext                        text         0000
__Labs1                        abs1         0000
__Lbank0                       bank0        0000
__Lbank1                       bank1        0000
__Lbank2                       bank2        0000
__Lbank3                       bank3        0000
__Lcinit                       cinit        0000
__Lclrtext                     clrtext      0000
__Lcode                        code         0000
__Lcommon                      common       0000
__Lconfig                      config       0000
__LcstackBANK0                 cstackBANK0  0000
__LcstackCOMMON                cstackCOMMON 0000
__Leeprom_data                 eeprom_data  0000
__Lend_init                    end_init     0000
__Lfunctab                     functab      0000
__Lidloc                       idloc        0000
__Linit                        init         0000
__Lintentry                    intentry     0000
__Lmaintext                    maintext     0000
__Lpowerup                     powerup      0000
__Lram                         ram          0000
__Lreset_vec                   reset_vec    0000
__Lsfr0                        sfr0         0000
__Lsfr1                        sfr1         0000
__Lsfr2                        sfr2         0000
__Lsfr3                        sfr3         0000
__Lstrings                     strings      0000
__Ltext                        text         0000
__S0                           (abs)        0800
__S1                           (abs)        007E
__S2                           (abs)        0000
___ftadd                       text386      06B6
___ftadd@exp1                  cstackBANK0  0046
___ftadd@exp2                  cstackBANK0  0045
___ftadd@f1                    cstackBANK0  003A
___ftadd@f2                    cstackBANK0  003D
___ftadd@sign                  cstackBANK0  0044
___ftdiv                       text385      040C
___ftdiv@cntr                  cstackBANK0  0034
___ftdiv@exp                   cstackBANK0  0038
___ftdiv@f1                    cstackBANK0  002D
___ftdiv@f2                    cstackBANK0  002A
___ftdiv@f3                    cstackBANK0  0035
___ftdiv@sign                  cstackBANK0  0039
___ftmul                       text384      04D4
___ftmul@cntr                  cstackBANK0  0028
___ftmul@exp                   cstackBANK0  0024
___ftmul@f1                    cstackCOMMON 0078
___ftmul@f2                    cstackCOMMON 007B
___ftmul@f3_as_product         cstackBANK0  0025
___ftmul@sign                  cstackBANK0  0029
___ftpack                      text388      0391
___ftpack@arg                  cstackCOMMON 0070
___ftpack@exp                  cstackCOMMON 0073
___ftpack@sign                 cstackCOMMON 0074
___lwtoft                      text383      02D4
___lwtoft@c                    cstackCOMMON 0078
___wmul                        text389      0339
___wmul@multiplicand           cstackCOMMON 0072
___wmul@multiplier             cstackCOMMON 0070
___wmul@product                cstackCOMMON 0074
__end_of_ADCInitialize         text390      02BD
__end_of_ADCReadData           text381      06B6
__end_of_Delay                 text391      030E
__end_of_LCDEnable             text387      0294
__end_of_LCDInitialize         text378      0339
__end_of_LCDReset              text379      02A7
__end_of_LCDWriteByte          text382      0391
__end_of_LCDWriteCommand       text380      0279
__end_of_MainSystemInitialize  text377      0284
__end_of___ftadd               text386      0800
__end_of___ftdiv               text385      04D4
__end_of___ftmul               text384      05C0
__end_of___ftpack              text388      040C
__end_of___lwtoft              text383      02EF
__end_of___wmul                text389      0365
__end_of_main                  maintext     02D4
__pcstackBANK0                 cstackBANK0  0020
__pcstackCOMMON                cstackCOMMON 0070
__pmaintext                    maintext     02BD
__pstrings                     strings      0003
__ptext376                     text376      0000
__ptext377                     text377      0279
__ptext378                     text378      030E
__ptext379                     text379      0294
__ptext380                     text380      026E
__ptext381                     text381      05C0
__ptext382                     text382      0365
__ptext383                     text383      02D4
__ptext384                     text384      04D4
__ptext385                     text385      040C
__ptext386                     text386      06B6
__ptext387                     text387      0284
__ptext388                     text388      0391
__ptext389                     text389      0339
__ptext390                     text390      02A7
__ptext391                     text391      02EF
__ptext392                     text392      0000
__size_of_ADCInitialize        (abs)        0000
__size_of_ADCReadData          (abs)        0000
__size_of_Delay                (abs)        0000
__size_of_LCDEnable            (abs)        0000
__size_of_LCDInitialize        (abs)        0000
__size_of_LCDReset             (abs)        0000
__size_of_LCDWriteByte         (abs)        0000
__size_of_LCDWriteCommand      (abs)        0000
__size_of_MainSystemInitialize (abs)        0000
__size_of___ftadd              (abs)        0000
__size_of___ftdiv              (abs)        0000
__size_of___ftmul              (abs)        0000
__size_of___ftpack             (abs)        0000
__size_of___lwtoft             (abs)        0000
__size_of___wmul               (abs)        0000
__size_of_main                 (abs)        0000
_exit                          init         0000
_main                          maintext     02BD
btemp                          (abs)        007E
end_of_initialization          cinit        026A
intlevel0                      functab      0000
intlevel1                      functab      0000
intlevel2                      functab      0000
intlevel3                      functab      0000
intlevel4                      functab      0000
intlevel5                      functab      0000
main@temp                      cstackBANK0  005C
reset_vec                      reset_vec    0000
start                          init         0000
start_initialization           cinit        026A
wtemp0                         (abs)        007E
