HI-TECH Software C Compiler 

Linker command line:

--edf=C:\Program Files (x86)\HI-TECH Software\PICC\PRO\9.65\dat\en_msgs.txt \
  -cs -h+pwm.sym -z -Q16F877A -ol.obj -Mpwm.map -E1 -ACODE=00h-07FFhx4 \
  -ACONST=00h-0FFhx32 -AENTRY=00h-0FFhx32 -ASTRING=00h-0FFhx32 \
  -ARAM=020h-06Fh,0A0h-0EFh,0110h-016Fh,0190h-01EFh \
  -AABS1=020h-07Fh,0A0h-0EFh,0110h-016Fh,0190h-01EFh -ABANK0=020h-07Fh \
  -ABANK1=0A0h-0EFh -ABANK2=0110h-016Fh -ABANK3=0190h-01EFh \
  -ACOMMON=070h-07Fh \
  -preset_vec=00h,intentry=04h,intcode,intret,init,init23,end_init,clrtext,maintext,pstrings \
  -pstrings=CODE -ppowerup=CODE -ptemp=-COMMON -pcommon=-COMMON \
  -prbss_0=BANK0,rbit_0=BANK0,rdata_0=BANK0,idata_0=CODE -pnvram=BANK0 \
  -prbss_1=BANK1,rbit_1=BANK1,rdata_1=BANK1,idata_1=CODE \
  -pnvram_1=BANK1,nvbit_1=BANK1 \
  -prbss_2=BANK2,rbit_2=BANK2,rdata_2=BANK2,idata_2=CODE \
  -pnvram_2=BANK2,nvbit_2=BANK2 \
  -prbss_3=BANK3,rbit_3=BANK3,rdata_3=BANK3,idata_3=CODE \
  -pnvram_3=BANK3,nvbit_3=BANK3 -pidata=CODE -pfnautoc=COMMON \
  -pfnauto0=BANK0 -pfnauto1=BANK1 -pfnauto2=BANK2 -pfnauto3=BANK3 \
  -ACONFIG=02007h-02007h -pconfig=CONFIG -DCONFIG=2 -AIDLOC=02000h-02003h \
  -pidloc=IDLOC -DIDLOC=2 -AEEDATA=00h-0FFh/02100h -peeprom_data=EEDATA \
  -DEEDATA=2 -pfloat_text0=CODE,float_text1=CODE,float_text2=CODE \
  -pfloat_text3=CODE,float_text4=CODE -DCODE=2 startup.obj pwm.obj 

Object code version is 3.10

Machine type is 16F877A

Call graph: (short form)




                Name          Link     Load   Length Selector   Space       Scale
startup.obj     clrtext         34       34        8       8     0
                end_init        30       30        4       8     0
                init            12       12       1E       8     0
                reset_vec        0        0        3       0     0
pwm.obj         intentry         4        4        E       8     0
                idata          123      123        A       2     0
                strings        100      100       23       2     0
                maintext        3C       3C       2B       8     0
                config        2007     2007        1    400E     0
                intrtext       12D      12D       88       2     0
                text113        29F      29F       19       2     0
                text111        225      225       2C       2     0
                text112        2CB      2CB        E       2     0
                text115        1B5      1B5       38       2     0
                text104        1ED      1ED       38       2     0
                text105        2ED      2ED        6       2     0
                text109        2B8      2B8       13       2     0
                text110        2D9      2D9        B       2     0
                text108        2E4      2E4        9       2     0
                text106        27C      27C       23       2     0
                text107        251      251       2B       2     0

COMMON          fnauto0         20       20       18      20     1

TOTAL           Name          Link     Load   Length     Space
        CLASS   CODE           
                intentry         4        4        E     0
                idata          123      123        A     0
                clrtext         34       34        8     0
                strings        100      100       23     0
                end_init        30       30        4     0
                init            12       12       1E     0
                maintext        3C       3C       2B     0
                reset_vec        0        0        3     0
                intrtext       12D      12D       88     0
                text113        29F      29F       19     0
                text111        225      225       2C     0
                text112        2CB      2CB        E     0
                text115        1B5      1B5       38     0
                text104        1ED      1ED       38     0
                text105        2ED      2ED        6     0
                text109        2B8      2B8       13     0
                text110        2D9      2D9        B     0
                text108        2E4      2E4        9     0
                text106        27C      27C       23     0
                text107        251      251       2B     0

        CLASS   CONST          

        CLASS   ENTRY          

        CLASS   STRING         

        CLASS   RAM            

        CLASS   ABS1           
                abs_s1          70       70       10     1

        CLASS   BANK0          
                fnauto0         20       20       18     1

        CLASS   BANK1          

        CLASS   BANK2          

        CLASS   BANK3          

        CLASS   COMMON         

        CLASS   CONFIG         
                config        2007     2007        1     0

        CLASS   IDLOC          

        CLASS   EEDATA         



SEGMENTS        Name            Load    Length   Top    Selector    Space      Class      Delta

                reset_vec       000000  000003  000003         0       0  CODE        2
                intentry        000004  000063  000067         8       0  CODE        2
                fnauto0         000020  000018  000038        20       1  BANK0       1
                strings         000100  0001F3  0002F3         2       0  CODE        2
                config          002007  000001  002008      400E       0  CONFIG      2


UNUSED ADDRESS RANGES

        BANK0            00000038-0000006F         1
        BANK1            000000A0-000000EF         1
        BANK2            00000110-0000016F         1
        BANK3            00000190-000001EF         1
        CODE             00000003-00000003         2
                         00000067-000000FF
                         000002F3-00001FFF
        CONST            00000006-00000007         1
                         000000CE-000001FF
                         000005E6-00001FFF
        EEDATA           00002100-000021FF         2
        ENTRY            00000006-00000007         1
                         000000CE-000001FF
                         000005E6-00001FFF
        IDLOC            00002000-00002003         2
        RAM              000000CE-000000EF         1
                         00000110-0000016F
                         00000190-000001EF
        STRING           00000006-00000007         1
                         000000CE-000001FF
                         000005E6-00001FFF

                                  Symbol Table

??_Delay                        fnauto0     00000029
??_LCDDisplayInitializing       fnauto0     00000020
??_LCDEnable                    fnauto0     00000027
??_LCDInitialize                fnauto0     00000020
??_LCDReset                     fnauto0     00000021
??_LCDWriteByte                 fnauto0     00000025
??_LCDWriteCommand              fnauto0     00000022
??_LCDWriteData                 fnauto0     00000024
??_LCDWriteString               fnauto0     00000022
??_MainSystemInitialize         fnauto0     00000020
??___lwmod                      fnauto0     00000036
??_main                         fnauto0     00000020
??_timer                        fnauto0     0000002A
?_Delay                         fnauto0     00000027
?_LCDDisplayInitializing        fnauto0     00000020
?_LCDEnable                     fnauto0     00000027
?_LCDInitialize                 fnauto0     00000020
?_LCDReset                      fnauto0     00000021
?_LCDWriteByte                  fnauto0     00000025
?_LCDWriteCommand               fnauto0     00000022
?_LCDWriteData                  fnauto0     00000024
?_LCDWriteString                fnauto0     00000022
?_MainSystemInitialize          fnauto0     00000020
?___lwmod                       fnauto0     00000032
?_main                          fnauto0     00000020
?_timer                         fnauto0     0000002A
_ACKDT                          (abs)       0000048D
_ACKEN                          (abs)       0000048C
_ACKSTAT                        (abs)       0000048E
_ADCON0                         (abs)       0000001F
_ADCON1                         (abs)       0000009F
_ADCS0                          (abs)       000000FE
_ADCS1                          (abs)       000000FF
_ADCS2                          (abs)       000004FE
_ADDEN                          (abs)       000000C3
_ADFM                           (abs)       000004FF
_ADGO                           (abs)       000000FA
_ADIE                           (abs)       00000466
_ADIF                           (abs)       00000066
_ADON                           (abs)       000000F8
_ADRESH                         (abs)       0000001E
_ADRESL                         (abs)       0000009E
_BCLIE                          (abs)       0000046B
_BCLIF                          (abs)       0000006B
_BF                             (abs)       000004A0
_BOR                            (abs)       00000470
_BRGH                           (abs)       000004C2
_C1INV                          (abs)       000004E4
_C1OUT                          (abs)       000004E6
_C2INV                          (abs)       000004E5
_C2OUT                          (abs)       000004E7
_CARRY                          (abs)       00000018
_CCP1CON                        (abs)       00000017
_CCP1IE                         (abs)       00000462
_CCP1IF                         (abs)       00000062
_CCP1M0                         (abs)       000000B8
_CCP1M1                         (abs)       000000B9
_CCP1M2                         (abs)       000000BA
_CCP1M3                         (abs)       000000BB
_CCP1X                          (abs)       000000BD
_CCP1Y                          (abs)       000000BC
_CCP2CON                        (abs)       0000001D
_CCP2IE                         (abs)       00000468
_CCP2IF                         (abs)       00000068
_CCP2M0                         (abs)       000000E8
_CCP2M1                         (abs)       000000E9
_CCP2M2                         (abs)       000000EA
_CCP2M3                         (abs)       000000EB
_CCP2X                          (abs)       000000ED
_CCP2Y                          (abs)       000000EC
_CCPR1H                         (abs)       00000016
_CCPR1L                         (abs)       00000015
_CCPR2H                         (abs)       0000001C
_CCPR2L                         (abs)       0000001B
_CHS0                           (abs)       000000FB
_CHS1                           (abs)       000000FC
_CHS2                           (abs)       000000FD
_CIS                            (abs)       000004E3
_CKE                            (abs)       000004A6
_CKP                            (abs)       000000A4
_CM0                            (abs)       000004E0
_CM1                            (abs)       000004E1
_CM2                            (abs)       000004E2
_CMCON                          (abs)       0000009C
_CMIE                           (abs)       0000046E
_CMIF                           (abs)       0000006E
_CREN                           (abs)       000000C4
_CSRC                           (abs)       000004C7
_CVR0                           (abs)       000004E8
_CVR1                           (abs)       000004E9
_CVR2                           (abs)       000004EA
_CVR3                           (abs)       000004EB
_CVRCON                         (abs)       0000009D
_CVREN                          (abs)       000004EF
_CVROE                          (abs)       000004EE
_CVRR                           (abs)       000004ED
_DA                             (abs)       000004A5
_DC                             (abs)       00000019
_Delay                          text113     0000029F
_Delay_pause                    fnauto0     00000029
_Delay_time                     fnauto0     00000027
_EEADR                          (abs)       0000010D
_EEADRH                         (abs)       0000010F
_EEADRL                         (abs)       0000010D
_EECON1                         (abs)       0000018C
_EECON2                         (abs)       0000018D
_EEDATA                         (abs)       0000010C
_EEDATH                         (abs)       0000010E
_EEIE                           (abs)       0000046C
_EEIF                           (abs)       0000006C
_EEPGD                          (abs)       00000C67
_FERR                           (abs)       000000C2
_FSR                            (abs)       00000004
_GCEN                           (abs)       0000048F
_GIE                            (abs)       0000005F
_GODONE                         (abs)       000000FA
_IBF                            (abs)       0000044F
_IBOV                           (abs)       0000044D
_INDF                           (abs)       00000000
_INTCON                         (abs)       0000000B
_INTE                           (abs)       0000005C
_INTEDG                         (abs)       0000040E
_INTF                           (abs)       00000059
_IRP                            (abs)       0000001F
_LCDDisplayInitializing         text104     000001ED
_LCDDisplayInitializing_i       fnauto0     00000020
_LCDEnable                      text112     000002CB
_LCDInitialize                  text107     00000251
_LCDReset                       text109     000002B8
_LCDWriteByte                   text111     00000225
_LCDWriteByte_LCDData           fnauto0     00000025
_LCDWriteCommand                text110     000002D9
_LCDWriteCommand_LCDData        fnauto0     00000022
_LCDWriteData                   text108     000002E4
_LCDWriteData_LCDData           fnauto0     00000024
_LCDWriteString                 text106     0000027C
_LCDWriteString_lcd_string      fnauto0     00000022
_MainSystemInitialize           text105     000002ED
_OBF                            (abs)       0000044E
_OERR                           (abs)       000000C1
_OPTION                         (abs)       00000081
_PCFG0                          (abs)       000004F8
_PCFG1                          (abs)       000004F9
_PCFG2                          (abs)       000004FA
_PCFG3                          (abs)       000004FB
_PCL                            (abs)       00000002
_PCLATH                         (abs)       0000000A
_PCON                           (abs)       0000008E
_PD                             (abs)       0000001B
_PEIE                           (abs)       0000005E
_PEN                            (abs)       0000048A
_PIE1                           (abs)       0000008C
_PIE2                           (abs)       0000008D
_PIR1                           (abs)       0000000C
_PIR2                           (abs)       0000000D
_POR                            (abs)       00000471
_PORTA                          (abs)       00000005
_PORTB                          (abs)       00000006
_PORTC                          (abs)       00000007
_PORTD                          (abs)       00000008
_PORTE                          (abs)       00000009
_PR2                            (abs)       00000092
_PS0                            (abs)       00000408
_PS1                            (abs)       00000409
_PS2                            (abs)       0000040A
_PSA                            (abs)       0000040B
_PSPIE                          (abs)       00000467
_PSPIF                          (abs)       00000067
_PSPMODE                        (abs)       0000044C
_RA0                            (abs)       00000028
_RA1                            (abs)       00000029
_RA2                            (abs)       0000002A
_RA3                            (abs)       0000002B
_RA4                            (abs)       0000002C
_RA5                            (abs)       0000002D
_RB0                            (abs)       00000030
_RB1                            (abs)       00000031
_RB2                            (abs)       00000032
_RB3                            (abs)       00000033
_RB4                            (abs)       00000034
_RB5                            (abs)       00000035
_RB6                            (abs)       00000036
_RB7                            (abs)       00000037
_RBIE                           (abs)       0000005B
_RBIF                           (abs)       00000058
_RBPU                           (abs)       0000040F
_RC0                            (abs)       00000038
_RC1                            (abs)       00000039
_RC2                            (abs)       0000003A
_RC3                            (abs)       0000003B
_RC4                            (abs)       0000003C
_RC5                            (abs)       0000003D
_RC6                            (abs)       0000003E
_RC7                            (abs)       0000003F
_RCEN                           (abs)       0000048B
_RCIE                           (abs)       00000465
_RCIF                           (abs)       00000065
_RCREG                          (abs)       0000001A
_RCSTA                          (abs)       00000018
_RD                             (abs)       00000C60
_RD0                            (abs)       00000040
_RD1                            (abs)       00000041
_RD2                            (abs)       00000042
_RD3                            (abs)       00000043
_RD4                            (abs)       00000044
_RD5                            (abs)       00000045
_RD6                            (abs)       00000046
_RD7                            (abs)       00000047
_RE0                            (abs)       00000048
_RE1                            (abs)       00000049
_RE2                            (abs)       0000004A
_RP0                            (abs)       0000001D
_RP1                            (abs)       0000001E
_RSEN                           (abs)       00000489
_RW                             (abs)       000004A2
_RX9                            (abs)       000000C6
_RX9D                           (abs)       000000C0
_SEN                            (abs)       00000488
_SMP                            (abs)       000004A7
_SPBRG                          (abs)       00000099
_SPEN                           (abs)       000000C7
_SREN                           (abs)       000000C5
_SSPADD                         (abs)       00000093
_SSPBUF                         (abs)       00000013
_SSPCON                         (abs)       00000014
_SSPCON2                        (abs)       00000091
_SSPEN                          (abs)       000000A5
_SSPIE                          (abs)       00000463
_SSPIF                          (abs)       00000063
_SSPM0                          (abs)       000000A0
_SSPM1                          (abs)       000000A1
_SSPM2                          (abs)       000000A2
_SSPM3                          (abs)       000000A3
_SSPOV                          (abs)       000000A6
_SSPSTAT                        (abs)       00000094
_START                          (abs)       000004A3
_STATUS                         (abs)       00000003
_STOP                           (abs)       000004A4
_SYNC                           (abs)       000004C4
_T0CS                           (abs)       0000040D
_T0IE                           (abs)       0000005D
_T0IF                           (abs)       0000005A
_T0SE                           (abs)       0000040C
_T1CKPS0                        (abs)       00000084
_T1CKPS1                        (abs)       00000085
_T1CON                          (abs)       00000010
_T1OSCEN                        (abs)       00000083
_T1SYNC                         (abs)       00000082
_T2CKPS0                        (abs)       00000090
_T2CKPS1                        (abs)       00000091
_T2CON                          (abs)       00000012
_TMR0                           (abs)       00000001
_TMR0IE                         (abs)       0000005D
_TMR0IF                         (abs)       0000005A
_TMR1CS                         (abs)       00000081
_TMR1H                          (abs)       0000000F
_TMR1IE                         (abs)       00000460
_TMR1IF                         (abs)       00000060
_TMR1L                          (abs)       0000000E
_TMR1ON                         (abs)       00000080
_TMR2                           (abs)       00000011
_TMR2IE                         (abs)       00000461
_TMR2IF                         (abs)       00000061
_TMR2ON                         (abs)       00000092
_TO                             (abs)       0000001C
_TOUTPS0                        (abs)       00000093
_TOUTPS1                        (abs)       00000094
_TOUTPS2                        (abs)       00000095
_TOUTPS3                        (abs)       00000096
_TRISA                          (abs)       00000085
_TRISA0                         (abs)       00000428
_TRISA1                         (abs)       00000429
_TRISA2                         (abs)       0000042A
_TRISA3                         (abs)       0000042B
_TRISA4                         (abs)       0000042C
_TRISA5                         (abs)       0000042D
_TRISB                          (abs)       00000086
_TRISB0                         (abs)       00000430
_TRISB1                         (abs)       00000431
_TRISB2                         (abs)       00000432
_TRISB3                         (abs)       00000433
_TRISB4                         (abs)       00000434
_TRISB5                         (abs)       00000435
_TRISB6                         (abs)       00000436
_TRISB7                         (abs)       00000437
_TRISC                          (abs)       00000087
_TRISC0                         (abs)       00000438
_TRISC1                         (abs)       00000439
_TRISC2                         (abs)       0000043A
_TRISC3                         (abs)       0000043B
_TRISC4                         (abs)       0000043C
_TRISC5                         (abs)       0000043D
_TRISC6                         (abs)       0000043E
_TRISC7                         (abs)       0000043F
_TRISD                          (abs)       00000088
_TRISD0                         (abs)       00000440
_TRISD1                         (abs)       00000441
_TRISD2                         (abs)       00000442
_TRISD3                         (abs)       00000443
_TRISD4                         (abs)       00000444
_TRISD5                         (abs)       00000445
_TRISD6                         (abs)       00000446
_TRISD7                         (abs)       00000447
_TRISE                          (abs)       00000089
_TRISE0                         (abs)       00000448
_TRISE1                         (abs)       00000449
_TRISE2                         (abs)       0000044A
_TRMT                           (abs)       000004C1
_TX9                            (abs)       000004C6
_TX9D                           (abs)       000004C0
_TXEN                           (abs)       000004C5
_TXIE                           (abs)       00000464
_TXIF                           (abs)       00000064
_TXREG                          (abs)       00000019
_TXSTA                          (abs)       00000098
_UA                             (abs)       000004A1
_WCOL                           (abs)       000000A7
_WR                             (abs)       00000C61
_WREN                           (abs)       00000C62
_WRERR                          (abs)       00000C63
_ZERO                           (abs)       0000001A
__Beeprom_data                  eeprom_data 00002100
__Bnvbit_0                      nvbit_0     0000025A
__Bnvbit_1                      nvbit_1     000000A0
__Bnvbit_2                      nvbit_2     00000110
__Bnvbit_3                      nvbit_3     00000190
__Bptbit_0                      ptbit_0     0000025A
__Brbit_0                       rbit_0      0000007E
__Brbit_1                       rbit_1      000000A0
__Brbit_2                       rbit_2      00000110
__Brbit_3                       rbit_3      00000190
__Hclrtext                      clrtext     0000003C
__Hcode                         code        0000025A
__Hcommon                       (abs)       0000007E
__Hconfig                       config      00002008
__Heeprom_data                  eeprom_data 00000000
__Hend_init                     end_init    00000034
__Hfloat_text0                  float_text0 0000012D
__Hfloat_text1                  float_text1 0000012D
__Hfloat_text2                  float_text2 0000012D
__Hfloat_text3                  float_text3 0000012D
__Hfloat_text4                  float_text4 0000012D
__Hfnauto0                      fnauto0     00000038
__Hfnauto1                      fnauto1     000000A0
__Hfnauto2                      fnauto2     00000110
__Hfnauto3                      fnauto3     00000190
__Hfnautoc                      fnautoc     0000007E
__Hidata                        idata       0000012D
__Hidata_0                      idata_0     00000123
__Hidata_1                      idata_1     00000123
__Hidata_2                      idata_2     00000123
__Hidata_3                      idata_3     00000123
__Hidloc                        idloc       00002000
__Hinit                         init        00000030
__Hinit23                       init23      00000030
__Hintcode                      intcode     00000012
__Hintentry                     intentry    00000012
__Hintret                       intret      00000012
__Hintrtext                     intrtext    0000025A
__Hintsave                      intsave     0000025A
__Hintsave_1                    intsave_1   0000025A
__Hintsave_2                    intsave_2   0000025A
__Hintsave_3                    intsave_3   0000025A
__Hmaintext                     maintext    00000067
__Hnvbit_0                      nvbit_0     000012D0
__Hnvbit_1                      nvbit_1     00000500
__Hnvbit_2                      nvbit_2     00000880
__Hnvbit_3                      nvbit_3     00000C80
__Hnvram                        nvram       0000007E
__Hnvram_1                      nvram_1     000000A0
__Hnvram_2                      nvram_2     00000110
__Hnvram_3                      nvram_3     00000190
__Hpowerup                      powerup     00000123
__Hpstrings                     pstrings    00000067
__Hptbit_0                      ptbit_0     000012D0
__Hramdata                      (abs)       0000007A
__Hrbit_0                       rbit_0      000003F0
__Hrbit_1                       rbit_1      00000500
__Hrbit_2                       rbit_2      00000880
__Hrbit_3                       rbit_3      00000C80
__Hrbss_0                       rbss_0      0000007E
__Hrbss_1                       rbss_1      000000A0
__Hrbss_2                       rbss_2      00000110
__Hrbss_3                       rbss_3      00000190
__Hrdata_0                      (abs)       0000007A
__Hrdata_1                      rdata_1     000000A0
__Hrdata_2                      rdata_2     00000110
__Hrdata_3                      rdata_3     00000190
__Hreset_vec                    reset_vec   00000003
__Hstrings                      strings     00000123
__Hstruct                       struct      0000007E
__Htemp                         temp        0000007E
__Htext                         text        0000025A
__Lclrtext                      clrtext     00000034
__Lcode                         code        0000025A
__Lcommon                       (abs)       0000007A
__Lconfig                       config      00002007
__Leeprom_data                  eeprom_data 00000000
__Lend_init                     end_init    00000030
__Lfloat_text0                  float_text0 0000012D
__Lfloat_text1                  float_text1 0000012D
__Lfloat_text2                  float_text2 0000012D
__Lfloat_text3                  float_text3 0000012D
__Lfloat_text4                  float_text4 0000012D
__Lfnauto0                      fnauto0     00000020
__Lfnauto1                      fnauto1     000000A0
__Lfnauto2                      fnauto2     00000110
__Lfnauto3                      fnauto3     00000190
__Lfnautoc                      fnautoc     0000007E
__Lidata                        idata       00000123
__Lidata_0                      idata_0     00000123
__Lidata_1                      idata_1     00000123
__Lidata_2                      idata_2     00000123
__Lidata_3                      idata_3     00000123
__Lidloc                        idloc       00002000
__Linit                         init        00000012
__Linit23                       init23      00000030
__Lintcode                      intcode     00000012
__Lintentry                     intentry    00000004
__Lintret                       intret      00000012
__Lintrtext                     intrtext    0000025A
__Lintsave                      intsave     0000025A
__Lintsave_1                    intsave_1   0000025A
__Lintsave_2                    intsave_2   0000025A
__Lintsave_3                    intsave_3   0000025A
__Lmaintext                     maintext    0000003C
__Lnvbit_0                      nvbit_0     000012D0
__Lnvbit_1                      nvbit_1     00000500
__Lnvbit_2                      nvbit_2     00000880
__Lnvbit_3                      nvbit_3     00000C80
__Lnvram                        nvram       0000007E
__Lnvram_1                      nvram_1     000000A0
__Lnvram_2                      nvram_2     00000110
__Lnvram_3                      nvram_3     00000190
__Lpowerup                      powerup     00000123
__Lpstrings                     pstrings    00000067
__Lptbit_0                      ptbit_0     000012D0
__Lramdata                      (abs)       00000070
__Lrbit_0                       rbit_0      000003F0
__Lrbit_1                       rbit_1      00000500
__Lrbit_2                       rbit_2      00000880
__Lrbit_3                       rbit_3      00000C80
__Lrbss_0                       rbss_0      0000007E
__Lrbss_1                       rbss_1      000000A0
__Lrbss_2                       rbss_2      00000110
__Lrbss_3                       rbss_3      00000190
__Lrdata_0                      (abs)       00000070
__Lrdata_1                      rdata_1     000000A0
__Lrdata_2                      rdata_2     00000110
__Lrdata_3                      rdata_3     00000190
__Lreset_vec                    reset_vec   00000000
__Lstrings                      strings     00000100
__Lstruct                       struct      0000007E
__Ltemp                         temp        0000007E
__Ltext                         text        0000025A
__S0                            (abs)       00002008
__S1                            (abs)       00000190
__S2                            (abs)       00002100
___lwmod                        text115     000001B5
___lwmod_counter                fnauto0     00000036
___lwmod_dividend               fnauto0     00000032
___lwmod_divisor                fnauto0     00000034
__databank                      (abs)       FFFFFFFF
__end_of_Delay                  text113     000002B8
__end_of_LCDDisplayInitializing text104     00000225
__end_of_LCDEnable              text112     000002D9
__end_of_LCDInitialize          text107     0000027C
__end_of_LCDReset               text109     000002CB
__end_of_LCDWriteByte           text111     00000251
__end_of_LCDWriteCommand        text110     000002E4
__end_of_LCDWriteData           text108     000002ED
__end_of_LCDWriteString         text106     0000029F
__end_of_MainSystemInitialize   text105     000002F3
__end_of___lwmod                text115     000001ED
__end_of_main                   maintext    00000067
__end_of_timer                  intrtext    000001B5
__stringbase                    strings     0000010E
__tempreg                       (abs)       00000020
_c                              (abs)       00000070
_count                          (abs)       0000007A
_count1                         (abs)       0000007C
_exit                           init        00000012
_i                              (abs)       00000072
_j                              (abs)       00000074
_k                              (abs)       00000076
_main                           maintext    0000003C
_timer                          intrtext    0000012D
_times                          (abs)       00000078
btemp                           (abs)       0000007E
clear_ram                       clrtext     00000034
interrupt_function              intentry    00000004
intlevel0                       intentry    00000004
intlevel1                       intentry    00000004
intlevel2                       intentry    00000004
intlevel3                       intentry    00000004
intlevel4                       intentry    00000004
intlevel5                       intentry    00000004
ltemp0                          (abs)       0000007E
reset_vec                       reset_vec   00000000
saved_w                         (abs)       0000007F
start                           init        00000012
stringdir                       strings     00000109
stringjmp                       strings     0000010D
stringtab                       strings     00000100
ttemp0                          (abs)       0000007E
wtemp0                          (abs)       0000007E
wtemp1                          (abs)       00000080
