MPLINK 4.46, Linker
Linker Map File - Created Sun Mar 23 22:13:53 2014

                                 Section Info
                  Section       Type    Address   Location Size(Bytes)
                ---------  ---------  ---------  ---------  ---------
               _entry_scn       code   0x000000    program   0x000006
           .code___init.o       code   0x000006    program   0x000002
               interpt_fn       code   0x000008    program   0x000006
                   .cinit    romdata   0x00000e    program   0x00000e
            .code_main1.o       code   0x00001c    program   0x00094e
                     PROG       code   0x00096a    program   0x000622
           .code_sincos.o       code   0x000f8c    program   0x0005aa
             .code_atan.o       code   0x001536    program   0x000518
             .code_sqrt.o       code   0x001a4e    program   0x000442
            .code_ldexp.o       code   0x001e90    program   0x000138
         .code_UnpkMath.o       code   0x001fc8    program   0x00011c
         .code_PackMath.o       code   0x0020e4    program   0x00011a
               _cinit_scn       code   0x0021fe    program   0x00009e
           .code_serial.o       code   0x00229c    program   0x00007a
             .code_fabs.o       code   0x002316    program   0x000066
              .code_sin.o       code   0x00237c    program   0x000050
              .code_cos.o       code   0x0023cc    program   0x00004e
            .code_delay.o       code   0x00241a    program   0x000046
         .code_fxd1616u.o       code   0x002460    program   0x00002c
                    .code       code   0x00248c    program   0x000020
             _startup_scn       code   0x0024ac    program   0x00001c
          .idata_sqrt.o_i    romdata   0x0024c8    program   0x000000
         .romdata_errno.o    romdata   0x0024c8    program   0x000000
          .romdata_fabs.o    romdata   0x0024c8    program   0x000000
          .romdata_sqrt.o    romdata   0x0024c8    program   0x000000
         .romdata_c018i.o    romdata   0x0024c8    program   0x000000
        .romdata_sincos.o    romdata   0x0024c8    program   0x000000
        .idata_sincos.o_i    romdata   0x0024c8    program   0x000000
           .idata_sin.o_i    romdata   0x0024c8    program   0x000000
           .romdata_cos.o    romdata   0x0024c8    program   0x000000
           .romdata_sin.o    romdata   0x0024c8    program   0x000000
      .romdata_UnpkMath.o    romdata   0x0024c8    program   0x000000
         .romdata_ldexp.o    romdata   0x0024c8    program   0x000000
          .romdata_atan.o    romdata   0x0024c8    program   0x000000
      .romdata_PackMath.o    romdata   0x0024c8    program   0x000000
         .romdata_delay.o    romdata   0x0024c8    program   0x000000
        .romdata___init.o    romdata   0x0024c8    program   0x000000
      .romdata_fxd1616u.o    romdata   0x0024c8    program   0x000000
         .idata_main1.o_i    romdata   0x0024c8    program   0x000078
        .romdata_serial.o    romdata   0x0024c8    program   0x000000
        .idata_serial.o_i    romdata   0x0024c8    program   0x000000
             .stringtable    romdata   0x0024c8    program   0x000000
         .romdata_main1.o    romdata   0x0024c8    program   0x000000
      .idata_PackMath.o_i    romdata   0x002540    program   0x000000
         .idata_ldexp.o_i    romdata   0x002540    program   0x000000
          .idata_fabs.o_i    romdata   0x002540    program   0x000000
            .code_errno.o       code   0x002540    program   0x000000
         .idata_errno.o_i    romdata   0x002540    program   0x000000
           .idata_cos.o_i    romdata   0x002540    program   0x000000
      .idata_UnpkMath.o_i    romdata   0x002540    program   0x000000
          .idata_atan.o_i    romdata   0x002540    program   0x000000
        .idata___init.o_i    romdata   0x002540    program   0x000000
      .idata_fxd1616u.o_i    romdata   0x002540    program   0x000000
         .idata_delay.o_i    romdata   0x002540    program   0x000000
            .code_c018i.o       code   0x002540    program   0x000000
         .idata_c018i.o_i    romdata   0x002540    program   0x000000
                 .tmpdata      udata   0x000000       data   0x000038
                MATH_DATA      udata   0x000038       data   0x000014
            check_ISR_tmp      udata   0x00004c       data   0x000008
           .idata_main1.o      idata   0x000060       data   0x000078
           .udata_c018i.o      udata   0x0000d8       data   0x00000a
           .udata_errno.o      udata   0x0000e2       data   0x000002
          .udata_serial.o      udata   0x0000e4       data   0x000001
        .idata_UnpkMath.o      idata   0x0000e5       data   0x000000
             .udata_cos.o      udata   0x0000e5       data   0x000000
             .idata_cos.o      idata   0x0000e5       data   0x000000
          .udata_sincos.o      udata   0x0000e5       data   0x000000
          .idata_sincos.o      idata   0x0000e5       data   0x000000
           .idata_errno.o      idata   0x0000e5       data   0x000000
            .udata_fabs.o      udata   0x0000e5       data   0x000000
            .idata_fabs.o      idata   0x0000e5       data   0x000000
             .udata_sin.o      udata   0x0000e5       data   0x000000
             .idata_sin.o      idata   0x0000e5       data   0x000000
            .udata_sqrt.o      udata   0x0000e5       data   0x000000
            .idata_sqrt.o      idata   0x0000e5       data   0x000000
        .udata_PackMath.o      udata   0x0000e5       data   0x000000
        .idata_PackMath.o      idata   0x0000e5       data   0x000000
           .udata_ldexp.o      udata   0x0000e5       data   0x000000
           .idata_ldexp.o      idata   0x0000e5       data   0x000000
        .udata_UnpkMath.o      udata   0x0000e5       data   0x000000
            .idata_atan.o      idata   0x0000e5       data   0x000000
            .udata_atan.o      udata   0x0000e5       data   0x000000
          .idata___init.o      idata   0x0000e5       data   0x000000
          .udata___init.o      udata   0x0000e5       data   0x000000
        .idata_fxd1616u.o      idata   0x0000e5       data   0x000000
        .udata_fxd1616u.o      udata   0x0000e5       data   0x000000
           .idata_c018i.o      idata   0x0000e5       data   0x000000
           .udata_delay.o      udata   0x0000e5       data   0x000000
           .idata_delay.o      idata   0x0000e5       data   0x000000
           .udata_main1.o      udata   0x0000e5       data   0x000000
          .idata_serial.o      idata   0x0000e5       data   0x000000
                   .stack      udata   0x000500       data   0x000100
              SFR_BANKED0      udata   0x000f00       data   0x00002f
              SFR_BANKED1      udata   0x000f30       data   0x00000f
              SFR_BANKED2      udata   0x000f40       data   0x00000f
              SFR_BANKED3      udata   0x000f50       data   0x00000f
            SFR_UNBANKED0      udata   0x000f60       data   0x000017
            SFR_UNBANKED1      udata   0x000f80       data   0x000080



                              Program Memory Usage 
                               Start         End      
                           ---------   ---------      
                            0x000000    0x00253f      
            9536 out of 33048 program addresses used, program memory utilization is 28%



                              Symbols - Sorted by Name
                     Name    Address   Location    Storage File                     
                ---------  ---------  ---------  --------- ---------                
                   D1616S   0x000f62    program     static C:\MCC18\src\traditional\math\fxd1616s.asm
                D1616SNEG   0x000f70    program     static C:\MCC18\src\traditional\math\fxd1616s.asm
                 D1616SOK   0x000f6c    program     static C:\MCC18\src\traditional\math\fxd1616s.asm
                  D1616SX   0x000f82    program     static C:\MCC18\src\traditional\math\fxd1616s.asm
                  DA1616S   0x000f52    program     static C:\MCC18\src\traditional\math\fxd1616s.asm
                    Delay   0x00241a    program     extern C:\Users\hardik - admin\Desktop\final yr project codes and docs\two_motors_p_pos_xy_final\motor1\P_positive_continuous2\delay.c
                 FLO0832S   0x00096e    program     extern C:\MCC18\src\traditional\math\cast08FP.asm
                 FLO0832U   0x00096a    program     extern C:\MCC18\src\traditional\math\cast08FP.asm
                 FLO1632S   0x000990    program     extern C:\MCC18\src\traditional\math\cast16FP.asm
                 FLO1632U   0x00098c    program     extern C:\MCC18\src\traditional\math\cast16FP.asm
                 FLO3232S   0x000ea0    program     extern C:\MCC18\src\traditional\math\cast32FP.asm
                 FLO3232U   0x000e9c    program     extern C:\MCC18\src\traditional\math\cast32FP.asm
                    FPA32   0x0009b8    program     extern C:\MCC18\src\traditional\math\addFP.asm
                    FPD32   0x000ae4    program     extern C:\MCC18\src\traditional\math\divFP.asm
                    FPM32   0x000b8a    program     extern C:\MCC18\src\traditional\math\mulFP.asm
                    FPS32   0x0009b6    program     extern C:\MCC18\src\traditional\math\addFP.asm
                 FXD1616S   0x000f40    program     extern C:\MCC18\src\traditional\math\fxd1616s.asm
                 FXD1616U   0x002460    program     extern C:\MCC18\src\traditional\math\fxd1616u.c
                  INT3216   0x000c64    program     extern C:\MCC18\src\traditional\math\castFP16.asm
                  INT3232   0x000ed2    program     extern C:\MCC18\src\traditional\math\castFP32.asm
InitializeSerialCommunication   0x00229c    program     extern C:\Users\hardik - admin\Desktop\final yr project codes and docs\two_motors_p_pos_xy_final\motor1\P_positive_continuous2\serial.c
           PWM_initialize   0x000930    program     extern C:\Users\hardik - admin\Desktop\final yr project codes and docs\two_motors_p_pos_xy_final\motor1\P_positive_continuous2\main1.c
      ReceiveByteSerially   0x0022c8    program     extern C:\Users\hardik - admin\Desktop\final yr project codes and docs\two_motors_p_pos_xy_final\motor1\P_positive_continuous2\serial.c
         SendByteSerially   0x0022aa    program     extern C:\Users\hardik - admin\Desktop\final yr project codes and docs\two_motors_p_pos_xy_final\motor1\P_positive_continuous2\serial.c
       SendStringSerially   0x0022d6    program     extern C:\Users\hardik - admin\Desktop\final yr project codes and docs\two_motors_p_pos_xy_final\motor1\P_positive_continuous2\serial.c
                  TAGTB32   0x000dce    program     extern C:\MCC18\src\traditional\math\gtFP.asm
                  TALTB32   0x000de0    program     extern C:\MCC18\src\traditional\math\ltFP.asm
                _PackMath   0x0020e4    program     extern C:\MCC18\src\traditional\stdclib\PackMath.c
                _UnpkMath   0x001fc8    program     extern C:\MCC18\src\traditional\stdclib\UnpkMath.c
              __FpCompare   0x000df2    program     extern C:\MCC18\src\traditional\math\compFP.asm
                 __FpExit   0x000cce    program     extern C:\MCC18\src\traditional\math\packFP.asm
                 __FpPack   0x000cfa    program     extern C:\MCC18\src\traditional\math\packFP.asm
            __FpReturnNaN   0x000cc2    program     extern C:\MCC18\src\traditional\math\packFP.asm
         __FpReturnNegInf   0x000cd4    program     extern C:\MCC18\src\traditional\math\packFP.asm
        __FpReturnNegZero   0x000cec    program     extern C:\MCC18\src\traditional\math\packFP.asm
         __FpReturnPosInf   0x000cda    program     extern C:\MCC18\src\traditional\math\packFP.asm
        __FpReturnPosZero   0x000cf4    program     extern C:\MCC18\src\traditional\math\packFP.asm
        __FpReturnSignInf   0x000cd0    program     extern C:\MCC18\src\traditional\math\packFP.asm
       __FpReturnSignZero   0x000ce8    program     extern C:\MCC18\src\traditional\math\packFP.asm
              __FpReturnW   0x000d52    program     extern C:\MCC18\src\traditional\math\packFP.asm
              __FpUnPackA   0x000d72    program     extern C:\MCC18\src\traditional\math\UnpackFP.asm
              __FpUnPackB   0x000da2    program     extern C:\MCC18\src\traditional\math\UnpackFP.asm
       ___return_lbl00000   0x00000c    program     static                          
       ___return_lbl00000   0x000004    program     static                          
       ___return_lbl00000   0x00248a    program     static                          
       ___return_lbl00001   0x0024c6    program     static                          
       ___return_lbl00002   0x00229a    program     static                          
                   __init   0x000006    program     extern C:\MCC18\src\traditional\stdclib\__init.c
                   __pa_0   0x00137a    program     static C:\MCC18\src\traditional\stdclib\sincos.c
                   __pa_0   0x001dec    program     static C:\MCC18\src\traditional\stdclib\sqrt.c
                   __pa_0   0x0020d6    program     static C:\MCC18\src\traditional\stdclib\UnpkMath.c
                   __pa_0   0x001fbe    program     static C:\MCC18\src\traditional\stdclib\ldexp.c
                   __pa_0   0x0021ac    program     static C:\MCC18\src\traditional\stdclib\PackMath.c
                   __pa_0   0x001950    program     static C:\MCC18\src\traditional\stdclib\atan.c
                   __pa_1   0x001392    program     static C:\MCC18\src\traditional\stdclib\sincos.c
                   __pa_1   0x001988    program     static C:\MCC18\src\traditional\stdclib\atan.c
                   __pa_1   0x0021bc    program     static C:\MCC18\src\traditional\stdclib\PackMath.c
                   __pa_1   0x001df6    program     static C:\MCC18\src\traditional\stdclib\sqrt.c
                  __pa_10   0x00144e    program     static C:\MCC18\src\traditional\stdclib\sincos.c
                  __pa_10   0x001a22    program     static C:\MCC18\src\traditional\stdclib\atan.c
                  __pa_11   0x001460    program     static C:\MCC18\src\traditional\stdclib\sincos.c
                  __pa_11   0x001a2c    program     static C:\MCC18\src\traditional\stdclib\atan.c
                  __pa_12   0x00146e    program     static C:\MCC18\src\traditional\stdclib\sincos.c
                  __pa_12   0x001a34    program     static C:\MCC18\src\traditional\stdclib\atan.c
                  __pa_13   0x001474    program     static C:\MCC18\src\traditional\stdclib\sincos.c
                  __pa_13   0x001a40    program     static C:\MCC18\src\traditional\stdclib\atan.c
                  __pa_14   0x00148e    program     static C:\MCC18\src\traditional\stdclib\sincos.c
                  __pa_15   0x0014a0    program     static C:\MCC18\src\traditional\stdclib\sincos.c
                  __pa_16   0x0014c4    program     static C:\MCC18\src\traditional\stdclib\sincos.c
                  __pa_17   0x0014d6    program     static C:\MCC18\src\traditional\stdclib\sincos.c
                  __pa_18   0x0014e4    program     static C:\MCC18\src\traditional\stdclib\sincos.c
                  __pa_19   0x0014f6    program     static C:\MCC18\src\traditional\stdclib\sincos.c
                   __pa_2   0x0021ca    program     static C:\MCC18\src\traditional\stdclib\PackMath.c
                   __pa_2   0x001e10    program     static C:\MCC18\src\traditional\stdclib\sqrt.c
                   __pa_2   0x0013ae    program     static C:\MCC18\src\traditional\stdclib\sincos.c
                   __pa_2   0x001990    program     static C:\MCC18\src\traditional\stdclib\atan.c
                  __pa_20   0x001506    program     static C:\MCC18\src\traditional\stdclib\sincos.c
                  __pa_21   0x001512    program     static C:\MCC18\src\traditional\stdclib\sincos.c
                  __pa_22   0x00151c    program     static C:\MCC18\src\traditional\stdclib\sincos.c
                  __pa_23   0x001524    program     static C:\MCC18\src\traditional\stdclib\sincos.c
                  __pa_24   0x00152a    program     static C:\MCC18\src\traditional\stdclib\sincos.c
                   __pa_3   0x0019a4    program     static C:\MCC18\src\traditional\stdclib\atan.c
                   __pa_3   0x0013c8    program     static C:\MCC18\src\traditional\stdclib\sincos.c
                   __pa_3   0x001e2a    program     static C:\MCC18\src\traditional\stdclib\sqrt.c
                   __pa_3   0x0021d4    program     static C:\MCC18\src\traditional\stdclib\PackMath.c
                   __pa_4   0x0013d2    program     static C:\MCC18\src\traditional\stdclib\sincos.c
                   __pa_4   0x0019b8    program     static C:\MCC18\src\traditional\stdclib\atan.c
                   __pa_4   0x001e3c    program     static C:\MCC18\src\traditional\stdclib\sqrt.c
                   __pa_4   0x0021e2    program     static C:\MCC18\src\traditional\stdclib\PackMath.c
                   __pa_5   0x0021ea    program     static C:\MCC18\src\traditional\stdclib\PackMath.c
                   __pa_5   0x0019ca    program     static C:\MCC18\src\traditional\stdclib\atan.c
                   __pa_5   0x0013e8    program     static C:\MCC18\src\traditional\stdclib\sincos.c
                   __pa_5   0x001e4e    program     static C:\MCC18\src\traditional\stdclib\sqrt.c
                   __pa_6   0x0013fe    program     static C:\MCC18\src\traditional\stdclib\sincos.c
                   __pa_6   0x0021f2    program     static C:\MCC18\src\traditional\stdclib\PackMath.c
                   __pa_6   0x001e60    program     static C:\MCC18\src\traditional\stdclib\sqrt.c
                   __pa_6   0x0019e2    program     static C:\MCC18\src\traditional\stdclib\atan.c
                   __pa_7   0x001410    program     static C:\MCC18\src\traditional\stdclib\sincos.c
                   __pa_7   0x0019f4    program     static C:\MCC18\src\traditional\stdclib\atan.c
                   __pa_7   0x001e6e    program     static C:\MCC18\src\traditional\stdclib\sqrt.c
                   __pa_8   0x001a0a    program     static C:\MCC18\src\traditional\stdclib\atan.c
                   __pa_8   0x00142a    program     static C:\MCC18\src\traditional\stdclib\sincos.c
                   __pa_8   0x001e76    program     static C:\MCC18\src\traditional\stdclib\sqrt.c
                   __pa_9   0x001444    program     static C:\MCC18\src\traditional\stdclib\sincos.c
                   __pa_9   0x001a14    program     static C:\MCC18\src\traditional\stdclib\atan.c
                   __pa_9   0x001e80    program     static C:\MCC18\src\traditional\stdclib\sqrt.c
            __zero_memory   0x00248c    program     extern C:\MCC18\src\traditional\proc\p18F458.asm
                _do_cinit   0x0021fe    program     extern H:\ROYTEK\PIC18\PIC18F458\18F458 Demo Projects\LEDGLOW\c018i.c
                   _entry   0x000000    program     extern H:\ROYTEK\PIC18\PIC18F458\18F458 Demo Projects\LEDGLOW\c018i.c
                  _sincos   0x000f8c    program     extern C:\MCC18\src\traditional\stdclib\sincos.c
                 _startup   0x0024ac    program     extern H:\ROYTEK\PIC18\PIC18F458\18F458 Demo Projects\LEDGLOW\c018i.c
                     atan   0x001536    program     extern C:\MCC18\src\traditional\stdclib\atan.c
                check_ISR   0x00001c    program     extern C:\Users\hardik - admin\Desktop\final yr project codes and docs\two_motors_p_pos_xy_final\motor1\P_positive_continuous2\main1.c
                compare_l   0x0024a2    program     static C:\MCC18\src\traditional\proc\p18F458.asm
                copy_loop   0x002270    program     static                          
            copy_one_byte   0x002276    program     static                          
                      cos   0x0023cc    program     extern C:\MCC18\src\traditional\stdclib\cos.c
                     done   0x00229a    program     static                          
             done_copying   0x002284    program     static                          
                  endloop   0x002486    program     static                          
                     fabs   0x002316    program     extern C:\MCC18\src\traditional\stdclib\fabs.c
                get_angle   0x00017c    program     extern C:\Users\hardik - admin\Desktop\final yr project codes and docs\two_motors_p_pos_xy_final\motor1\P_positive_continuous2\main1.c
               interpt_fn   0x000008    program     extern C:\Users\hardik - admin\Desktop\final yr project codes and docs\two_motors_p_pos_xy_final\motor1\P_positive_continuous2\main1.c
                 jANotInf   0x0009e0    program     static C:\MCC18\src\traditional\math\addFP.asm
                 jANotInf   0x000b02    program     static C:\MCC18\src\traditional\math\divFP.asm
                 jANotInf   0x000ba8    program     static C:\MCC18\src\traditional\math\mulFP.asm
                 jANotNeg   0x000a74    program     static C:\MCC18\src\traditional\math\addFP.asm
                jANotZero   0x000b16    program     static C:\MCC18\src\traditional\math\divFP.asm
              jAandWsetup   0x000a44    program     static C:\MCC18\src\traditional\math\addFP.asm
                  jAisNeg   0x000e6e    program     static C:\MCC18\src\traditional\math\compFP.asm
                 jAltBexp   0x000a32    program     static C:\MCC18\src\traditional\math\addFP.asm
                jBANotInf   0x0009d6    program     static C:\MCC18\src\traditional\math\addFP.asm
                 jBNotInf   0x0009ee    program     static C:\MCC18\src\traditional\math\addFP.asm
              jBothFinite   0x000bb6    program     static C:\MCC18\src\traditional\math\mulFP.asm
             jBothNotZero   0x000e10    program     static C:\MCC18\src\traditional\math\compFP.asm
             jBothNotZero   0x000bc2    program     static C:\MCC18\src\traditional\math\mulFP.asm
            jDifOrPosSign   0x000a02    program     static C:\MCC18\src\traditional\math\addFP.asm
                      jEQ   0x000e2c    program     static C:\MCC18\src\traditional\math\compFP.asm
                    jExch   0x000e38    program     static C:\MCC18\src\traditional\math\compFP.asm
                    jExit   0x000f3e    program     static C:\MCC18\src\traditional\math\castFP32.asm
                    jExit   0x000cc0    program     static C:\MCC18\src\traditional\math\castFP16.asm
                   jExpEQ   0x000e7e    program     static C:\MCC18\src\traditional\math\compFP.asm
                   jFinal   0x000e62    program     static C:\MCC18\src\traditional\math\compFP.asm
               jFinalSign   0x000adc    program     static C:\MCC18\src\traditional\math\addFP.asm
                jHaveZero   0x000bbe    program     static C:\MCC18\src\traditional\math\mulFP.asm
                jI2F08Beg   0x000978    program     static C:\MCC18\src\traditional\math\cast08FP.asm
                jI2F16Beg   0x0009a0    program     static C:\MCC18\src\traditional\math\cast16FP.asm
                jI2F32Beg   0x000eb8    program     static C:\MCC18\src\traditional\math\cast32FP.asm
                    jLoop   0x000ca0    program     static C:\MCC18\src\traditional\math\castFP16.asm
                    jLoop   0x000b3e    program     static C:\MCC18\src\traditional\math\divFP.asm
                    jLoop   0x000f12    program     static C:\MCC18\src\traditional\math\castFP32.asm
                jLoopExit   0x000f26    program     static C:\MCC18\src\traditional\math\castFP32.asm
                jLoopExit   0x000cb0    program     static C:\MCC18\src\traditional\math\castFP16.asm
                     jMax   0x000ee2    program     static C:\MCC18\src\traditional\math\castFP32.asm
                     jMax   0x000c74    program     static C:\MCC18\src\traditional\math\castFP16.asm
                  jMaxNeg   0x000c82    program     static C:\MCC18\src\traditional\math\castFP16.asm
                  jMaxNeg   0x000ef4    program     static C:\MCC18\src\traditional\math\castFP32.asm
                  jMaxPos   0x000c78    program     static C:\MCC18\src\traditional\math\castFP16.asm
                  jMaxPos   0x000ee6    program     static C:\MCC18\src\traditional\math\castFP32.asm
                      jNE   0x000e30    program     static C:\MCC18\src\traditional\math\compFP.asm
                    jNext   0x000b64    program     static C:\MCC18\src\traditional\math\divFP.asm
                jNoAdjust   0x000b62    program     static C:\MCC18\src\traditional\math\divFP.asm
                  jNoExch   0x000e58    program     static C:\MCC18\src\traditional\math\compFP.asm
             jNotBothZero   0x000a06    program     static C:\MCC18\src\traditional\math\addFP.asm
                  jNotInf   0x000c90    program     static C:\MCC18\src\traditional\math\castFP16.asm
                  jNotInf   0x000f00    program     static C:\MCC18\src\traditional\math\castFP32.asm
                  jPkLoop   0x000d08    program     static C:\MCC18\src\traditional\math\packFP.asm
             jPkRoundDone   0x000d52    program     static C:\MCC18\src\traditional\math\packFP.asm
               jPkRoundIt   0x000d3a    program     static C:\MCC18\src\traditional\math\packFP.asm
             jPkShiftDone   0x000d24    program     static C:\MCC18\src\traditional\math\packFP.asm
           jReturnPosInf0   0x000cde    program     static C:\MCC18\src\traditional\math\packFP.asm
                  jRotate   0x000e8a    program     static C:\MCC18\src\traditional\math\compFP.asm
                   jShift   0x000e74    program     static C:\MCC18\src\traditional\math\compFP.asm
               jShiftDone   0x000a9c    program     static C:\MCC18\src\traditional\math\addFP.asm
               jShiftLoop   0x000a8e    program     static C:\MCC18\src\traditional\math\addFP.asm
                jSignDone   0x000acc    program     static C:\MCC18\src\traditional\math\addFP.asm
              jSignedZero   0x000b0c    program     static C:\MCC18\src\traditional\math\divFP.asm
                 jSignsEQ   0x000e14    program     static C:\MCC18\src\traditional\math\compFP.asm
                  jUnpkA1   0x000d7c    program     static C:\MCC18\src\traditional\math\UnpackFP.asm
                  jUnpkA2   0x000d94    program     static C:\MCC18\src\traditional\math\UnpackFP.asm
                 jUnpkANZ   0x000d8a    program     static C:\MCC18\src\traditional\math\UnpackFP.asm
                  jUnpkB1   0x000dac    program     static C:\MCC18\src\traditional\math\UnpackFP.asm
                  jUnpkB2   0x000dc4    program     static C:\MCC18\src\traditional\math\UnpackFP.asm
                 jUnpkBNZ   0x000dba    program     static C:\MCC18\src\traditional\math\UnpackFP.asm
                 jUnpkNaN   0x000d9e    program     static C:\MCC18\src\traditional\math\UnpackFP.asm
                 jWNotNeg   0x000a88    program     static C:\MCC18\src\traditional\math\addFP.asm
                   jWr123   0x000eec    program     static C:\MCC18\src\traditional\math\castFP32.asm
                  jWrZ123   0x000efc    program     static C:\MCC18\src\traditional\math\castFP32.asm
                    jZero   0x000c8a    program     static C:\MCC18\src\traditional\math\castFP16.asm
                    jZero   0x000efa    program     static C:\MCC18\src\traditional\math\castFP32.asm
               jZero1and2   0x000ce2    program     static C:\MCC18\src\traditional\math\packFP.asm
                    ldexp   0x001e90    program     extern C:\MCC18\src\traditional\stdclib\ldexp.c
                     loop   0x00246a    program     static                          
                     loop   0x0024bc    program     static                          
                   loop_h   0x00249a    program     static C:\MCC18\src\traditional\proc\p18F458.asm
                   loop_l   0x0024a4    program     static C:\MCC18\src\traditional\proc\p18F458.asm
                     main   0x00094c    program     extern C:\Users\hardik - admin\Desktop\final yr project codes and docs\two_motors_p_pos_xy_final\motor1\P_positive_continuous2\main1.c
          opto_initialize   0x000924    program     extern C:\Users\hardik - admin\Desktop\final yr project codes and docs\two_motors_p_pos_xy_final\motor1\P_positive_continuous2\main1.c
                      sin   0x00237c    program     extern C:\MCC18\src\traditional\stdclib\sin.c
                     sqrt   0x001a4e    program     extern C:\MCC18\src\traditional\stdclib\sqrt.c
                     test   0x002218    program     static                          
               zero_block   0x00249a    program     static C:\MCC18\src\traditional\proc\p18F458.asm
                   ADCON0   0x000fc2       data     extern C:\MCC18\src\traditional\proc\p18F458.asm
               ADCON0bits   0x000fc2       data     extern C:\MCC18\src\traditional\proc\p18F458.asm
                   ADCON1   0x000fc1       data     extern C:\MCC18\src\traditional\proc\p18F458.asm
               ADCON1bits   0x000fc1       data     extern C:\MCC18\src\traditional\proc\p18F458.asm
                    ADRES   0x000fc3       data     extern C:\MCC18\src\traditional\proc\p18F458.asm
                   ADRESH   0x000fc4       data     extern C:\MCC18\src\traditional\proc\p18F458.asm
                   ADRESL   0x000fc3       data     extern C:\MCC18\src\traditional\proc\p18F458.asm
                  BRGCON1   0x000f70       data     extern C:\MCC18\src\traditional\proc\p18F458.asm
              BRGCON1bits   0x000f70       data     extern C:\MCC18\src\traditional\proc\p18F458.asm
                  BRGCON2   0x000f71       data     extern C:\MCC18\src\traditional\proc\p18F458.asm
              BRGCON2bits   0x000f71       data     extern C:\MCC18\src\traditional\proc\p18F458.asm
                  BRGCON3   0x000f72       data     extern C:\MCC18\src\traditional\proc\p18F458.asm
              BRGCON3bits   0x000f72       data     extern C:\MCC18\src\traditional\proc\p18F458.asm
                      BSR   0x000fe0       data     extern C:\MCC18\src\traditional\proc\p18F458.asm
                   CANCON   0x000f6f       data     extern C:\MCC18\src\traditional\proc\p18F458.asm
               CANCONbits   0x000f6f       data     extern C:\MCC18\src\traditional\proc\p18F458.asm
                  CANSTAT   0x000f6e       data     extern C:\MCC18\src\traditional\proc\p18F458.asm
               CANSTATRO1   0x000f5e       data     extern C:\MCC18\src\traditional\proc\p18F458.asm
           CANSTATRO1bits   0x000f5e       data     extern C:\MCC18\src\traditional\proc\p18F458.asm
               CANSTATRO2   0x000f4e       data     extern C:\MCC18\src\traditional\proc\p18F458.asm
           CANSTATRO2bits   0x000f4e       data     extern C:\MCC18\src\traditional\proc\p18F458.asm
               CANSTATRO3   0x000f3e       data     extern C:\MCC18\src\traditional\proc\p18F458.asm
           CANSTATRO3bits   0x000f3e       data     extern C:\MCC18\src\traditional\proc\p18F458.asm
               CANSTATRO4   0x000f2e       data     extern C:\MCC18\src\traditional\proc\p18F458.asm
           CANSTATRO4bits   0x000f2e       data     extern C:\MCC18\src\traditional\proc\p18F458.asm
              CANSTATbits   0x000f6e       data     extern C:\MCC18\src\traditional\proc\p18F458.asm
                  CCP1CON   0x000fbd       data     extern C:\MCC18\src\traditional\proc\p18F458.asm
              CCP1CONbits   0x000fbd       data     extern C:\MCC18\src\traditional\proc\p18F458.asm
                   CCPR1H   0x000fbf       data     extern C:\MCC18\src\traditional\proc\p18F458.asm
                   CCPR1L   0x000fbe       data     extern C:\MCC18\src\traditional\proc\p18F458.asm
                   CIOCON   0x000f73       data     extern C:\MCC18\src\traditional\proc\p18F458.asm
               CIOCONbits   0x000f73       data     extern C:\MCC18\src\traditional\proc\p18F458.asm
                    CMCON   0x000fb4       data     extern C:\MCC18\src\traditional\proc\p18F458.asm
                CMCONbits   0x000fb4       data     extern C:\MCC18\src\traditional\proc\p18F458.asm
                  COMSTAT   0x000f74       data     extern C:\MCC18\src\traditional\proc\p18F458.asm
              COMSTATbits   0x000f74       data     extern C:\MCC18\src\traditional\proc\p18F458.asm
                   CVRCON   0x000fb5       data     extern C:\MCC18\src\traditional\proc\p18F458.asm
               CVRCONbits   0x000fb5       data     extern C:\MCC18\src\traditional\proc\p18F458.asm
                     DDRA   0x000f92       data     extern C:\MCC18\src\traditional\proc\p18F458.asm
                 DDRAbits   0x000f92       data     extern C:\MCC18\src\traditional\proc\p18F458.asm
                     DDRB   0x000f93       data     extern C:\MCC18\src\traditional\proc\p18F458.asm
                 DDRBbits   0x000f93       data     extern C:\MCC18\src\traditional\proc\p18F458.asm
                     DDRC   0x000f94       data     extern C:\MCC18\src\traditional\proc\p18F458.asm
                 DDRCbits   0x000f94       data     extern C:\MCC18\src\traditional\proc\p18F458.asm
                     DDRD   0x000f95       data     extern C:\MCC18\src\traditional\proc\p18F458.asm
                 DDRDbits   0x000f95       data     extern C:\MCC18\src\traditional\proc\p18F458.asm
                     DDRE   0x000f96       data     extern C:\MCC18\src\traditional\proc\p18F458.asm
                 DDREbits   0x000f96       data     extern C:\MCC18\src\traditional\proc\p18F458.asm
                 ECCP1CON   0x000fba       data     extern C:\MCC18\src\traditional\proc\p18F458.asm
             ECCP1CONbits   0x000fba       data     extern C:\MCC18\src\traditional\proc\p18F458.asm
                 ECCP1DEL   0x000fb7       data     extern C:\MCC18\src\traditional\proc\p18F458.asm
             ECCP1DELbits   0x000fb7       data     extern C:\MCC18\src\traditional\proc\p18F458.asm
                   ECCPAS   0x000fb6       data     extern C:\MCC18\src\traditional\proc\p18F458.asm
               ECCPASbits   0x000fb6       data     extern C:\MCC18\src\traditional\proc\p18F458.asm
                   ECCPR1   0x000fbb       data     extern C:\MCC18\src\traditional\proc\p18F458.asm
                  ECCPR1H   0x000fbc       data     extern C:\MCC18\src\traditional\proc\p18F458.asm
                  ECCPR1L   0x000fbb       data     extern C:\MCC18\src\traditional\proc\p18F458.asm
                    EEADR   0x000fa9       data     extern C:\MCC18\src\traditional\proc\p18F458.asm
                   EECON1   0x000fa6       data     extern C:\MCC18\src\traditional\proc\p18F458.asm
               EECON1bits   0x000fa6       data     extern C:\MCC18\src\traditional\proc\p18F458.asm
                   EECON2   0x000fa7       data     extern C:\MCC18\src\traditional\proc\p18F458.asm
                   EEDATA   0x000fa8       data     extern C:\MCC18\src\traditional\proc\p18F458.asm
                     FSR0   0x000fe9       data     extern C:\MCC18\src\traditional\proc\p18F458.asm
                    FSR0H   0x000fea       data     extern C:\MCC18\src\traditional\proc\p18F458.asm
                    FSR0L   0x000fe9       data     extern C:\MCC18\src\traditional\proc\p18F458.asm
                     FSR1   0x000fe1       data     extern C:\MCC18\src\traditional\proc\p18F458.asm
                    FSR1H   0x000fe2       data     extern C:\MCC18\src\traditional\proc\p18F458.asm
                    FSR1L   0x000fe1       data     extern C:\MCC18\src\traditional\proc\p18F458.asm
                     FSR2   0x000fd9       data     extern C:\MCC18\src\traditional\proc\p18F458.asm
                    FSR2H   0x000fda       data     extern C:\MCC18\src\traditional\proc\p18F458.asm
                    FSR2L   0x000fd9       data     extern C:\MCC18\src\traditional\proc\p18F458.asm
                    INDF0   0x000fef       data     extern C:\MCC18\src\traditional\proc\p18F458.asm
                    INDF1   0x000fe7       data     extern C:\MCC18\src\traditional\proc\p18F458.asm
                    INDF2   0x000fdf       data     extern C:\MCC18\src\traditional\proc\p18F458.asm
                   INTCON   0x000ff2       data     extern C:\MCC18\src\traditional\proc\p18F458.asm
                  INTCON2   0x000ff1       data     extern C:\MCC18\src\traditional\proc\p18F458.asm
              INTCON2bits   0x000ff1       data     extern C:\MCC18\src\traditional\proc\p18F458.asm
                  INTCON3   0x000ff0       data     extern C:\MCC18\src\traditional\proc\p18F458.asm
              INTCON3bits   0x000ff0       data     extern C:\MCC18\src\traditional\proc\p18F458.asm
               INTCONbits   0x000ff2       data     extern C:\MCC18\src\traditional\proc\p18F458.asm
                     IPR1   0x000f9f       data     extern C:\MCC18\src\traditional\proc\p18F458.asm
                 IPR1bits   0x000f9f       data     extern C:\MCC18\src\traditional\proc\p18F458.asm
                     IPR2   0x000fa2       data     extern C:\MCC18\src\traditional\proc\p18F458.asm
                 IPR2bits   0x000fa2       data     extern C:\MCC18\src\traditional\proc\p18F458.asm
                     IPR3   0x000fa5       data     extern C:\MCC18\src\traditional\proc\p18F458.asm
                 IPR3bits   0x000fa5       data     extern C:\MCC18\src\traditional\proc\p18F458.asm
                     LATA   0x000f89       data     extern C:\MCC18\src\traditional\proc\p18F458.asm
                 LATAbits   0x000f89       data     extern C:\MCC18\src\traditional\proc\p18F458.asm
                     LATB   0x000f8a       data     extern C:\MCC18\src\traditional\proc\p18F458.asm
                 LATBbits   0x000f8a       data     extern C:\MCC18\src\traditional\proc\p18F458.asm
                     LATC   0x000f8b       data     extern C:\MCC18\src\traditional\proc\p18F458.asm
                 LATCbits   0x000f8b       data     extern C:\MCC18\src\traditional\proc\p18F458.asm
                     LATD   0x000f8c       data     extern C:\MCC18\src\traditional\proc\p18F458.asm
                 LATDbits   0x000f8c       data     extern C:\MCC18\src\traditional\proc\p18F458.asm
                     LATE   0x000f8d       data     extern C:\MCC18\src\traditional\proc\p18F458.asm
                 LATEbits   0x000f8d       data     extern C:\MCC18\src\traditional\proc\p18F458.asm
                   LVDCON   0x000fd2       data     extern C:\MCC18\src\traditional\proc\p18F458.asm
               LVDCONbits   0x000fd2       data     extern C:\MCC18\src\traditional\proc\p18F458.asm
                   OSCCON   0x000fd3       data     extern C:\MCC18\src\traditional\proc\p18F458.asm
               OSCCONbits   0x000fd3       data     extern C:\MCC18\src\traditional\proc\p18F458.asm
                       PC   0x000ff9       data     extern C:\MCC18\src\traditional\proc\p18F458.asm
                      PCL   0x000ff9       data     extern C:\MCC18\src\traditional\proc\p18F458.asm
                   PCLATH   0x000ffa       data     extern C:\MCC18\src\traditional\proc\p18F458.asm
                   PCLATU   0x000ffb       data     extern C:\MCC18\src\traditional\proc\p18F458.asm
                     PIE1   0x000f9d       data     extern C:\MCC18\src\traditional\proc\p18F458.asm
                 PIE1bits   0x000f9d       data     extern C:\MCC18\src\traditional\proc\p18F458.asm
                     PIE2   0x000fa0       data     extern C:\MCC18\src\traditional\proc\p18F458.asm
                 PIE2bits   0x000fa0       data     extern C:\MCC18\src\traditional\proc\p18F458.asm
                     PIE3   0x000fa3       data     extern C:\MCC18\src\traditional\proc\p18F458.asm
                 PIE3bits   0x000fa3       data     extern C:\MCC18\src\traditional\proc\p18F458.asm
                     PIR1   0x000f9e       data     extern C:\MCC18\src\traditional\proc\p18F458.asm
                 PIR1bits   0x000f9e       data     extern C:\MCC18\src\traditional\proc\p18F458.asm
                     PIR2   0x000fa1       data     extern C:\MCC18\src\traditional\proc\p18F458.asm
                 PIR2bits   0x000fa1       data     extern C:\MCC18\src\traditional\proc\p18F458.asm
                     PIR3   0x000fa4       data     extern C:\MCC18\src\traditional\proc\p18F458.asm
                 PIR3bits   0x000fa4       data     extern C:\MCC18\src\traditional\proc\p18F458.asm
                   PLUSW0   0x000feb       data     extern C:\MCC18\src\traditional\proc\p18F458.asm
                   PLUSW1   0x000fe3       data     extern C:\MCC18\src\traditional\proc\p18F458.asm
                   PLUSW2   0x000fdb       data     extern C:\MCC18\src\traditional\proc\p18F458.asm
                    PORTA   0x000f80       data     extern C:\MCC18\src\traditional\proc\p18F458.asm
                PORTAbits   0x000f80       data     extern C:\MCC18\src\traditional\proc\p18F458.asm
                    PORTB   0x000f81       data     extern C:\MCC18\src\traditional\proc\p18F458.asm
                PORTBbits   0x000f81       data     extern C:\MCC18\src\traditional\proc\p18F458.asm
                    PORTC   0x000f82       data     extern C:\MCC18\src\traditional\proc\p18F458.asm
                PORTCbits   0x000f82       data     extern C:\MCC18\src\traditional\proc\p18F458.asm
                    PORTD   0x000f83       data     extern C:\MCC18\src\traditional\proc\p18F458.asm
                PORTDbits   0x000f83       data     extern C:\MCC18\src\traditional\proc\p18F458.asm
                    PORTE   0x000f84       data     extern C:\MCC18\src\traditional\proc\p18F458.asm
                PORTEbits   0x000f84       data     extern C:\MCC18\src\traditional\proc\p18F458.asm
                 POSTDEC0   0x000fed       data     extern C:\MCC18\src\traditional\proc\p18F458.asm
                 POSTDEC1   0x000fe5       data     extern C:\MCC18\src\traditional\proc\p18F458.asm
                 POSTDEC2   0x000fdd       data     extern C:\MCC18\src\traditional\proc\p18F458.asm
                 POSTINC0   0x000fee       data     extern C:\MCC18\src\traditional\proc\p18F458.asm
                 POSTINC1   0x000fe6       data     extern C:\MCC18\src\traditional\proc\p18F458.asm
                 POSTINC2   0x000fde       data     extern C:\MCC18\src\traditional\proc\p18F458.asm
                      PR2   0x000fcb       data     extern C:\MCC18\src\traditional\proc\p18F458.asm
                  PREINC0   0x000fec       data     extern C:\MCC18\src\traditional\proc\p18F458.asm
                  PREINC1   0x000fe4       data     extern C:\MCC18\src\traditional\proc\p18F458.asm
                  PREINC2   0x000fdc       data     extern C:\MCC18\src\traditional\proc\p18F458.asm
                     PROD   0x000ff3       data     extern C:\MCC18\src\traditional\proc\p18F458.asm
                    PRODH   0x000ff4       data     extern C:\MCC18\src\traditional\proc\p18F458.asm
                    PRODL   0x000ff3       data     extern C:\MCC18\src\traditional\proc\p18F458.asm
                     RCON   0x000fd0       data     extern C:\MCC18\src\traditional\proc\p18F458.asm
                 RCONbits   0x000fd0       data     extern C:\MCC18\src\traditional\proc\p18F458.asm
                    RCREG   0x000fae       data     extern C:\MCC18\src\traditional\proc\p18F458.asm
                    RCSTA   0x000fab       data     extern C:\MCC18\src\traditional\proc\p18F458.asm
                RCSTAbits   0x000fab       data     extern C:\MCC18\src\traditional\proc\p18F458.asm
                  RXB0CON   0x000f60       data     extern C:\MCC18\src\traditional\proc\p18F458.asm
              RXB0CONbits   0x000f60       data     extern C:\MCC18\src\traditional\proc\p18F458.asm
                   RXB0D0   0x000f66       data     extern C:\MCC18\src\traditional\proc\p18F458.asm
               RXB0D0bits   0x000f66       data     extern C:\MCC18\src\traditional\proc\p18F458.asm
                   RXB0D1   0x000f67       data     extern C:\MCC18\src\traditional\proc\p18F458.asm
               RXB0D1bits   0x000f67       data     extern C:\MCC18\src\traditional\proc\p18F458.asm
                   RXB0D2   0x000f68       data     extern C:\MCC18\src\traditional\proc\p18F458.asm
               RXB0D2bits   0x000f68       data     extern C:\MCC18\src\traditional\proc\p18F458.asm
                   RXB0D3   0x000f69       data     extern C:\MCC18\src\traditional\proc\p18F458.asm
               RXB0D3bits   0x000f69       data     extern C:\MCC18\src\traditional\proc\p18F458.asm
                   RXB0D4   0x000f6a       data     extern C:\MCC18\src\traditional\proc\p18F458.asm
               RXB0D4bits   0x000f6a       data     extern C:\MCC18\src\traditional\proc\p18F458.asm
                   RXB0D5   0x000f6b       data     extern C:\MCC18\src\traditional\proc\p18F458.asm
               RXB0D5bits   0x000f6b       data     extern C:\MCC18\src\traditional\proc\p18F458.asm
                   RXB0D6   0x000f6c       data     extern C:\MCC18\src\traditional\proc\p18F458.asm
               RXB0D6bits   0x000f6c       data     extern C:\MCC18\src\traditional\proc\p18F458.asm
                   RXB0D7   0x000f6d       data     extern C:\MCC18\src\traditional\proc\p18F458.asm
               RXB0D7bits   0x000f6d       data     extern C:\MCC18\src\traditional\proc\p18F458.asm
                  RXB0DLC   0x000f65       data     extern C:\MCC18\src\traditional\proc\p18F458.asm
              RXB0DLCbits   0x000f65       data     extern C:\MCC18\src\traditional\proc\p18F458.asm
                 RXB0EIDH   0x000f63       data     extern C:\MCC18\src\traditional\proc\p18F458.asm
             RXB0EIDHbits   0x000f63       data     extern C:\MCC18\src\traditional\proc\p18F458.asm
                 RXB0EIDL   0x000f64       data     extern C:\MCC18\src\traditional\proc\p18F458.asm
             RXB0EIDLbits   0x000f64       data     extern C:\MCC18\src\traditional\proc\p18F458.asm
                 RXB0SIDH   0x000f61       data     extern C:\MCC18\src\traditional\proc\p18F458.asm
             RXB0SIDHbits   0x000f61       data     extern C:\MCC18\src\traditional\proc\p18F458.asm
                 RXB0SIDL   0x000f62       data     extern C:\MCC18\src\traditional\proc\p18F458.asm
             RXB0SIDLbits   0x000f62       data     extern C:\MCC18\src\traditional\proc\p18F458.asm
                  RXB1CON   0x000f50       data     extern C:\MCC18\src\traditional\proc\p18F458.asm
              RXB1CONbits   0x000f50       data     extern C:\MCC18\src\traditional\proc\p18F458.asm
                   RXB1D0   0x000f56       data     extern C:\MCC18\src\traditional\proc\p18F458.asm
               RXB1D0bits   0x000f56       data     extern C:\MCC18\src\traditional\proc\p18F458.asm
                   RXB1D1   0x000f57       data     extern C:\MCC18\src\traditional\proc\p18F458.asm
               RXB1D1bits   0x000f57       data     extern C:\MCC18\src\traditional\proc\p18F458.asm
                   RXB1D2   0x000f58       data     extern C:\MCC18\src\traditional\proc\p18F458.asm
               RXB1D2bits   0x000f58       data     extern C:\MCC18\src\traditional\proc\p18F458.asm
                   RXB1D3   0x000f59       data     extern C:\MCC18\src\traditional\proc\p18F458.asm
               RXB1D3bits   0x000f59       data     extern C:\MCC18\src\traditional\proc\p18F458.asm
                   RXB1D4   0x000f5a       data     extern C:\MCC18\src\traditional\proc\p18F458.asm
               RXB1D4bits   0x000f5a       data     extern C:\MCC18\src\traditional\proc\p18F458.asm
                   RXB1D5   0x000f5b       data     extern C:\MCC18\src\traditional\proc\p18F458.asm
               RXB1D5bits   0x000f5b       data     extern C:\MCC18\src\traditional\proc\p18F458.asm
                   RXB1D6   0x000f5c       data     extern C:\MCC18\src\traditional\proc\p18F458.asm
               RXB1D6bits   0x000f5c       data     extern C:\MCC18\src\traditional\proc\p18F458.asm
                   RXB1D7   0x000f5d       data     extern C:\MCC18\src\traditional\proc\p18F458.asm
               RXB1D7bits   0x000f5d       data     extern C:\MCC18\src\traditional\proc\p18F458.asm
                  RXB1DLC   0x000f55       data     extern C:\MCC18\src\traditional\proc\p18F458.asm
              RXB1DLCbits   0x000f55       data     extern C:\MCC18\src\traditional\proc\p18F458.asm
                 RXB1EIDH   0x000f53       data     extern C:\MCC18\src\traditional\proc\p18F458.asm
             RXB1EIDHbits   0x000f53       data     extern C:\MCC18\src\traditional\proc\p18F458.asm
                 RXB1EIDL   0x000f54       data     extern C:\MCC18\src\traditional\proc\p18F458.asm
             RXB1EIDLbits   0x000f54       data     extern C:\MCC18\src\traditional\proc\p18F458.asm
                 RXB1SIDH   0x000f51       data     extern C:\MCC18\src\traditional\proc\p18F458.asm
             RXB1SIDHbits   0x000f51       data     extern C:\MCC18\src\traditional\proc\p18F458.asm
                 RXB1SIDL   0x000f52       data     extern C:\MCC18\src\traditional\proc\p18F458.asm
             RXB1SIDLbits   0x000f52       data     extern C:\MCC18\src\traditional\proc\p18F458.asm
                 RXERRCNT   0x000f75       data     extern C:\MCC18\src\traditional\proc\p18F458.asm
             RXERRCNTbits   0x000f75       data     extern C:\MCC18\src\traditional\proc\p18F458.asm
                 RXF0EIDH   0x000f02       data     extern C:\MCC18\src\traditional\proc\p18F458.asm
             RXF0EIDHbits   0x000f02       data     extern C:\MCC18\src\traditional\proc\p18F458.asm
                 RXF0EIDL   0x000f03       data     extern C:\MCC18\src\traditional\proc\p18F458.asm
             RXF0EIDLbits   0x000f03       data     extern C:\MCC18\src\traditional\proc\p18F458.asm
                 RXF0SIDH   0x000f00       data     extern C:\MCC18\src\traditional\proc\p18F458.asm
             RXF0SIDHbits   0x000f00       data     extern C:\MCC18\src\traditional\proc\p18F458.asm
                 RXF0SIDL   0x000f01       data     extern C:\MCC18\src\traditional\proc\p18F458.asm
             RXF0SIDLbits   0x000f01       data     extern C:\MCC18\src\traditional\proc\p18F458.asm
                 RXF1EIDH   0x000f06       data     extern C:\MCC18\src\traditional\proc\p18F458.asm
             RXF1EIDHbits   0x000f06       data     extern C:\MCC18\src\traditional\proc\p18F458.asm
                 RXF1EIDL   0x000f07       data     extern C:\MCC18\src\traditional\proc\p18F458.asm
             RXF1EIDLbits   0x000f07       data     extern C:\MCC18\src\traditional\proc\p18F458.asm
                 RXF1SIDH   0x000f04       data     extern C:\MCC18\src\traditional\proc\p18F458.asm
             RXF1SIDHbits   0x000f04       data     extern C:\MCC18\src\traditional\proc\p18F458.asm
                 RXF1SIDL   0x000f05       data     extern C:\MCC18\src\traditional\proc\p18F458.asm
             RXF1SIDLbits   0x000f05       data     extern C:\MCC18\src\traditional\proc\p18F458.asm
                 RXF2EIDH   0x000f0a       data     extern C:\MCC18\src\traditional\proc\p18F458.asm
             RXF2EIDHbits   0x000f0a       data     extern C:\MCC18\src\traditional\proc\p18F458.asm
                 RXF2EIDL   0x000f0b       data     extern C:\MCC18\src\traditional\proc\p18F458.asm
             RXF2EIDLbits   0x000f0b       data     extern C:\MCC18\src\traditional\proc\p18F458.asm
                 RXF2SIDH   0x000f08       data     extern C:\MCC18\src\traditional\proc\p18F458.asm
             RXF2SIDHbits   0x000f08       data     extern C:\MCC18\src\traditional\proc\p18F458.asm
                 RXF2SIDL   0x000f09       data     extern C:\MCC18\src\traditional\proc\p18F458.asm
             RXF2SIDLbits   0x000f09       data     extern C:\MCC18\src\traditional\proc\p18F458.asm
                 RXF3EIDH   0x000f0e       data     extern C:\MCC18\src\traditional\proc\p18F458.asm
             RXF3EIDHbits   0x000f0e       data     extern C:\MCC18\src\traditional\proc\p18F458.asm
                 RXF3EIDL   0x000f0f       data     extern C:\MCC18\src\traditional\proc\p18F458.asm
             RXF3EIDLbits   0x000f0f       data     extern C:\MCC18\src\traditional\proc\p18F458.asm
                 RXF3SIDH   0x000f0c       data     extern C:\MCC18\src\traditional\proc\p18F458.asm
             RXF3SIDHbits   0x000f0c       data     extern C:\MCC18\src\traditional\proc\p18F458.asm
                 RXF3SIDL   0x000f0d       data     extern C:\MCC18\src\traditional\proc\p18F458.asm
             RXF3SIDLbits   0x000f0d       data     extern C:\MCC18\src\traditional\proc\p18F458.asm
                 RXF4EIDH   0x000f12       data     extern C:\MCC18\src\traditional\proc\p18F458.asm
             RXF4EIDHbits   0x000f12       data     extern C:\MCC18\src\traditional\proc\p18F458.asm
                 RXF4EIDL   0x000f13       data     extern C:\MCC18\src\traditional\proc\p18F458.asm
             RXF4EIDLbits   0x000f13       data     extern C:\MCC18\src\traditional\proc\p18F458.asm
                 RXF4SIDH   0x000f10       data     extern C:\MCC18\src\traditional\proc\p18F458.asm
             RXF4SIDHbits   0x000f10       data     extern C:\MCC18\src\traditional\proc\p18F458.asm
                 RXF4SIDL   0x000f11       data     extern C:\MCC18\src\traditional\proc\p18F458.asm
             RXF4SIDLbits   0x000f11       data     extern C:\MCC18\src\traditional\proc\p18F458.asm
                 RXF5EIDH   0x000f16       data     extern C:\MCC18\src\traditional\proc\p18F458.asm
             RXF5EIDHbits   0x000f16       data     extern C:\MCC18\src\traditional\proc\p18F458.asm
                 RXF5EIDL   0x000f17       data     extern C:\MCC18\src\traditional\proc\p18F458.asm
             RXF5EIDLbits   0x000f17       data     extern C:\MCC18\src\traditional\proc\p18F458.asm
                 RXF5SIDH   0x000f14       data     extern C:\MCC18\src\traditional\proc\p18F458.asm
             RXF5SIDHbits   0x000f14       data     extern C:\MCC18\src\traditional\proc\p18F458.asm
                 RXF5SIDL   0x000f15       data     extern C:\MCC18\src\traditional\proc\p18F458.asm
             RXF5SIDLbits   0x000f15       data     extern C:\MCC18\src\traditional\proc\p18F458.asm
                 RXM0EIDH   0x000f1a       data     extern C:\MCC18\src\traditional\proc\p18F458.asm
             RXM0EIDHbits   0x000f1a       data     extern C:\MCC18\src\traditional\proc\p18F458.asm
                 RXM0EIDL   0x000f1b       data     extern C:\MCC18\src\traditional\proc\p18F458.asm
             RXM0EIDLbits   0x000f1b       data     extern C:\MCC18\src\traditional\proc\p18F458.asm
                 RXM0SIDH   0x000f18       data     extern C:\MCC18\src\traditional\proc\p18F458.asm
             RXM0SIDHbits   0x000f18       data     extern C:\MCC18\src\traditional\proc\p18F458.asm
                 RXM0SIDL   0x000f19       data     extern C:\MCC18\src\traditional\proc\p18F458.asm
             RXM0SIDLbits   0x000f19       data     extern C:\MCC18\src\traditional\proc\p18F458.asm
                 RXM1EIDH   0x000f1e       data     extern C:\MCC18\src\traditional\proc\p18F458.asm
             RXM1EIDHbits   0x000f1e       data     extern C:\MCC18\src\traditional\proc\p18F458.asm
                 RXM1EIDL   0x000f1f       data     extern C:\MCC18\src\traditional\proc\p18F458.asm
             RXM1EIDLbits   0x000f1f       data     extern C:\MCC18\src\traditional\proc\p18F458.asm
                 RXM1SIDH   0x000f1c       data     extern C:\MCC18\src\traditional\proc\p18F458.asm
             RXM1SIDHbits   0x000f1c       data     extern C:\MCC18\src\traditional\proc\p18F458.asm
                 RXM1SIDL   0x000f1d       data     extern C:\MCC18\src\traditional\proc\p18F458.asm
             RXM1SIDLbits   0x000f1d       data     extern C:\MCC18\src\traditional\proc\p18F458.asm
                     SIGN   0x000046       data     extern C:\MCC18\src\traditional\math\cmath18.asm
                    SPBRG   0x000faf       data     extern C:\MCC18\src\traditional\proc\p18F458.asm
                   SSPADD   0x000fc8       data     extern C:\MCC18\src\traditional\proc\p18F458.asm
                   SSPBUF   0x000fc9       data     extern C:\MCC18\src\traditional\proc\p18F458.asm
                  SSPCON1   0x000fc6       data     extern C:\MCC18\src\traditional\proc\p18F458.asm
              SSPCON1bits   0x000fc6       data     extern C:\MCC18\src\traditional\proc\p18F458.asm
                  SSPCON2   0x000fc5       data     extern C:\MCC18\src\traditional\proc\p18F458.asm
              SSPCON2bits   0x000fc5       data     extern C:\MCC18\src\traditional\proc\p18F458.asm
                  SSPSTAT   0x000fc7       data     extern C:\MCC18\src\traditional\proc\p18F458.asm
              SSPSTATbits   0x000fc7       data     extern C:\MCC18\src\traditional\proc\p18F458.asm
                   STATUS   0x000fd8       data     extern C:\MCC18\src\traditional\proc\p18F458.asm
               STATUSbits   0x000fd8       data     extern C:\MCC18\src\traditional\proc\p18F458.asm
                   STKPTR   0x000ffc       data     extern C:\MCC18\src\traditional\proc\p18F458.asm
               STKPTRbits   0x000ffc       data     extern C:\MCC18\src\traditional\proc\p18F458.asm
                    T0CON   0x000fd5       data     extern C:\MCC18\src\traditional\proc\p18F458.asm
                T0CONbits   0x000fd5       data     extern C:\MCC18\src\traditional\proc\p18F458.asm
                    T1CON   0x000fcd       data     extern C:\MCC18\src\traditional\proc\p18F458.asm
                T1CONbits   0x000fcd       data     extern C:\MCC18\src\traditional\proc\p18F458.asm
                    T2CON   0x000fca       data     extern C:\MCC18\src\traditional\proc\p18F458.asm
                T2CONbits   0x000fca       data     extern C:\MCC18\src\traditional\proc\p18F458.asm
                    T3CON   0x000fb1       data     extern C:\MCC18\src\traditional\proc\p18F458.asm
                T3CONbits   0x000fb1       data     extern C:\MCC18\src\traditional\proc\p18F458.asm
                   TABLAT   0x000ff5       data     extern C:\MCC18\src\traditional\proc\p18F458.asm
                   TBLPTR   0x000ff6       data     extern C:\MCC18\src\traditional\proc\p18F458.asm
                  TBLPTRH   0x000ff7       data     extern C:\MCC18\src\traditional\proc\p18F458.asm
                  TBLPTRL   0x000ff6       data     extern C:\MCC18\src\traditional\proc\p18F458.asm
                  TBLPTRU   0x000ff8       data     extern C:\MCC18\src\traditional\proc\p18F458.asm
                    TMR0H   0x000fd7       data     extern C:\MCC18\src\traditional\proc\p18F458.asm
                    TMR0L   0x000fd6       data     extern C:\MCC18\src\traditional\proc\p18F458.asm
                    TMR1H   0x000fcf       data     extern C:\MCC18\src\traditional\proc\p18F458.asm
                    TMR1L   0x000fce       data     extern C:\MCC18\src\traditional\proc\p18F458.asm
                     TMR2   0x000fcc       data     extern C:\MCC18\src\traditional\proc\p18F458.asm
                    TMR3H   0x000fb3       data     extern C:\MCC18\src\traditional\proc\p18F458.asm
                    TMR3L   0x000fb2       data     extern C:\MCC18\src\traditional\proc\p18F458.asm
                      TOS   0x000ffd       data     extern C:\MCC18\src\traditional\proc\p18F458.asm
                     TOSH   0x000ffe       data     extern C:\MCC18\src\traditional\proc\p18F458.asm
                     TOSL   0x000ffd       data     extern C:\MCC18\src\traditional\proc\p18F458.asm
                     TOSU   0x000fff       data     extern C:\MCC18\src\traditional\proc\p18F458.asm
                    TRISA   0x000f92       data     extern C:\MCC18\src\traditional\proc\p18F458.asm
                TRISAbits   0x000f92       data     extern C:\MCC18\src\traditional\proc\p18F458.asm
                    TRISB   0x000f93       data     extern C:\MCC18\src\traditional\proc\p18F458.asm
                TRISBbits   0x000f93       data     extern C:\MCC18\src\traditional\proc\p18F458.asm
                    TRISC   0x000f94       data     extern C:\MCC18\src\traditional\proc\p18F458.asm
                TRISCbits   0x000f94       data     extern C:\MCC18\src\traditional\proc\p18F458.asm
                    TRISD   0x000f95       data     extern C:\MCC18\src\traditional\proc\p18F458.asm
                TRISDbits   0x000f95       data     extern C:\MCC18\src\traditional\proc\p18F458.asm
                    TRISE   0x000f96       data     extern C:\MCC18\src\traditional\proc\p18F458.asm
                TRISEbits   0x000f96       data     extern C:\MCC18\src\traditional\proc\p18F458.asm
                  TXB0CON   0x000f40       data     extern C:\MCC18\src\traditional\proc\p18F458.asm
              TXB0CONbits   0x000f40       data     extern C:\MCC18\src\traditional\proc\p18F458.asm
                   TXB0D0   0x000f46       data     extern C:\MCC18\src\traditional\proc\p18F458.asm
               TXB0D0bits   0x000f46       data     extern C:\MCC18\src\traditional\proc\p18F458.asm
                   TXB0D1   0x000f47       data     extern C:\MCC18\src\traditional\proc\p18F458.asm
               TXB0D1bits   0x000f47       data     extern C:\MCC18\src\traditional\proc\p18F458.asm
                   TXB0D2   0x000f48       data     extern C:\MCC18\src\traditional\proc\p18F458.asm
               TXB0D2bits   0x000f48       data     extern C:\MCC18\src\traditional\proc\p18F458.asm
                   TXB0D3   0x000f49       data     extern C:\MCC18\src\traditional\proc\p18F458.asm
               TXB0D3bits   0x000f49       data     extern C:\MCC18\src\traditional\proc\p18F458.asm
                   TXB0D4   0x000f4a       data     extern C:\MCC18\src\traditional\proc\p18F458.asm
               TXB0D4bits   0x000f4a       data     extern C:\MCC18\src\traditional\proc\p18F458.asm
                   TXB0D5   0x000f4b       data     extern C:\MCC18\src\traditional\proc\p18F458.asm
               TXB0D5bits   0x000f4b       data     extern C:\MCC18\src\traditional\proc\p18F458.asm
                   TXB0D6   0x000f4c       data     extern C:\MCC18\src\traditional\proc\p18F458.asm
               TXB0D6bits   0x000f4c       data     extern C:\MCC18\src\traditional\proc\p18F458.asm
                   TXB0D7   0x000f4d       data     extern C:\MCC18\src\traditional\proc\p18F458.asm
               TXB0D7bits   0x000f4d       data     extern C:\MCC18\src\traditional\proc\p18F458.asm
                  TXB0DLC   0x000f45       data     extern C:\MCC18\src\traditional\proc\p18F458.asm
              TXB0DLCbits   0x000f45       data     extern C:\MCC18\src\traditional\proc\p18F458.asm
                 TXB0EIDH   0x000f43       data     extern C:\MCC18\src\traditional\proc\p18F458.asm
             TXB0EIDHbits   0x000f43       data     extern C:\MCC18\src\traditional\proc\p18F458.asm
                 TXB0EIDL   0x000f44       data     extern C:\MCC18\src\traditional\proc\p18F458.asm
             TXB0EIDLbits   0x000f44       data     extern C:\MCC18\src\traditional\proc\p18F458.asm
                 TXB0SIDH   0x000f41       data     extern C:\MCC18\src\traditional\proc\p18F458.asm
             TXB0SIDHbits   0x000f41       data     extern C:\MCC18\src\traditional\proc\p18F458.asm
                 TXB0SIDL   0x000f42       data     extern C:\MCC18\src\traditional\proc\p18F458.asm
             TXB0SIDLbits   0x000f42       data     extern C:\MCC18\src\traditional\proc\p18F458.asm
                  TXB1CON   0x000f30       data     extern C:\MCC18\src\traditional\proc\p18F458.asm
              TXB1CONbits   0x000f30       data     extern C:\MCC18\src\traditional\proc\p18F458.asm
                   TXB1D0   0x000f36       data     extern C:\MCC18\src\traditional\proc\p18F458.asm
               TXB1D0bits   0x000f36       data     extern C:\MCC18\src\traditional\proc\p18F458.asm
                   TXB1D1   0x000f37       data     extern C:\MCC18\src\traditional\proc\p18F458.asm
               TXB1D1bits   0x000f37       data     extern C:\MCC18\src\traditional\proc\p18F458.asm
                   TXB1D2   0x000f38       data     extern C:\MCC18\src\traditional\proc\p18F458.asm
               TXB1D2bits   0x000f38       data     extern C:\MCC18\src\traditional\proc\p18F458.asm
                   TXB1D3   0x000f39       data     extern C:\MCC18\src\traditional\proc\p18F458.asm
               TXB1D3bits   0x000f39       data     extern C:\MCC18\src\traditional\proc\p18F458.asm
                   TXB1D4   0x000f3a       data     extern C:\MCC18\src\traditional\proc\p18F458.asm
               TXB1D4bits   0x000f3a       data     extern C:\MCC18\src\traditional\proc\p18F458.asm
                   TXB1D5   0x000f3b       data     extern C:\MCC18\src\traditional\proc\p18F458.asm
               TXB1D5bits   0x000f3b       data     extern C:\MCC18\src\traditional\proc\p18F458.asm
                   TXB1D6   0x000f3c       data     extern C:\MCC18\src\traditional\proc\p18F458.asm
               TXB1D6bits   0x000f3c       data     extern C:\MCC18\src\traditional\proc\p18F458.asm
                   TXB1D7   0x000f3d       data     extern C:\MCC18\src\traditional\proc\p18F458.asm
               TXB1D7bits   0x000f3d       data     extern C:\MCC18\src\traditional\proc\p18F458.asm
                  TXB1DLC   0x000f35       data     extern C:\MCC18\src\traditional\proc\p18F458.asm
              TXB1DLCbits   0x000f35       data     extern C:\MCC18\src\traditional\proc\p18F458.asm
                 TXB1EIDH   0x000f33       data     extern C:\MCC18\src\traditional\proc\p18F458.asm
             TXB1EIDHbits   0x000f33       data     extern C:\MCC18\src\traditional\proc\p18F458.asm
                 TXB1EIDL   0x000f34       data     extern C:\MCC18\src\traditional\proc\p18F458.asm
             TXB1EIDLbits   0x000f34       data     extern C:\MCC18\src\traditional\proc\p18F458.asm
                 TXB1SIDH   0x000f31       data     extern C:\MCC18\src\traditional\proc\p18F458.asm
             TXB1SIDHbits   0x000f31       data     extern C:\MCC18\src\traditional\proc\p18F458.asm
                 TXB1SIDL   0x000f32       data     extern C:\MCC18\src\traditional\proc\p18F458.asm
             TXB1SIDLbits   0x000f32       data     extern C:\MCC18\src\traditional\proc\p18F458.asm
                  TXB2CON   0x000f20       data     extern C:\MCC18\src\traditional\proc\p18F458.asm
              TXB2CONbits   0x000f20       data     extern C:\MCC18\src\traditional\proc\p18F458.asm
                   TXB2D0   0x000f26       data     extern C:\MCC18\src\traditional\proc\p18F458.asm
               TXB2D0bits   0x000f26       data     extern C:\MCC18\src\traditional\proc\p18F458.asm
                   TXB2D1   0x000f27       data     extern C:\MCC18\src\traditional\proc\p18F458.asm
               TXB2D1bits   0x000f27       data     extern C:\MCC18\src\traditional\proc\p18F458.asm
                   TXB2D2   0x000f28       data     extern C:\MCC18\src\traditional\proc\p18F458.asm
               TXB2D2bits   0x000f28       data     extern C:\MCC18\src\traditional\proc\p18F458.asm
                   TXB2D3   0x000f29       data     extern C:\MCC18\src\traditional\proc\p18F458.asm
               TXB2D3bits   0x000f29       data     extern C:\MCC18\src\traditional\proc\p18F458.asm
                   TXB2D4   0x000f2a       data     extern C:\MCC18\src\traditional\proc\p18F458.asm
               TXB2D4bits   0x000f2a       data     extern C:\MCC18\src\traditional\proc\p18F458.asm
                   TXB2D5   0x000f2b       data     extern C:\MCC18\src\traditional\proc\p18F458.asm
               TXB2D5bits   0x000f2b       data     extern C:\MCC18\src\traditional\proc\p18F458.asm
                   TXB2D6   0x000f2c       data     extern C:\MCC18\src\traditional\proc\p18F458.asm
               TXB2D6bits   0x000f2c       data     extern C:\MCC18\src\traditional\proc\p18F458.asm
                   TXB2D7   0x000f2d       data     extern C:\MCC18\src\traditional\proc\p18F458.asm
               TXB2D7bits   0x000f2d       data     extern C:\MCC18\src\traditional\proc\p18F458.asm
                  TXB2DLC   0x000f25       data     extern C:\MCC18\src\traditional\proc\p18F458.asm
              TXB2DLCbits   0x000f25       data     extern C:\MCC18\src\traditional\proc\p18F458.asm
                 TXB2EIDH   0x000f23       data     extern C:\MCC18\src\traditional\proc\p18F458.asm
             TXB2EIDHbits   0x000f23       data     extern C:\MCC18\src\traditional\proc\p18F458.asm
                 TXB2EIDL   0x000f24       data     extern C:\MCC18\src\traditional\proc\p18F458.asm
             TXB2EIDLbits   0x000f24       data     extern C:\MCC18\src\traditional\proc\p18F458.asm
                 TXB2SIDH   0x000f21       data     extern C:\MCC18\src\traditional\proc\p18F458.asm
             TXB2SIDHbits   0x000f21       data     extern C:\MCC18\src\traditional\proc\p18F458.asm
                 TXB2SIDL   0x000f22       data     extern C:\MCC18\src\traditional\proc\p18F458.asm
             TXB2SIDLbits   0x000f22       data     extern C:\MCC18\src\traditional\proc\p18F458.asm
                 TXERRCNT   0x000f76       data     extern C:\MCC18\src\traditional\proc\p18F458.asm
             TXERRCNTbits   0x000f76       data     extern C:\MCC18\src\traditional\proc\p18F458.asm
                    TXREG   0x000fad       data     extern C:\MCC18\src\traditional\proc\p18F458.asm
                    TXSTA   0x000fac       data     extern C:\MCC18\src\traditional\proc\p18F458.asm
                TXSTAbits   0x000fac       data     extern C:\MCC18\src\traditional\proc\p18F458.asm
                        W   0x000fe8       data     extern C:\MCC18\src\traditional\proc\p18F458.asm
                   WDTCON   0x000fd1       data     extern C:\MCC18\src\traditional\proc\p18F458.asm
               WDTCONbits   0x000fd1       data     extern C:\MCC18\src\traditional\proc\p18F458.asm
                     WREG   0x000fe8       data     extern C:\MCC18\src\traditional\proc\p18F458.asm
                 __AARGB0   0x00003f       data     extern C:\MCC18\src\traditional\math\aarg.asm
                 __AARGB1   0x00003e       data     extern C:\MCC18\src\traditional\math\aarg.asm
                 __AARGB2   0x00003d       data     extern C:\MCC18\src\traditional\math\aarg.asm
                 __AARGB3   0x00003c       data     extern C:\MCC18\src\traditional\math\aarg.asm
                 __AARGB4   0x00003b       data     extern C:\MCC18\src\traditional\math\aarg.asm
                 __AARGB5   0x00003a       data     extern C:\MCC18\src\traditional\math\aarg.asm
                 __AARGB6   0x000039       data     extern C:\MCC18\src\traditional\math\aarg.asm
                 __AARGB7   0x000038       data     extern C:\MCC18\src\traditional\math\aarg.asm
                   __AEXP   0x000040       data     extern C:\MCC18\src\traditional\math\aarg.asm
                 __BARGB0   0x000044       data     extern C:\MCC18\src\traditional\math\barg.asm
                 __BARGB1   0x000043       data     extern C:\MCC18\src\traditional\math\barg.asm
                 __BARGB2   0x000042       data     extern C:\MCC18\src\traditional\math\barg.asm
                 __BARGB3   0x000041       data     extern C:\MCC18\src\traditional\math\barg.asm
                   __BEXP   0x000045       data     extern C:\MCC18\src\traditional\math\barg.asm
                __FPFLAGS   0x000047       data     extern C:\MCC18\src\traditional\math\cmath18.asm
            __FPFLAGSbits   0x000047       data     extern C:\MCC18\src\traditional\math\cmath18.asm
                  __REMB0   0x00003b       data     extern C:\MCC18\src\traditional\math\aarg.asm
                  __REMB1   0x00003a       data     extern C:\MCC18\src\traditional\math\aarg.asm
                  __REMB2   0x000039       data     extern C:\MCC18\src\traditional\math\aarg.asm
                  __REMB3   0x000038       data     extern C:\MCC18\src\traditional\math\aarg.asm
                   __TEMP   0x00004b       data     extern C:\MCC18\src\traditional\math\temparg.asm
                 __TEMPB0   0x00004b       data     extern C:\MCC18\src\traditional\math\temparg.asm
                 __TEMPB1   0x00004a       data     extern C:\MCC18\src\traditional\math\temparg.asm
                 __TEMPB2   0x000049       data     extern C:\MCC18\src\traditional\math\temparg.asm
                 __TEMPB3   0x000048       data     extern C:\MCC18\src\traditional\math\temparg.asm
                  __tmp_0   0x000000       data     static C:\MCC18\src\traditional\stdclib\atan.c
                  __tmp_0   0x000000       data     static C:\MCC18\src\traditional\stdclib\UnpkMath.c
                  __tmp_0   0x000000       data     static C:\MCC18\src\traditional\stdclib\cos.c
                  __tmp_0   0x000000       data     static C:\MCC18\src\traditional\stdclib\sincos.c
                  __tmp_0   0x000000       data     static C:\MCC18\src\traditional\stdclib\fabs.c
                  __tmp_0   0x000000       data     static C:\MCC18\src\traditional\stdclib\sin.c
                  __tmp_0   0x000000       data     static C:\MCC18\src\traditional\stdclib\sqrt.c
                  __tmp_0   0x000000       data     static C:\MCC18\src\traditional\stdclib\PackMath.c
                  __tmp_0   0x000000       data     static C:\MCC18\src\traditional\stdclib\ldexp.c
                  __tmp_0   0x000000       data     static C:\Users\hardik - admin\Desktop\final yr project codes and docs\two_motors_p_pos_xy_final\motor1\P_positive_continuous2\main1.c
                  __tmp_1   0x00004c       data     static C:\Users\hardik - admin\Desktop\final yr project codes and docs\two_motors_p_pos_xy_final\motor1\P_positive_continuous2\main1.c
                      cnt   0x00006b       data     extern C:\Users\hardik - admin\Desktop\final yr project codes and docs\two_motors_p_pos_xy_final\motor1\P_positive_continuous2\main1.c
                     cord   0x00006c       data     extern C:\Users\hardik - admin\Desktop\final yr project codes and docs\two_motors_p_pos_xy_final\motor1\P_positive_continuous2\main1.c
                curr_byte   0x0000db       data     static H:\ROYTEK\PIC18\PIC18F458\18F458 Demo Projects\LEDGLOW\c018i.c
               curr_entry   0x0000dd       data     static H:\ROYTEK\PIC18\PIC18F458\18F458 Demo Projects\LEDGLOW\c018i.c
                 data_ptr   0x0000df       data     static H:\ROYTEK\PIC18\PIC18F458\18F458 Demo Projects\LEDGLOW\c018i.c
                       ds   0x00009c       data     extern C:\Users\hardik - admin\Desktop\final yr project codes and docs\two_motors_p_pos_xy_final\motor1\P_positive_continuous2\main1.c
                   ds_app   0x00009e       data     extern C:\Users\hardik - admin\Desktop\final yr project codes and docs\two_motors_p_pos_xy_final\motor1\P_positive_continuous2\main1.c
               enter_cord   0x000076       data     extern C:\Users\hardik - admin\Desktop\final yr project codes and docs\two_motors_p_pos_xy_final\motor1\P_positive_continuous2\main1.c
                    errno   0x0000e2       data     extern C:\MCC18\src\traditional\stdclib\errno.c
                    error   0x000060       data     extern C:\Users\hardik - admin\Desktop\final yr project codes and docs\two_motors_p_pos_xy_final\motor1\P_positive_continuous2\main1.c
                    flag1   0x0000e4       data     extern C:\Users\hardik - admin\Desktop\final yr project codes and docs\two_motors_p_pos_xy_final\motor1\P_positive_continuous2\serial.c
                 fraction   0x0000c0       data     extern C:\Users\hardik - admin\Desktop\final yr project codes and docs\two_motors_p_pos_xy_final\motor1\P_positive_continuous2\main1.c
                fraction2   0x0000c4       data     extern C:\Users\hardik - admin\Desktop\final yr project codes and docs\two_motors_p_pos_xy_final\motor1\P_positive_continuous2\main1.c
          initial_message   0x000062       data     extern C:\Users\hardik - admin\Desktop\final yr project codes and docs\two_motors_p_pos_xy_final\motor1\P_positive_continuous2\main1.c
                       l1   0x0000a8       data     extern C:\Users\hardik - admin\Desktop\final yr project codes and docs\two_motors_p_pos_xy_final\motor1\P_positive_continuous2\main1.c
                       l2   0x0000ac       data     extern C:\Users\hardik - admin\Desktop\final yr project codes and docs\two_motors_p_pos_xy_final\motor1\P_positive_continuous2\main1.c
                      phi   0x0000cc       data     extern C:\Users\hardik - admin\Desktop\final yr project codes and docs\two_motors_p_pos_xy_final\motor1\P_positive_continuous2\main1.c
                     prom   0x0000d8       data     static H:\ROYTEK\PIC18\PIC18F458\18F458 Demo Projects\LEDGLOW\c018i.c
                     root   0x0000c8       data     extern C:\Users\hardik - admin\Desktop\final yr project codes and docs\two_motors_p_pos_xy_final\motor1\P_positive_continuous2\main1.c
                      sai   0x0000d0       data     extern C:\Users\hardik - admin\Desktop\final yr project codes and docs\two_motors_p_pos_xy_final\motor1\P_positive_continuous2\main1.c
                   theta1   0x0000b4       data     extern C:\Users\hardik - admin\Desktop\final yr project codes and docs\two_motors_p_pos_xy_final\motor1\P_positive_continuous2\main1.c
                  theta1c   0x0000b0       data     extern C:\Users\hardik - admin\Desktop\final yr project codes and docs\two_motors_p_pos_xy_final\motor1\P_positive_continuous2\main1.c
                   theta2   0x0000bc       data     extern C:\Users\hardik - admin\Desktop\final yr project codes and docs\two_motors_p_pos_xy_final\motor1\P_positive_continuous2\main1.c
                  theta2c   0x0000b8       data     extern C:\Users\hardik - admin\Desktop\final yr project codes and docs\two_motors_p_pos_xy_final\motor1\P_positive_continuous2\main1.c
            theta_current   0x000098       data     extern C:\Users\hardik - admin\Desktop\final yr project codes and docs\two_motors_p_pos_xy_final\motor1\P_positive_continuous2\main1.c
                theta_req   0x00009a       data     extern C:\Users\hardik - admin\Desktop\final yr project codes and docs\two_motors_p_pos_xy_final\motor1\P_positive_continuous2\main1.c
                       xc   0x0000a0       data     extern C:\Users\hardik - admin\Desktop\final yr project codes and docs\two_motors_p_pos_xy_final\motor1\P_positive_continuous2\main1.c
                       xv   0x0000d4       data     extern C:\Users\hardik - admin\Desktop\final yr project codes and docs\two_motors_p_pos_xy_final\motor1\P_positive_continuous2\main1.c
                       yc   0x0000a4       data     extern C:\Users\hardik - admin\Desktop\final yr project codes and docs\two_motors_p_pos_xy_final\motor1\P_positive_continuous2\main1.c



                              Symbols - Sorted by Address
                     Name    Address   Location    Storage File                     
[...]
                  CANSTAT   0x000f6e       data     extern C:\MCC18\src\traditional\proc\p18F458.asm
               CANCONbits   0x000f6f       data     extern C:\MCC18\src\traditional\proc\p18F458.asm
                   CANCON   0x000f6f       data     extern C:\MCC18\src\traditional\proc\p18F458.asm
              BRGCON1bits   0x000f70       data     extern C:\MCC18\src\traditional\proc\p18F458.asm
                  BRGCON1   0x000f70       data     extern C:\MCC18\src\traditional\proc\p18F458.asm
                  BRGCON2   0x000f71       data     extern C:\MCC18\src\traditional\proc\p18F458.asm
              BRGCON2bits   0x000f71       data     extern C:\MCC18\src\traditional\proc\p18F458.asm
                  BRGCON3   0x000f72       data     extern C:\MCC18\src\traditional\proc\p18F458.asm
              BRGCON3bits   0x000f72       data     extern C:\MCC18\src\traditional\proc\p18F458.asm
                   CIOCON   0x000f73       data     extern C:\MCC18\src\traditional\proc\p18F458.asm
               CIOCONbits   0x000f73       data     extern C:\MCC18\src\traditional\proc\p18F458.asm
                  COMSTAT   0x000f74       data     extern C:\MCC18\src\traditional\proc\p18F458.asm
              COMSTATbits   0x000f74       data     extern C:\MCC18\src\traditional\proc\p18F458.asm
                 RXERRCNT   0x000f75       data     extern C:\MCC18\src\traditional\proc\p18F458.asm
             RXERRCNTbits   0x000f75       data     extern C:\MCC18\src\traditional\proc\p18F458.asm
                 TXERRCNT   0x000f76       data     extern C:\MCC18\src\traditional\proc\p18F458.asm
             TXERRCNTbits   0x000f76       data     extern C:\MCC18\src\traditional\proc\p18F458.asm
                    PORTA   0x000f80       data     extern C:\MCC18\src\traditional\proc\p18F458.asm
                PORTAbits   0x000f80       data     extern C:\MCC18\src\traditional\proc\p18F458.asm
                PORTBbits   0x000f81       data     extern C:\MCC18\src\traditional\proc\p18F458.asm
                    PORTB   0x000f81       data     extern C:\MCC18\src\traditional\proc\p18F458.asm
                PORTCbits   0x000f82       data     extern C:\MCC18\src\traditional\proc\p18F458.asm
                    PORTC   0x000f82       data     extern C:\MCC18\src\traditional\proc\p18F458.asm
                PORTDbits   0x000f83       data     extern C:\MCC18\src\traditional\proc\p18F458.asm
                    PORTD   0x000f83       data     extern C:\MCC18\src\traditional\proc\p18F458.asm
                PORTEbits   0x000f84       data     extern C:\MCC18\src\traditional\proc\p18F458.asm
                    PORTE   0x000f84       data     extern C:\MCC18\src\traditional\proc\p18F458.asm
                 LATAbits   0x000f89       data     extern C:\MCC18\src\traditional\proc\p18F458.asm
                     LATA   0x000f89       data     extern C:\MCC18\src\traditional\proc\p18F458.asm
                 LATBbits   0x000f8a       data     extern C:\MCC18\src\traditional\proc\p18F458.asm
                     LATB   0x000f8a       data     extern C:\MCC18\src\traditional\proc\p18F458.asm
                 LATCbits   0x000f8b       data     extern C:\MCC18\src\traditional\proc\p18F458.asm
                     LATC   0x000f8b       data     extern C:\MCC18\src\traditional\proc\p18F458.asm
                     LATD   0x000f8c       data     extern C:\MCC18\src\traditional\proc\p18F458.asm
                 LATDbits   0x000f8c       data     extern C:\MCC18\src\traditional\proc\p18F458.asm
                 LATEbits   0x000f8d       data     extern C:\MCC18\src\traditional\proc\p18F458.asm
                     LATE   0x000f8d       data     extern C:\MCC18\src\traditional\proc\p18F458.asm
                    TRISA   0x000f92       data     extern C:\MCC18\src\traditional\proc\p18F458.asm
                     DDRA   0x000f92       data     extern C:\MCC18\src\traditional\proc\p18F458.asm
                 DDRAbits   0x000f92       data     extern C:\MCC18\src\traditional\proc\p18F458.asm
                TRISAbits   0x000f92       data     extern C:\MCC18\src\traditional\proc\p18F458.asm
                     DDRB   0x000f93       data     extern C:\MCC18\src\traditional\proc\p18F458.asm
                 DDRBbits   0x000f93       data     extern C:\MCC18\src\traditional\proc\p18F458.asm
                TRISBbits   0x000f93       data     extern C:\MCC18\src\traditional\proc\p18F458.asm
                    TRISB   0x000f93       data     extern C:\MCC18\src\traditional\proc\p18F458.asm
                     DDRC   0x000f94       data     extern C:\MCC18\src\traditional\proc\p18F458.asm
                    TRISC   0x000f94       data     extern C:\MCC18\src\traditional\proc\p18F458.asm
                 DDRCbits   0x000f94       data     extern C:\MCC18\src\traditional\proc\p18F458.asm
                TRISCbits   0x000f94       data     extern C:\MCC18\src\traditional\proc\p18F458.asm
                TRISDbits   0x000f95       data     extern C:\MCC18\src\traditional\proc\p18F458.asm
                     DDRD   0x000f95       data     extern C:\MCC18\src\traditional\proc\p18F458.asm
                 DDRDbits   0x000f95       data     extern C:\MCC18\src\traditional\proc\p18F458.asm
                    TRISD   0x000f95       data     extern C:\MCC18\src\traditional\proc\p18F458.asm
                TRISEbits   0x000f96       data     extern C:\MCC18\src\traditional\proc\p18F458.asm
                    TRISE   0x000f96       data     extern C:\MCC18\src\traditional\proc\p18F458.asm
                     DDRE   0x000f96       data     extern C:\MCC18\src\traditional\proc\p18F458.asm
                 DDREbits   0x000f96       data     extern C:\MCC18\src\traditional\proc\p18F458.asm
                     PIE1   0x000f9d       data     extern C:\MCC18\src\traditional\proc\p18F458.asm
                 PIE1bits   0x000f9d       data     extern C:\MCC18\src\traditional\proc\p18F458.asm
                 PIR1bits   0x000f9e       data     extern C:\MCC18\src\traditional\proc\p18F458.asm
                     PIR1   0x000f9e       data     extern C:\MCC18\src\traditional\proc\p18F458.asm
                     IPR1   0x000f9f       data     extern C:\MCC18\src\traditional\proc\p18F458.asm
                 IPR1bits   0x000f9f       data     extern C:\MCC18\src\traditional\proc\p18F458.asm
                     PIE2   0x000fa0       data     extern C:\MCC18\src\traditional\proc\p18F458.asm
                 PIE2bits   0x000fa0       data     extern C:\MCC18\src\traditional\proc\p18F458.asm
                     PIR2   0x000fa1       data     extern C:\MCC18\src\traditional\proc\p18F458.asm
                 PIR2bits   0x000fa1       data     extern C:\MCC18\src\traditional\proc\p18F458.asm
                     IPR2   0x000fa2       data     extern C:\MCC18\src\traditional\proc\p18F458.asm
                 IPR2bits   0x000fa2       data     extern C:\MCC18\src\traditional\proc\p18F458.asm
                 PIE3bits   0x000fa3       data     extern C:\MCC18\src\traditional\proc\p18F458.asm
                     PIE3   0x000fa3       data     extern C:\MCC18\src\traditional\proc\p18F458.asm
                     PIR3   0x000fa4       data     extern C:\MCC18\src\traditional\proc\p18F458.asm
                 PIR3bits   0x000fa4       data     extern C:\MCC18\src\traditional\proc\p18F458.asm
                 IPR3bits   0x000fa5       data     extern C:\MCC18\src\traditional\proc\p18F458.asm
                     IPR3   0x000fa5       data     extern C:\MCC18\src\traditional\proc\p18F458.asm
                   EECON1   0x000fa6       data     extern C:\MCC18\src\traditional\proc\p18F458.asm
               EECON1bits   0x000fa6       data     extern C:\MCC18\src\traditional\proc\p18F458.asm
                   EECON2   0x000fa7       data     extern C:\MCC18\src\traditional\proc\p18F458.asm
                   EEDATA   0x000fa8       data     extern C:\MCC18\src\traditional\proc\p18F458.asm
                    EEADR   0x000fa9       data     extern C:\MCC18\src\traditional\proc\p18F458.asm
                    RCSTA   0x000fab       data     extern C:\MCC18\src\traditional\proc\p18F458.asm
                RCSTAbits   0x000fab       data     extern C:\MCC18\src\traditional\proc\p18F458.asm
                TXSTAbits   0x000fac       data     extern C:\MCC18\src\traditional\proc\p18F458.asm
                    TXSTA   0x000fac       data     extern C:\MCC18\src\traditional\proc\p18F458.asm
                    TXREG   0x000fad       data     extern C:\MCC18\src\traditional\proc\p18F458.asm
                    RCREG   0x000fae       data     extern C:\MCC18\src\traditional\proc\p18F458.asm
                    SPBRG   0x000faf       data     extern C:\MCC18\src\traditional\proc\p18F458.asm
                    T3CON   0x000fb1       data     extern C:\MCC18\src\traditional\proc\p18F458.asm
                T3CONbits   0x000fb1       data     extern C:\MCC18\src\traditional\proc\p18F458.asm
                    TMR3L   0x000fb2       data     extern C:\MCC18\src\traditional\proc\p18F458.asm
                    TMR3H   0x000fb3       data     extern C:\MCC18\src\traditional\proc\p18F458.asm
                    CMCON   0x000fb4       data     extern C:\MCC18\src\traditional\proc\p18F458.asm
                CMCONbits   0x000fb4       data     extern C:\MCC18\src\traditional\proc\p18F458.asm
                   CVRCON   0x000fb5       data     extern C:\MCC18\src\traditional\proc\p18F458.asm
               CVRCONbits   0x000fb5       data     extern C:\MCC18\src\traditional\proc\p18F458.asm
               ECCPASbits   0x000fb6       data     extern C:\MCC18\src\traditional\proc\p18F458.asm
                   ECCPAS   0x000fb6       data     extern C:\MCC18\src\traditional\proc\p18F458.asm
             ECCP1DELbits   0x000fb7       data     extern C:\MCC18\src\traditional\proc\p18F458.asm
                 ECCP1DEL   0x000fb7       data     extern C:\MCC18\src\traditional\proc\p18F458.asm
                 ECCP1CON   0x000fba       data     extern C:\MCC18\src\traditional\proc\p18F458.asm
             ECCP1CONbits   0x000fba       data     extern C:\MCC18\src\traditional\proc\p18F458.asm
                  ECCPR1L   0x000fbb       data     extern C:\MCC18\src\traditional\proc\p18F458.asm
                   ECCPR1   0x000fbb       data     extern C:\MCC18\src\traditional\proc\p18F458.asm
                  ECCPR1H   0x000fbc       data     extern C:\MCC18\src\traditional\proc\p18F458.asm
              CCP1CONbits   0x000fbd       data     extern C:\MCC18\src\traditional\proc\p18F458.asm
                  CCP1CON   0x000fbd       data     extern C:\MCC18\src\traditional\proc\p18F458.asm
                   CCPR1L   0x000fbe       data     extern C:\MCC18\src\traditional\proc\p18F458.asm
                   CCPR1H   0x000fbf       data     extern C:\MCC18\src\traditional\proc\p18F458.asm
               ADCON1bits   0x000fc1       data     extern C:\MCC18\src\traditional\proc\p18F458.asm
                   ADCON1   0x000fc1       data     extern C:\MCC18\src\traditional\proc\p18F458.asm
               ADCON0bits   0x000fc2       data     extern C:\MCC18\src\traditional\proc\p18F458.asm
                   ADCON0   0x000fc2       data     extern C:\MCC18\src\traditional\proc\p18F458.asm
                   ADRESL   0x000fc3       data     extern C:\MCC18\src\traditional\proc\p18F458.asm
                    ADRES   0x000fc3       data     extern C:\MCC18\src\traditional\proc\p18F458.asm
                   ADRESH   0x000fc4       data     extern C:\MCC18\src\traditional\proc\p18F458.asm
              SSPCON2bits   0x000fc5       data     extern C:\MCC18\src\traditional\proc\p18F458.asm
                  SSPCON2   0x000fc5       data     extern C:\MCC18\src\traditional\proc\p18F458.asm
              SSPCON1bits   0x000fc6       data     extern C:\MCC18\src\traditional\proc\p18F458.asm
                  SSPCON1   0x000fc6       data     extern C:\MCC18\src\traditional\proc\p18F458.asm
              SSPSTATbits   0x000fc7       data     extern C:\MCC18\src\traditional\proc\p18F458.asm
                  SSPSTAT   0x000fc7       data     extern C:\MCC18\src\traditional\proc\p18F458.asm
                   SSPADD   0x000fc8       data     extern C:\MCC18\src\traditional\proc\p18F458.asm
                   SSPBUF   0x000fc9       data     extern C:\MCC18\src\traditional\proc\p18F458.asm
                    T2CON   0x000fca       data     extern C:\MCC18\src\traditional\proc\p18F458.asm
                T2CONbits   0x000fca       data     extern C:\MCC18\src\traditional\proc\p18F458.asm
                      PR2   0x000fcb       data     extern C:\MCC18\src\traditional\proc\p18F458.asm
                     TMR2   0x000fcc       data     extern C:\MCC18\src\traditional\proc\p18F458.asm
                    T1CON   0x000fcd       data     extern C:\MCC18\src\traditional\proc\p18F458.asm
                T1CONbits   0x000fcd       data     extern C:\MCC18\src\traditional\proc\p18F458.asm
                    TMR1L   0x000fce       data     extern C:\MCC18\src\traditional\proc\p18F458.asm
                    TMR1H   0x000fcf       data     extern C:\MCC18\src\traditional\proc\p18F458.asm
                 RCONbits   0x000fd0       data     extern C:\MCC18\src\traditional\proc\p18F458.asm
                     RCON   0x000fd0       data     extern C:\MCC18\src\traditional\proc\p18F458.asm
               WDTCONbits   0x000fd1       data     extern C:\MCC18\src\traditional\proc\p18F458.asm
                   WDTCON   0x000fd1       data     extern C:\MCC18\src\traditional\proc\p18F458.asm
               LVDCONbits   0x000fd2       data     extern C:\MCC18\src\traditional\proc\p18F458.asm
                   LVDCON   0x000fd2       data     extern C:\MCC18\src\traditional\proc\p18F458.asm
               OSCCONbits   0x000fd3       data     extern C:\MCC18\src\traditional\proc\p18F458.asm
                   OSCCON   0x000fd3       data     extern C:\MCC18\src\traditional\proc\p18F458.asm
                    T0CON   0x000fd5       data     extern C:\MCC18\src\traditional\proc\p18F458.asm
                T0CONbits   0x000fd5       data     extern C:\MCC18\src\traditional\proc\p18F458.asm
                    TMR0L   0x000fd6       data     extern C:\MCC18\src\traditional\proc\p18F458.asm
                    TMR0H   0x000fd7       data     extern C:\MCC18\src\traditional\proc\p18F458.asm
               STATUSbits   0x000fd8       data     extern C:\MCC18\src\traditional\proc\p18F458.asm
                   STATUS   0x000fd8       data     extern C:\MCC18\src\traditional\proc\p18F458.asm
                     FSR2   0x000fd9       data     extern C:\MCC18\src\traditional\proc\p18F458.asm
                    FSR2L   0x000fd9       data     extern C:\MCC18\src\traditional\proc\p18F458.asm
                    FSR2H   0x000fda       data     extern C:\MCC18\src\traditional\proc\p18F458.asm
                   PLUSW2   0x000fdb       data     extern C:\MCC18\src\traditional\proc\p18F458.asm
                  PREINC2   0x000fdc       data     extern C:\MCC18\src\traditional\proc\p18F458.asm
                 POSTDEC2   0x000fdd       data     extern C:\MCC18\src\traditional\proc\p18F458.asm
                 POSTINC2   0x000fde       data     extern C:\MCC18\src\traditional\proc\p18F458.asm
                    INDF2   0x000fdf       data     extern C:\MCC18\src\traditional\proc\p18F458.asm
                      BSR   0x000fe0       data     extern C:\MCC18\src\traditional\proc\p18F458.asm
                     FSR1   0x000fe1       data     extern C:\MCC18\src\traditional\proc\p18F458.asm
                    FSR1L   0x000fe1       data     extern C:\MCC18\src\traditional\proc\p18F458.asm
                    FSR1H   0x000fe2       data     extern C:\MCC18\src\traditional\proc\p18F458.asm
                   PLUSW1   0x000fe3       data     extern C:\MCC18\src\traditional\proc\p18F458.asm
                  PREINC1   0x000fe4       data     extern C:\MCC18\src\traditional\proc\p18F458.asm
                 POSTDEC1   0x000fe5       data     extern C:\MCC18\src\traditional\proc\p18F458.asm
                 POSTINC1   0x000fe6       data     extern C:\MCC18\src\traditional\proc\p18F458.asm
                    INDF1   0x000fe7       data     extern C:\MCC18\src\traditional\proc\p18F458.asm
                     WREG   0x000fe8       data     extern C:\MCC18\src\traditional\proc\p18F458.asm
                        W   0x000fe8       data     extern C:\MCC18\src\traditional\proc\p18F458.asm
                    FSR0L   0x000fe9       data     extern C:\MCC18\src\traditional\proc\p18F458.asm
                     FSR0   0x000fe9       data     extern C:\MCC18\src\traditional\proc\p18F458.asm
                    FSR0H   0x000fea       data     extern C:\MCC18\src\traditional\proc\p18F458.asm
                   PLUSW0   0x000feb       data     extern C:\MCC18\src\traditional\proc\p18F458.asm
                  PREINC0   0x000fec       data     extern C:\MCC18\src\traditional\proc\p18F458.asm
                 POSTDEC0   0x000fed       data     extern C:\MCC18\src\traditional\proc\p18F458.asm
                 POSTINC0   0x000fee       data     extern C:\MCC18\src\traditional\proc\p18F458.asm
                    INDF0   0x000fef       data     extern C:\MCC18\src\traditional\proc\p18F458.asm
              INTCON3bits   0x000ff0       data     extern C:\MCC18\src\traditional\proc\p18F458.asm
                  INTCON3   0x000ff0       data     extern C:\MCC18\src\traditional\proc\p18F458.asm
                  INTCON2   0x000ff1       data     extern C:\MCC18\src\traditional\proc\p18F458.asm
              INTCON2bits   0x000ff1       data     extern C:\MCC18\src\traditional\proc\p18F458.asm
               INTCONbits   0x000ff2       data     extern C:\MCC18\src\traditional\proc\p18F458.asm
                   INTCON   0x000ff2       data     extern C:\MCC18\src\traditional\proc\p18F458.asm
                     PROD   0x000ff3       data     extern C:\MCC18\src\traditional\proc\p18F458.asm
                    PRODL   0x000ff3       data     extern C:\MCC18\src\traditional\proc\p18F458.asm
                    PRODH   0x000ff4       data     extern C:\MCC18\src\traditional\proc\p18F458.asm
                   TABLAT   0x000ff5       data     extern C:\MCC18\src\traditional\proc\p18F458.asm
                   TBLPTR   0x000ff6       data     extern C:\MCC18\src\traditional\proc\p18F458.asm
                  TBLPTRL   0x000ff6       data     extern C:\MCC18\src\traditional\proc\p18F458.asm
                  TBLPTRH   0x000ff7       data     extern C:\MCC18\src\traditional\proc\p18F458.asm
                  TBLPTRU   0x000ff8       data     extern C:\MCC18\src\traditional\proc\p18F458.asm
                      PCL   0x000ff9       data     extern C:\MCC18\src\traditional\proc\p18F458.asm
                       PC   0x000ff9       data     extern C:\MCC18\src\traditional\proc\p18F458.asm
                   PCLATH   0x000ffa       data     extern C:\MCC18\src\traditional\proc\p18F458.asm
                   PCLATU   0x000ffb       data     extern C:\MCC18\src\traditional\proc\p18F458.asm
               STKPTRbits   0x000ffc       data     extern C:\MCC18\src\traditional\proc\p18F458.asm
                   STKPTR   0x000ffc       data     extern C:\MCC18\src\traditional\proc\p18F458.asm
                      TOS   0x000ffd       data     extern C:\MCC18\src\traditional\proc\p18F458.asm
                     TOSL   0x000ffd       data     extern C:\MCC18\src\traditional\proc\p18F458.asm
                     TOSH   0x000ffe       data     extern C:\MCC18\src\traditional\proc\p18F458.asm
                     TOSU   0x000fff       data     extern C:\MCC18\src\traditional\proc\p18F458.asm


