HI-TECH Software C Compiler 

Linker command line:

--edf=C:\Program Files (x86)\HI-TECH Software\PICC\9.80\dat\en_msgs.txt -cs \
  -h+LCD Interfacing.sym -z -Q16F877A -ol.obj -MLCD Interfacing.map -E1 \
  -ACONST=00h-0FFhx32 -ACODE=00h-07FFhx4 -ASTRCODE=00h-01FFFh \
  -AENTRY=00h-0FFhx32 -ASTRING=00h-0FFhx32 -ABANK0=020h-06Fh \
  -ABANK1=0A0h-0EFh -ABANK2=0110h-016Fh -ABANK3=0190h-01EFh \
  -ARAM=020h-06Fh,0A0h-0EFh,0110h-016Fh,0190h-01EFh \
  -AABS1=020h-07Fh,0A0h-0EFh,0110h-016Fh,0190h-01EFh -ACOMMON=070h-07Fh \
  -ASFR0=00h-01Fh -ASFR1=080h-09Fh -ASFR2=0100h-010Fh -ASFR3=0180h-018Fh \
  -preset_vec=00h,intentry,init,end_init -ppowerup=CODE -pfunctab=CODE \
  -ACONFIG=02007h-02007h -pconfig=CONFIG -DCONFIG=2 -AIDLOC=02000h-02003h \
  -pidloc=IDLOC -DIDLOC=2 -AEEDATA=00h-0FFh/02100h -peeprom_data=EEDATA \
  -DEEDATA=2 -DCODE=2 -DSTRCODE=2 -DSTRING=2 -DCONST=2 -DENTRY=2 -k \
  startup.obj LCD Interfacing.obj 

Object code version is 3.10

Machine type is 16F877A



                Name                               Link     Load   Length Selector   Space Scale
startup.obj     end_init                              0        0        3        0       0
LCD Interfacing.obj
                config                             2007     2007        1     400E       0
                text446                             BEA      BEA       1F     17D4       0
                text445                             BBD      BBD       12     177A       0
                text444                             B86      B86        C     170C       0
                text443                             B9E      B9E        E     173C       0
                text442                             C2A      C2A       2C     1854       0
                text441                             E60      E60       7B     1CC0       0
                text440                             F5C      F5C       A4     1EB8       0
                text439                             DE7      DE7       79     1BCE       0
                text438                             B92      B92        C     1724       0
                text437                              AA       AA       6C      154       0
                text436                             D7D      D7D       6A     1AFA       0
                text435                             B7B      B7B        B     16F6       0
                text434                             C09      C09       21     1812       0
                text433                             EDB      EDB       81     1DB6       0
                text432                             377      377      14A      6EE       0
                text431                             1C3      1C3       C6      386       0
                text430                             289      289       EE      512       0
                text429                             C56      C56       2E     18AC       0
                text428                             BCF      BCF       1B     179E       0
                text427                             116      116       AD      22C       0
                text426                             4C1      4C1      170      982       0
                maintext                            631      631      1CF      C62       0
                cstackBANK0                          20       20       3A       20       1
                cstackCOMMON                         70       70        E       70       1
                inittext                            BAC      BAC       11     1758       0
                dataBANK2                           110      110       45      110       1
                dataBANK3                           190      190       3F      190       1
                dataBANK1                            A0       A0       32       A0       1
                dataBANK0                            63       63        7       20       1
                bssBANK0                             5A       5A        9       20       1
                cinit                               CF5      CF5       43     19EA       0
                strings                               3        3       A5        6       0
                idataBANK1                          C84      C84       32     1908       0
                idataBANK3                          CB6      CB6       3F     196C       0
                idataBANK2                          D38      D38       45     1A70       0
                idataBANK0                          B74      B74        7     16E8       0

TOTAL           Name                               Link     Load   Length     Space
        CLASS   CONST          

        CLASS   CODE           
                end_init                              0        0        3         0
                text446                             BEA      BEA       1F         0
                text445                             BBD      BBD       12         0
                text444                             B86      B86        C         0
                text443                             B9E      B9E        E         0
                text442                             C2A      C2A       2C         0
                text441                             E60      E60       7B         0
                text440                             F5C      F5C       A4         0
                text439                             DE7      DE7       79         0
                text438                             B92      B92        C         0
                text437                              AA       AA       6C         0
                text436                             D7D      D7D       6A         0
                text435                             B7B      B7B        B         0
                text434                             C09      C09       21         0
                text433                             EDB      EDB       81         0
                text432                             377      377      14A         0
                text431                             1C3      1C3       C6         0
                text430                             289      289       EE         0
                text429                             C56      C56       2E         0
                text428                             BCF      BCF       1B         0
                text427                             116      116       AD         0
                text426                             4C1      4C1      170         0
                maintext                            631      631      1CF         0
                inittext                            BAC      BAC       11         0
                cinit                               CF5      CF5       43         0
                idataBANK1                          C84      C84       32         0
                idataBANK3                          CB6      CB6       3F         0
                idataBANK2                          D38      D38       45         0
                idataBANK0                          B74      B74        7         0

        CLASS   STRCODE        

        CLASS   ENTRY          

        CLASS   STRING         
                strings                               3        3       A5         0

        CLASS   BANK0          
                cstackBANK0                          20       20       3A         1
                dataBANK0                            63       63        7         1
                bssBANK0                             5A       5A        9         1

        CLASS   BANK1          
                dataBANK1                            A0       A0       32         1

        CLASS   BANK2          
                dataBANK2                           110      110       45         1

        CLASS   BANK3          
                dataBANK3                           190      190       3F         1

        CLASS   RAM            

        CLASS   ABS1           
                abs_s1                               7E       7E        2         1

        CLASS   COMMON         
                cstackCOMMON                         70       70        E         1

        CLASS   SFR0           

        CLASS   SFR1           

        CLASS   SFR2           

        CLASS   SFR3           

        CLASS   CONFIG         
                config                             2007     2007        1         0

        CLASS   IDLOC          

        CLASS   EEDATA         



SEGMENTS        Name                           Load    Length   Top    Selector   Space  Class     Delta

                reset_vec                      000000  000003  000003         0       0  CODE        2
                strings                        000003  0000A5  0000A8         6       0  STRING      2
                cstackBANK0                    000020  00004A  00006A        20       1  BANK0       1
                cstackCOMMON                   000070  00000E  00007E        70       1  COMMON      1
                dataBANK1                      0000A0  000032  0000D2        A0       1  BANK1       1
                dataBANK2                      000110  000045  000155       110       1  BANK2       1
                text437                        0000AA  00006C  000116       154       0  CODE        2
                dataBANK3                      000190  00003F  0001CF       190       1  BANK3       1
                text427                        000116  0000AD  0001C3       22C       0  CODE        2
                text431                        0001C3  0000C6  000289       386       0  CODE        2
                text430                        000289  0000EE  000377       512       0  CODE        2
                text432                        000377  00014A  0004C1       6EE       0  CODE        2
                text426                        0004C1  000170  000631       982       0  CODE        2
                maintext                       000631  0001CF  000800       C62       0  CODE        2
                idataBANK0                     000B74  000007  000B7B      16E8       0  CODE        2
                text435                        000B7B  00000B  000B86      16F6       0  CODE        2
                text444                        000B86  00000C  000B92      170C       0  CODE        2
                text438                        000B92  00000C  000B9E      1724       0  CODE        2
                text443                        000B9E  00000E  000BAC      173C       0  CODE        2
                inittext                       000BAC  000011  000BBD      1758       0  CODE        2
                text445                        000BBD  000012  000BCF      177A       0  CODE        2
                text428                        000BCF  00001B  000BEA      179E       0  CODE        2
                text446                        000BEA  00001F  000C09      17D4       0  CODE        2
                text434                        000C09  000021  000C2A      1812       0  CODE        2
                text442                        000C2A  00002C  000C56      1854       0  CODE        2
                text429                        000C56  00002E  000C84      18AC       0  CODE        2
                idataBANK1                     000C84  000032  000CB6      1908       0  CODE        2
                idataBANK3                     000CB6  00003F  000CF5      196C       0  CODE        2
                cinit                          000CF5  000043  000D38      19EA       0  CODE        2
                idataBANK2                     000D38  000045  000D7D      1A70       0  CODE        2
                text436                        000D7D  00006A  000DE7      1AFA       0  CODE        2
                text439                        000DE7  000079  000E60      1BCE       0  CODE        2
                text441                        000E60  00007B  000EDB      1CC0       0  CODE        2
                text433                        000EDB  000081  000F5C      1DB6       0  CODE        2
                text440                        000F5C  0000A4  001000      1EB8       0  CODE        2
                config                         002007  000001  002008      400E       0  CONFIG      2


UNUSED ADDRESS RANGES

        Name                Unused          Largest block    Delta
        BANK0            006A-006F              6           1
        BANK1            00D2-00EF             1E           1
        BANK2            0155-016F             1B           1
        BANK3            01CF-01EF             21           1
        CODE             00A8-00A9              2           2
                         0800-0B73            374
                         1000-1FFF            800
        CONST            00A8-00A9              2           2
                         0800-0B73            100
                         1000-1FFF            100
        EEDATA           2100-21FF            100           2
        ENTRY            00A8-00A9              2           2
                         0800-0B73            100
                         1000-1FFF            100
        IDLOC            2000-2003              4           2
        RAM              006A-006F              6           1
                         00D2-00EF             1E
                         0155-016F             1B
                         01CF-01EF             21
        SFR0             0000-001F             20           1
        SFR1             0080-009F             20           1
        SFR2             0100-010F             10           1
        SFR3             0180-018F             10           1
        STRCODE          00A8-00A9              2           2
                         0800-0B73            374
                         1000-1FFF           1000
        STRING           00A8-00A9              2           2
                         0800-0B73            100
                         1000-1FFF            100

                                  Symbol Table

??_ADCInitialize                        cstackCOMMON 0070
??_ADCReadData                          cstackBANK0  0043
??_Delay                                cstackCOMMON 0072
??_InitializeSerialCommunication        cstackCOMMON 0070
??_MainSystemInitialize                 cstackCOMMON 0070
??_SendByteSerially                     cstackCOMMON 0070
??_SendFloatSerially                    cstackBANK0  0043
??_SendIntegerSerially                  cstackCOMMON 007B
??_SendStringSerially                   cstackCOMMON 0071
??___awdiv                              cstackCOMMON 0074
??___awmod                              cstackCOMMON 0074
??___awtoft                             cstackBANK0  0020
??___ftadd                              cstackBANK0  0029
??___ftdiv                              cstackBANK0  0020
??___ftge                               cstackCOMMON 0076
??___ftmul                              cstackBANK0  0036
??___ftneg                              cstackCOMMON 007B
??___ftpack                             cstackCOMMON 0075
??___fttol                              cstackCOMMON 0074
??___lwtoft                             cstackCOMMON 007B
??___wmul                               cstackCOMMON 0074
??_main                                 cstackBANK0  0054
?_ADCInitialize                         cstackCOMMON 0070
?_ADCReadData                           cstackBANK0  0040
?_Delay                                 cstackCOMMON 0070
?_InitializeSerialCommunication         cstackCOMMON 0070
?_MainSystemInitialize                  cstackCOMMON 0070
?_SendByteSerially                      cstackCOMMON 0070
?_SendFloatSerially                     cstackBANK0  0040
?_SendIntegerSerially                   cstackCOMMON 0079
?_SendStringSerially                    cstackCOMMON 0070
?___awdiv                               cstackCOMMON 0070
?___awmod                               cstackCOMMON 0070
?___awtoft                              cstackCOMMON 007B
?___ftadd                               cstackBANK0  0023
?___ftdiv                               cstackCOMMON 0078
?___ftge                                cstackCOMMON 0070
?___ftmul                               cstackBANK0  0030
?___ftneg                               cstackCOMMON 0078
?___ftpack                              cstackCOMMON 0070
?___fttol                               cstackCOMMON 0070
?___lwtoft                              cstackCOMMON 0078
?___wmul                                cstackCOMMON 0070
?_main                                  cstackCOMMON 0070
ADCReadData@ChannelNumber               cstackBANK0  0050
ADCReadData@c                           cstackBANK0  004C
ADCReadData@f                           cstackBANK0  0045
ADCReadData@p                           cstackBANK0  0051
ADCReadData@x                           cstackBANK0  0048
ADCReadData@y                           cstackBANK0  004A
ADCReadData@z                           cstackBANK0  004E
Delay@pause                             cstackCOMMON 0073
Delay@time                              cstackCOMMON 0070
SendByteSerially@byte                   cstackCOMMON 0070
SendFloatSerially@FloatNumber           cstackBANK0  0040
SendFloatSerially@Temp                  cstackBANK0  004B
SendFloatSerially@c                     cstackBANK0  0044
SendFloatSerially@i                     cstackBANK0  004D
SendFloatSerially@n                     cstackBANK0  004E
SendIntegerSerially@IntegerNumber       cstackCOMMON 0079
SendIntegerSerially@c                   cstackBANK0  0020
SendIntegerSerially@i                   cstackBANK0  0026
SendStringSerially@serial_string        cstackCOMMON 0072
_ADCInitialize                          text445      0BBD
_ADCON0                                 (abs)        001F
_ADCReadData                            text427      0116
_ADCS0                                  (abs)        00FE
_ADCS1                                  (abs)        00FF
_ADCS2                                  (abs)        04FE
_ADFM                                   (abs)        04FF
_ADON                                   (abs)        00F8
_ADRESH                                 (abs)        001E
_ADRESL                                 (abs)        009E
_AT                                     dataBANK1    00A0
_AT0                                    dataBANK1    00BA
_AT1                                    dataBANK3    01B0
_AT2                                    dataBANK1    00CA
_AT3                                    dataBANK0    0063
_Delay                                  text446      0BEA
_HYS_Err                                dataBANK3    0190
_InitializeSerialCommunication          text443      0B9E
_MainSystemInitialize                   text435      0B7B
_PCFG0                                  (abs)        04F8
_PCFG1                                  (abs)        04F9
_PCFG2                                  (abs)        04FA
_PCFG3                                  (abs)        04FB
_PORTE                                  (abs)        0009
_RCIF                                   (abs)        0065
_RCREG                                  (abs)        001A
_RCSTA                                  (abs)        0018
_RE0                                    (abs)        0048
_RE1                                    (abs)        0049
_SPBRG                                  (abs)        0099
_SYNC                                   (abs)        04C4
_SendByteSerially                       text444      0B86
_SendFloatSerially                      text426      04C1
_SendFloatSerially$1278                 cstackBANK0  0048
_SendIntegerSerially                    text433      0EDB
_SendStringSerially                     text434      0C09
_TH_Err                                 dataBANK2    0110
_THigh                                  bssBANK0     005A
_TL_Err                                 dataBANK2    0133
_TLow                                   bssBANK0     005E
_TRISE                                  (abs)        0089
_TXIF                                   (abs)        0064
_TXREG                                  (abs)        0019
_TXSTA                                  (abs)        0098
__Habs1                                 abs1         0000
__Hbank0                                bank0        0000
__Hbank1                                bank1        0000
__Hbank2                                bank2        0000
__Hbank3                                bank3        0000
__HbssBANK0                             bssBANK0     0000
__Hcinit                                cinit        0000
__Hclrtext                              clrtext      0000
__Hcode                                 code         0000
__Hcommon                               common       0000
__Hconfig                               config       2008
__HcstackBANK0                          cstackBANK0  0000
__HcstackCOMMON                         cstackCOMMON 0000
__HdataBANK0                            dataBANK0    0000
__HdataBANK1                            dataBANK1    0000
__HdataBANK2                            dataBANK2    0000
__HdataBANK3                            dataBANK3    0000
__Heeprom_data                          eeprom_data  0000
__Hend_init                             end_init     0003
__Hfunctab                              functab      0000
__HidataBANK0                           idataBANK0   0000
__HidataBANK1                           idataBANK1   0000
__HidataBANK2                           idataBANK2   0000
__HidataBANK3                           idataBANK3   0000
__Hidloc                                idloc        0000
__Hinit                                 init         0000
__Hinittext                             inittext     0000
__Hintentry                             intentry     0000
__Hmaintext                             maintext     0000
__Hpowerup                              powerup      0000
__Hram                                  ram          0000
__Hreset_vec                            reset_vec    0000
__Hsfr0                                 sfr0         0000
__Hsfr1                                 sfr1         0000
__Hsfr2                                 sfr2         0000
__Hsfr3                                 sfr3         0000
__Hstrings                              strings      0000
__Htext                                 text         0000
__Labs1                                 abs1         0000
__Lbank0                                bank0        0000
__Lbank1                                bank1        0000
__Lbank2                                bank2        0000
__Lbank3                                bank3        0000
__LbssBANK0                             bssBANK0     0000
__Lcinit                                cinit        0000
__Lclrtext                              clrtext      0000
__Lcode                                 code         0000
__Lcommon                               common       0000
__Lconfig                               config       2007
__LcstackBANK0                          cstackBANK0  0000
__LcstackCOMMON                         cstackCOMMON 0000
__LdataBANK0                            dataBANK0    0000
__LdataBANK1                            dataBANK1    0000
__LdataBANK2                            dataBANK2    0000
__LdataBANK3                            dataBANK3    0000
__Leeprom_data                          eeprom_data  0000
__Lend_init                             end_init     0000
__Lfunctab                              functab      0000
__LidataBANK0                           idataBANK0   0000
__LidataBANK1                           idataBANK1   0000
__LidataBANK2                           idataBANK2   0000
__LidataBANK3                           idataBANK3   0000
__Lidloc                                idloc        0000
__Linit                                 init         0000
__Linittext                             inittext     0000
__Lintentry                             intentry     0000
__Lmaintext                             maintext     0000
__Lpowerup                              powerup      0000
__Lram                                  ram          0000
__Lreset_vec                            reset_vec    0000
__Lsfr0                                 sfr0         0000
__Lsfr1                                 sfr1         0000
__Lsfr2                                 sfr2         0000
__Lsfr3                                 sfr3         0000
__Lstrings                              strings      0000
__Ltext                                 text         0000
__S0                                    (abs)        2008
__S1                                    (abs)        01CF
__S2                                    (abs)        0000
___awdiv                                text439      0DE7
___awdiv@counter                        cstackCOMMON 0075
___awdiv@dividend                       cstackCOMMON 0072
___awdiv@divisor                        cstackCOMMON 0070
___awdiv@quotient                       cstackCOMMON 0077
___awdiv@sign                           cstackCOMMON 0076
___awmod                                text436      0D7D
___awmod@counter                        cstackCOMMON 0075
___awmod@dividend                       cstackCOMMON 0072
___awmod@divisor                        cstackCOMMON 0070
___awmod@sign                           cstackCOMMON 0076
___awtoft                               text429      0C56
___awtoft@c                             cstackCOMMON 007B
___awtoft@sign                          cstackBANK0  0022
___ftadd                                text432      0377
___ftadd@exp1                           cstackBANK0  002F
___ftadd@exp2                           cstackBANK0  002E
___ftadd@f1                             cstackBANK0  0023
___ftadd@f2                             cstackBANK0  0026
___ftadd@sign                           cstackBANK0  002D
___ftdiv                                text431      01C3
___ftdiv@cntr                           cstackBANK0  0024
___ftdiv@exp                            cstackBANK0  0028
___ftdiv@f1                             cstackCOMMON 007B
___ftdiv@f2                             cstackCOMMON 0078
___ftdiv@f3                             cstackBANK0  0025
___ftdiv@sign                           cstackBANK0  0029
___ftge                                 text437      00AA
___ftge@ff1                             cstackCOMMON 0070
___ftge@ff2                             cstackCOMMON 0073
___ftmul                                text430      0289
___ftmul@cntr                           cstackBANK0  003E
___ftmul@exp                            cstackBANK0  003A
___ftmul@f1                             cstackBANK0  0030
___ftmul@f2                             cstackBANK0  0033
___ftmul@f3_as_product                  cstackBANK0  003B
___ftmul@sign                           cstackBANK0  003F
___ftneg                                text438      0B92
___ftneg@f1                             cstackCOMMON 0078
___ftpack                               text441      0E60
___ftpack@arg                           cstackCOMMON 0070
___ftpack@exp                           cstackCOMMON 0073
___ftpack@sign                          cstackCOMMON 0074
___fttol                                text440      0F5C
___fttol@exp1                           cstackCOMMON 007D
___fttol@f1                             cstackCOMMON 0070
___fttol@lval                           cstackCOMMON 0079
___fttol@sign1                          cstackCOMMON 0078
___lwtoft                               text428      0BCF
___lwtoft@c                             cstackCOMMON 0078
___wmul                                 text442      0C2A
___wmul@multiplicand                    cstackCOMMON 0072
___wmul@multiplier                      cstackCOMMON 0070
___wmul@product                         cstackCOMMON 0074
__end_of_ADCInitialize                  text445      0BCF
__end_of_ADCReadData                    text427      01C3
__end_of_Delay                          text446      0C09
__end_of_InitializeSerialCommunication  text443      0BAC
__end_of_MainSystemInitialize           text435      0B86
__end_of_SendByteSerially               text444      0B92
__end_of_SendFloatSerially              text426      0631
__end_of_SendIntegerSerially            text433      0F5C
__end_of_SendStringSerially             text434      0C2A
__end_of___awdiv                        text439      0E60
__end_of___awmod                        text436      0DE7
__end_of___awtoft                       text429      0C84
__end_of___ftadd                        text432      04C1
__end_of___ftdiv                        text431      0289
__end_of___ftge                         text437      0116
__end_of___ftmul                        text430      0377
__end_of___ftneg                        text438      0B9E
__end_of___ftpack                       text441      0EDB
__end_of___fttol                        text440      1000
__end_of___lwtoft                       text428      0BEA
__end_of___wmul                         text442      0C56
__end_of_main                           maintext     0800
__pbssBANK0                             bssBANK0     005A
__pcstackBANK0                          cstackBANK0  0020
__pcstackCOMMON                         cstackCOMMON 0070
__pdataBANK0                            dataBANK0    0063
__pdataBANK1                            dataBANK1    00A0
__pdataBANK2                            dataBANK2    0110
__pdataBANK3                            dataBANK3    0190
__pidataBANK0                           idataBANK0   0B74
__pidataBANK1                           idataBANK1   0C84
__pidataBANK2                           idataBANK2   0D38
__pidataBANK3                           idataBANK3   0CB6
__pmaintext                             maintext     0631
__pstrings                              strings      0003
__ptext426                              text426      04C1
__ptext427                              text427      0116
__ptext428                              text428      0BCF
__ptext429                              text429      0C56
__ptext430                              text430      0289
__ptext431                              text431      01C3
__ptext432                              text432      0377
__ptext433                              text433      0EDB
__ptext434                              text434      0C09
__ptext435                              text435      0B7B
__ptext436                              text436      0D7D
__ptext437                              text437      00AA
__ptext438                              text438      0B92
__ptext439                              text439      0DE7
__ptext440                              text440      0F5C
__ptext441                              text441      0E60
__ptext442                              text442      0C2A
__ptext443                              text443      0B9E
__ptext444                              text444      0B86
__ptext445                              text445      0BBD
__ptext446                              text446      0BEA
__ptext447                              text447      0000
__size_of_ADCInitialize                 (abs)        0000
__size_of_ADCReadData                   (abs)        0000
__size_of_Delay                         (abs)        0000
__size_of_InitializeSerialCommunication (abs)        0000
__size_of_MainSystemInitialize          (abs)        0000
__size_of_SendByteSerially              (abs)        0000
__size_of_SendFloatSerially             (abs)        0000
__size_of_SendIntegerSerially           (abs)        0000
__size_of_SendStringSerially            (abs)        0000
__size_of___awdiv                       (abs)        0000
__size_of___awmod                       (abs)        0000
__size_of___awtoft                      (abs)        0000
__size_of___ftadd                       (abs)        0000
__size_of___ftdiv                       (abs)        0000
__size_of___ftge                        (abs)        0000
__size_of___ftmul                       (abs)        0000
__size_of___ftneg                       (abs)        0000
__size_of___ftpack                      (abs)        0000
__size_of___fttol                       (abs)        0000
__size_of___lwtoft                      (abs)        0000
__size_of___wmul                        (abs)        0000
__size_of_main                          (abs)        0000
_exit                                   init         0000
_flag1                                  bssBANK0     0062
_main                                   maintext     0631
btemp                                   (abs)        007E
end_of_initialization                   cinit        0D34
init_fetch                              inittext     0BAC
init_ram                                inittext     0BB0
intlevel0                               functab      0000
intlevel1                               functab      0000
intlevel2                               functab      0000
intlevel3                               functab      0000
intlevel4                               functab      0000
intlevel5                               functab      0000
main@temp                               cstackBANK0  0057
main@temp1                              cstackBANK0  0055
reset_vec                               reset_vec    0000
start                                   init         0000
start_initialization                    cinit        0CF5
wtemp0                                  (abs)        007E
